debug2: fd 7 setting O_NONBLOCK
debug1: Bind to port 2222 on 0.0.0.0.
Server listening on 0.0.0.0 port 2222.
debug1: fd 8 clearing O_NONBLOCK
debug2: fd 9 setting O_NONBLOCK
debug1: Forked child 47513.
debug1: rexec start in 8 out 8 newsock 8 config_s 9/10
debug1: sshd-session version OpenSSH_10.3, LibreSSL 3.3.6
debug2: server_accept_loop: child 47513 for connection from 127.0.0.1 to 127.0.0.1 received config
debug1: network sockets: 9, 9
debug2: fd 9 setting TCP_NODELAY
debug3: set_sock_tos: set socket 9 IP_TOS 0xb8
debug3: server_process_channel_timeouts: setting 0 timeouts
debug3: channel_clear_timeouts: clearing
debug3: BSM audit: connection from 127.0.0.1 port 63980
debug3: BSM audit: iptype 4 machine ID 0100007f 00000000 00000000 00000000
Connection from 127.0.0.1 port 63980 on 127.0.0.1 port 2222
debug2: fd 9 setting O_NONBLOCK
debug2: Network child is on pid 47514
debug3: preauth child monitor started
debug3: mm_request_receive: entering
debug3: monitor_read: checking request 51
debug1: mm_answer_state: config len 555
debug3: mm_request_send: entering, type 52
debug3: mm_answer_state: done
debug2: monitor_read: 51 used once, disabling now
debug1: sshd-auth version OpenSSH_10.3, LibreSSL 3.3.6 [preauth]
debug3: server_process_channel_timeouts: setting 0 timeouts [preauth]
debug3: channel_clear_timeouts: clearing [preauth]
debug3: fd 5 is O_NONBLOCK [preauth]
debug3: ssh_sandbox_init: preparing Darwin sandbox [preauth]
debug3: ssh_sandbox_child: starting Darwin sandbox [preauth]
debug1: list_hostkey_types: ssh-ed25519 [preauth]
debug1: Local version string SSH-2.0-OpenSSH_10.3 [preauth]
debug1: Remote protocol version 2.0, remote software version VirelaiOS_1.0 [preauth]
debug1: compat_banner: no match: VirelaiOS_1.0 [preauth]
debug3: mm_sshkey_setcompat: entering [preauth]
debug3: mm_request_send: entering, type 18 [preauth]
debug3: send packet: type 20 [preauth]
debug1: SSH2_MSG_KEXINIT sent [preauth]
debug3: mm_request_receive: entering
debug3: monitor_read: checking request 18
debug3: mm_answer_setcompat: entering
debug2: monitor_read: 18 used once, disabling now
debug3: receive packet: type 20 [preauth]
debug1: SSH2_MSG_KEXINIT received [preauth]
debug2: local server KEXINIT proposal [preauth]
debug2: KEX algorithms: mlkem768x25519-sha256,sntrup761x25519-sha512,sntrup761x25519-sha512@openssh.com,curve25519-sha256,curve25519-sha256@libssh.org,ecdh-sha2-nistp256,ecdh-sha2-nistp384,ecdh-sha2-nistp521,ext-info-s,kex-strict-s-v00@openssh.com [preauth]
debug2: host key algorithms: ssh-ed25519 [preauth]
debug2: ciphers ctos: chacha20-poly1305@openssh.com,aes128-gcm@openssh.com,aes256-gcm@openssh.com,aes128-ctr,aes192-ctr,aes256-ctr [preauth]
debug2: ciphers stoc: chacha20-poly1305@openssh.com,aes128-gcm@openssh.com,aes256-gcm@openssh.com,aes128-ctr,aes192-ctr,aes256-ctr [preauth]
debug2: MACs ctos: umac-64-etm@openssh.com,umac-128-etm@openssh.com,hmac-sha2-256-etm@openssh.com,hmac-sha2-512-etm@openssh.com,hmac-sha1-etm@openssh.com,umac-64@openssh.com,umac-128@openssh.com,hmac-sha2-256,hmac-sha2-512,hmac-sha1 [preauth]
debug2: MACs stoc: umac-64-etm@openssh.com,umac-128-etm@openssh.com,hmac-sha2-256-etm@openssh.com,hmac-sha2-512-etm@openssh.com,hmac-sha1-etm@openssh.com,umac-64@openssh.com,umac-128@openssh.com,hmac-sha2-256,hmac-sha2-512,hmac-sha1 [preauth]
debug2: compression ctos: none,zlib@openssh.com [preauth]
debug2: compression stoc: none,zlib@openssh.com [preauth]
debug2: languages ctos:  [preauth]
debug2: languages stoc:  [preauth]
debug2: first_kex_follows 0  [preauth]
debug2: reserved 0  [preauth]
debug2: peer client KEXINIT proposal [preauth]
debug2: KEX algorithms: curve25519-sha256,curve25519-sha256@libssh.org [preauth]
debug2: host key algorithms: ssh-ed25519 [preauth]
debug2: ciphers ctos: chacha20-poly1305@openssh.com [preauth]
debug2: ciphers stoc: chacha20-poly1305@openssh.com [preauth]
debug2: MACs ctos:  [preauth]
debug2: MACs stoc:  [preauth]
debug2: compression ctos: none [preauth]
debug2: compression stoc: none [preauth]
debug2: languages ctos:  [preauth]
debug2: languages stoc:  [preauth]
debug2: first_kex_follows 0  [preauth]
debug2: reserved 0  [preauth]
debug1: kex: algorithm: curve25519-sha256 [preauth]
debug1: kex: host key algorithm: ssh-ed25519 [preauth]
debug1: kex: client->server cipher: chacha20-poly1305@openssh.com MAC: <implicit> compression: none [preauth]
debug1: kex: server->client cipher: chacha20-poly1305@openssh.com MAC: <implicit> compression: none [preauth]
debug1: expecting SSH2_MSG_KEX_ECDH_INIT [preauth]
debug3: receive packet: type 30 [preauth]
debug1: SSH2_MSG_KEX_ECDH_INIT received [preauth]
debug3: mm_sshkey_sign: entering [preauth]
debug3: mm_request_send: entering, type 6 [preauth]
debug3: mm_sshkey_sign: waiting for MONITOR_ANS_SIGN [preauth]
debug3: mm_request_receive_expect: entering, type 7 [preauth]
debug3: mm_request_receive: entering [preauth]
debug3: mm_request_receive: entering
debug3: monitor_read: checking request 6
debug3: mm_answer_sign: entering
debug1: mm_answer_sign: hostkey ssh-ed25519 index 0
debug3: mm_answer_sign: ssh-ed25519 KEX signature len=83
debug3: mm_request_send: entering, type 7
debug2: monitor_read: 6 used once, disabling now
debug3: mm_sshkey_sign: ssh-ed25519 signature len=83 [preauth]
debug3: send packet: type 31 [preauth]
debug3: send packet: type 21 [preauth]
debug2: ssh_set_newkeys: mode 1 [preauth]
debug1: rekey out after 134217728 blocks [preauth]
debug1: SSH2_MSG_NEWKEYS sent [preauth]
debug1: expecting SSH2_MSG_NEWKEYS [preauth]
debug3: receive packet: type 21 [preauth]
debug1: SSH2_MSG_NEWKEYS received [preauth]
debug2: ssh_set_newkeys: mode 0 [preauth]
debug1: rekey in after 134217728 blocks [preauth]
debug2: KEX algorithms: mlkem768x25519-sha256,sntrup761x25519-sha512,sntrup761x25519-sha512@openssh.com,curve25519-sha256,curve25519-sha256@libssh.org,ecdh-sha2-nistp256,ecdh-sha2-nistp384,ecdh-sha2-nistp521,ext-info-s,kex-strict-s-v00@openssh.com [preauth]
debug2: host key algorithms: ssh-ed25519 [preauth]
debug2: ciphers ctos: chacha20-poly1305@openssh.com,aes128-gcm@openssh.com,aes256-gcm@openssh.com,aes128-ctr,aes192-ctr,aes256-ctr [preauth]
debug2: ciphers stoc: chacha20-poly1305@openssh.com,aes128-gcm@openssh.com,aes256-gcm@openssh.com,aes128-ctr,aes192-ctr,aes256-ctr [preauth]
debug2: MACs ctos: umac-64-etm@openssh.com,umac-128-etm@openssh.com,hmac-sha2-256-etm@openssh.com,hmac-sha2-512-etm@openssh.com,hmac-sha1-etm@openssh.com,umac-64@openssh.com,umac-128@openssh.com,hmac-sha2-256,hmac-sha2-512,hmac-sha1 [preauth]
debug2: MACs stoc: umac-64-etm@openssh.com,umac-128-etm@openssh.com,hmac-sha2-256-etm@openssh.com,hmac-sha2-512-etm@openssh.com,hmac-sha1-etm@openssh.com,umac-64@openssh.com,umac-128@openssh.com,hmac-sha2-256,hmac-sha2-512,hmac-sha1 [preauth]
debug2: compression ctos: none,zlib@openssh.com [preauth]
debug2: compression stoc: none,zlib@openssh.com [preauth]
debug2: languages ctos:  [preauth]
debug2: languages stoc:  [preauth]
debug2: first_kex_follows 0  [preauth]
debug2: reserved 0  [preauth]
debug1: KEX done [preauth]
debug3: receive packet: type 5 [preauth]
debug3: send packet: type 6 [preauth]
debug3: receive packet: type 50 [preauth]
debug1: userauth-request for user tbuddy service ssh-connection method none [preauth]
debug1: attempt 0 failures 0 [preauth]
debug3: mm_getpwnamallow: entering [preauth]
debug3: mm_request_send: entering, type 8 [preauth]
debug3: mm_getpwnamallow: waiting for MONITOR_ANS_PWNAM [preauth]
debug3: mm_request_receive_expect: entering, type 9 [preauth]
debug3: mm_request_receive: entering [preauth]
debug3: mm_request_receive: entering
debug3: monitor_read: checking request 8
debug3: mm_answer_pwnamallow: entering
debug2: parse_server_config_depth: config reprocess config len 555
debug3: mm_answer_pwnamallow: sending MONITOR_ANS_PWNAM: 1
debug3: mm_request_send: entering, type 9
debug2: monitor_read: 8 used once, disabling now
debug3: server_process_channel_timeouts: setting 0 timeouts [preauth]
debug3: channel_clear_timeouts: clearing [preauth]
debug2: input_userauth_request: setting up authctxt for tbuddy [preauth]
debug3: mm_inform_authserv: entering [preauth]
debug3: mm_request_send: entering, type 4 [preauth]
debug2: input_userauth_request: try method none [preauth]
debug3: userauth_finish: failure partial=0 next methods="publickey" [preauth]
debug3: send packet: type 51 [preauth]
debug3: mm_request_receive: entering
debug3: monitor_read: checking request 4
debug3: mm_answer_authserv: service=ssh-connection, style=
debug2: monitor_read: 4 used once, disabling now
debug3: receive packet: type 50 [preauth]
debug1: userauth-request for user tbuddy service ssh-connection method publickey [preauth]
debug1: attempt 1 failures 0 [preauth]
debug2: input_userauth_request: try method publickey [preauth]
debug2: userauth_pubkey: valid user tbuddy attempting public key ssh-ed25519 AAAAC3NzaC1lZDI1NTE5AAAAID1AF8PoQ4lakrcKp00bfrycmCzPLsSWjMDNVfEq9GYM [preauth]
debug3: userauth_pubkey: publickey have ssh-ed25519 signature for ED25519 SHA256:F34nin7tcaYH6WR5LSWSfj6weFBPfBpuyUUoPFP9YjA [preauth]
debug3: mm_key_allowed: entering [preauth]
debug3: mm_request_send: entering, type 22 [preauth]
debug3: mm_key_allowed: waiting for MONITOR_ANS_KEYALLOWED [preauth]
debug3: mm_request_receive_expect: entering, type 23 [preauth]
debug3: mm_request_receive: entering [preauth]
debug3: mm_request_receive: entering
debug3: monitor_read: checking request 22
debug3: mm_answer_keyallowed: entering
debug1: temporarily_use_uid: 501/20 (e=501/20)
debug1: restore_uid: (unprivileged)
debug1: temporarily_use_uid: 501/20 (e=501/20)
debug1: trying public key file /Users/tbuddy/.t3/worktrees/dipshitos/t3code-758ded84/artifacts/m51-interop/sshd/authorized_keys
debug1: fd 10 clearing O_NONBLOCK
debug1: /Users/tbuddy/.t3/worktrees/dipshitos/t3code-758ded84/artifacts/m51-interop/sshd/authorized_keys:1: matching key found: ED25519 SHA256:F34nin7tcaYH6WR5LSWSfj6weFBPfBpuyUUoPFP9YjA
debug1: /Users/tbuddy/.t3/worktrees/dipshitos/t3code-758ded84/artifacts/m51-interop/sshd/authorized_keys:1: key options: agent-forwarding port-forwarding pty user-rc x11-forwarding
debug3: /Users/tbuddy/.t3/worktrees/dipshitos/t3code-758ded84/artifacts/m51-interop/sshd/authorized_keys:1: key options: agent-forwarding port-forwarding pty user-rc x11-forwarding
Accepted key ED25519 SHA256:F34nin7tcaYH6WR5LSWSfj6weFBPfBpuyUUoPFP9YjA found at /Users/tbuddy/.t3/worktrees/dipshitos/t3code-758ded84/artifacts/m51-interop/sshd/authorized_keys:1
debug2: auth_check_authkeys_file: /Users/tbuddy/.t3/worktrees/dipshitos/t3code-758ded84/artifacts/m51-interop/sshd/authorized_keys: processed 1/2 lines
debug1: restore_uid: (unprivileged)
debug3: mm_answer_keyallowed: publickey authentication: ED25519 key is allowed
debug3: mm_request_send: entering, type 23
debug3: mm_sshkey_verify: entering [preauth]
debug3: mm_request_send: entering, type 24 [preauth]
debug3: mm_sshkey_verify: waiting for MONITOR_ANS_KEYVERIFY [preauth]
debug3: mm_request_receive_expect: entering, type 25 [preauth]
debug3: mm_request_receive: entering [preauth]
debug3: mm_request_receive: entering
debug3: monitor_read: checking request 24
debug3: mm_answer_keyverify: publickey ED25519 signature using ssh-ed25519 verified
debug1: auth_activate_options: setting new authentication options
debug3: mm_request_send: entering, type 25
Accepted publickey for tbuddy from 127.0.0.1 port 63980 ssh2: ED25519 SHA256:F34nin7tcaYH6WR5LSWSfj6weFBPfBpuyUUoPFP9YjA
debug1: monitor_child_preauth: user tbuddy authenticated by privileged process
debug3: mm_get_keystate: Waiting for new keys
debug3: mm_request_receive_expect: entering, type 26
debug3: mm_request_receive: entering
debug3: mm_get_keystate: GOT new keys
debug1: auth_activate_options: setting new authentication options [preauth]
debug2: userauth_pubkey: authenticated 1 pkalg ssh-ed25519 [preauth]
debug3: user_specific_delay: user specific delay 3.163ms [preauth]
debug3: ensure_minimum_time_since: elapsed 1.990ms, delaying 6.173ms (requested 8.163ms) [preauth]
debug3: send packet: type 52 [preauth]
debug3: mm_request_send: entering, type 26 [preauth]
debug3: mm_send_keystate: Finished sending state [preauth]
debug1: monitor_read_log: child log fd closed
debug3: monitor_child_preauth: preauth child 47514 terminated successfully
debug2: server_accept_loop: child 47513 for connection from 127.0.0.1 to 127.0.0.1 auth done
debug1: child_close: enter (forcing)
BSM audit: bsm_audit_session_setup: setaudit_addr failed: Operation not permitted
debug3: BSM audit: typ 0 rc 0 "successful login tbuddy"
User child is on pid 47535
debug3: monitor_apply_keystate: packet_set_state
debug2: ssh_set_newkeys: mode 0
debug1: rekey in after 134217728 blocks
debug2: ssh_set_newkeys: mode 1
debug1: rekey out after 134217728 blocks
debug1: ssh_packet_set_postauth: called
debug3: ssh_packet_set_state: done
debug3: notify_hostkeys: key 0: ssh-ed25519 SHA256:m5e1LbEHqQwbxHb1DDBh6YazYLnzfjz7Ql4iOeqgeHM
debug3: notify_hostkeys: sent 1 hostkeys
debug3: send packet: type 80
debug1: active: key options: agent-forwarding port-forwarding pty user-rc x11-forwarding
debug3: sending debug message: /Users/tbuddy/.t3/worktrees/dipshitos/t3code-758ded84/artifacts/m51-interop/sshd/authorized_keys:1: key options: agent-forwarding port-forwarding pty user-rc x11-forwarding
debug3: send packet: type 4
debug1: Entering interactive session for SSH2.
debug1: server_init_dispatch
debug3: receive packet: type 90
debug1: server_input_channel_open: ctype session rchan 0 win 131072 max 32768
debug1: input_session_request
debug1: channel 0: new session [server-session] (inactive timeout: 0)
debug2: session_new: allocate (allocated 0 max 10)
debug3: session_unused: session id 0 unused
debug1: session_new: session 0
debug1: session_open: channel 0
debug1: session_open: session 0: link with channel 0
debug1: server_input_channel_open: confirm session
debug3: send packet: type 91
debug2: process_output: session QoS is now interactive
debug3: set_sock_tos: set socket 9 IP_TOS 0xb8
Connection closed by 127.0.0.1 port 63980
debug1: channel 0: free: server-session, nchannels 1
debug3: channel 0: status: The following connections are open:
  #0 server-session (t10 [session] r0 nm0 i0/0 o0/0 e[closed]/0 fd -1/-1/-1 sock -1 cc -1 nc0 io 0x00/0x00 B)

Close session: user tbuddy from 127.0.0.1 port 63980 id 0
debug3: session_unused: session id 0 unused
debug1: do_cleanup
Transferred: sent 1592, received 592 bytes
Closing connection to 127.0.0.1 port 63980
debug3: mm_audit_event: entering
debug3: mm_request_send: entering, type 112
debug3: mm_submit_ess_event entering
debug3: mm_request_send: entering, type 212
debug3: mm_request_receive: entering
debug3: mm_request_send: entering, type 50
debug3: monitor_read: checking request 112
debug3: mm_answer_audit_event: entering
debug3: BSM audit: typ 0 rc 0 "sshd logout tbuddy"
debug3: mm_request_receive: entering
debug3: monitor_read: checking request 212
debug3: mm_answer_ess_event entering
debug3: mm_request_receive: entering
debug3: monitor_read: checking request 50
debug3: mm_answer_term: tearing down sessions
Received signal 15; terminating.
