VirelaiOS kernel has seized control.
memory-map descriptors=0x000000000000001b descriptor_size=0x0000000000000030 version=0x0000000000000001 key=0x000000000000029b
map type=0x0000000000000007 base=0x0000000070000000 pages=0x0000000000008000 attr=0x0000000000000008
map type=0x0000000000000004 base=0x0000000078000000 pages=0x0000000000000020 attr=0x0000000000000008
map type=0x0000000000000007 base=0x0000000078020000 pages=0x000000000000594d attr=0x0000000000000008
map type=0x0000000000000002 base=0x000000007d96d000 pages=0x0000000000000007 attr=0x0000000000000008
map type=0x0000000000000001 base=0x000000007d974000 pages=0x0000000000000c1a attr=0x0000000000000008
map type=0x0000000000000003 base=0x000000007e58e000 pages=0x0000000000000072 attr=0x0000000000000008
map type=0x0000000000000000 base=0x000000007e600000 pages=0x0000000000000040 attr=0x0000000000000008
map type=0x0000000000000006 base=0x000000007e640000 pages=0x0000000000000050 attr=0x8000000000000008
map type=0x0000000000000007 base=0x000000007e690000 pages=0x00000000000008ef attr=0x0000000000000008
map type=0x0000000000000004 base=0x000000007ef7f000 pages=0x0000000000000001 attr=0x0000000000000008
map type=0x0000000000000007 base=0x000000007ef80000 pages=0x000000000000002b attr=0x0000000000000008
map type=0x0000000000000004 base=0x000000007efab000 pages=0x00000000000008e5 attr=0x0000000000000008
map type=0x0000000000000003 base=0x000000007f890000 pages=0x0000000000000200 attr=0x0000000000000008
map type=0x0000000000000005 base=0x000000007fa90000 pages=0x0000000000000090 attr=0x8000000000000008
map type=0x0000000000000007 base=0x000000007fb20000 pages=0x0000000000000030 attr=0x0000000000000008
map type=0x0000000000000006 base=0x000000007fb50000 pages=0x0000000000000020 attr=0x8000000000000008
map type=0x0000000000000007 base=0x000000007fb70000 pages=0x000000000000002f attr=0x0000000000000008
map type=0x0000000000000009 base=0x000000007fb9f000 pages=0x0000000000000001 attr=0x0000000000000008
map type=0x0000000000000007 base=0x000000007fba0000 pages=0x0000000000000019 attr=0x0000000000000008
map type=0x0000000000000004 base=0x000000007fbb9000 pages=0x0000000000000021 attr=0x0000000000000008
map type=0x0000000000000003 base=0x000000007fbda000 pages=0x0000000000000026 attr=0x0000000000000008
map type=0x0000000000000004 base=0x000000007fc00000 pages=0x00000000000003c7 attr=0x0000000000000008
map type=0x0000000000000007 base=0x000000007ffc7000 pages=0x0000000000000010 attr=0x0000000000000008
map type=0x0000000000000003 base=0x000000007ffd7000 pages=0x0000000000000020 attr=0x0000000000000008
map type=0x0000000000000004 base=0x000000007fff7000 pages=0x0000000000000009 attr=0x0000000000000008
map type=0x000000000000000b base=0x0000000001000000 pages=0x0000000000000010 attr=0x8000000000000001
map type=0x000000000000000b base=0x0000000020050000 pages=0x0000000000000001 attr=0x8000000000000001
probe base=0x0000000100010000 layout=virtio-console
 records=0x0000000000000000
interrupts: gic=v3 armed=1 dist=0x0000000010000000 redist=0x0000000010010000 active=0x0000000010010000 fallback=1 ppi=0x000000000000001e edge=0 freq=0x00000000016e3600
host share: absent
kernel terminal state
cvspike: cap @0x0000000000000040 head=0x0000000001105009 t=0x0000000000000001 bar=0x0000000000000000 off=0x0000000000000000
cvspike: cap @0x0000000000000050 head=0x0000000003106009 t=0x0000000000000003 bar=0x0000000000000000 off=0x0000000000001000
cvspike: cap @0x0000000000000060 head=0x0000000002147409 t=0x0000000000000002 bar=0x0000000000000000 off=0x0000000000004000
cvspike: probe dev=0x0000000000000008 common=0x0000000100030000 notify=0x0000000100034000 bar=0x0000000100030000 b0=0x0000000000030004 b2=0x0000000050000000 cp=0x0000000000000040 nc=0x0000000000000003
cvspike: walk console-bar va=0x0000000100010000 l3=0x0000000100010403 ok
cvspike: walk cv-bar va=0x0000000100030000 l3=0x0000000100030403 ok
cvspike: init ok
cvspike: dev=0x0000000000000008 did=0x1082 common=0x0000000100030000 notify=0x0000000100034000 qoff=0x0000000000000000 qoff1=0x0000000000000001 ready=1
cvspike: feat=0x0000000530000000 acc=0x0000000100000000 nd=0 al=0 notify=16bit
cvspike: payload="VIRELAIOS-CV0x42" len=0x0000000000000010
cvspike: q0 xchg=1 n=0x10 echo=ok
cvspike: q0 xchg=2 n=0x10 echo=ok
cvspike: q0 xchg=3 n=0x10 echo=ok
cvspike: q0 xchg=4 n=0x10 echo=ok
cvspike: q0 heads=0x0000000000000000,0x0000000000000002,0x0000000000000004,0x0000000000000006 recycle=1
cvspike: q0 big n=0x3034 echo=ok
cvspike: q0 ok=1
cvspike: q1 log="cvlog-1" ack="ACK:7" n=0x0000000000000005
cvspike: q1 log="cvlog-2" ack="ACK:7" n=0x0000000000000005
cvspike: q1 log="cvlog-3" ack="ACK:7" n=0x0000000000000005
cvspike: q1 ok=3
cvspike: q2 armed rx=1 handle=0x0000000000000000
cvspike: q2 req="CVC-PING-0x42" n=0x000000000000000d req=ok handle=ok
cvspike: q2 rsp="CVC-PING-0x42" ack="OK:13" ok=1
cvspike: q2 ok=1
cvspike: q3 armed bufs=0x0000000000000008
vf: probe 32k ok len=0x8000 cksum=0x0000 free=0020
cvspike: irq=0x00000000000000ce first=0x0000000000000045 spi=0x0000000000000045 armed=0x0000000000000020..0x00000000000000bf
entropy: pre-rearm st=00
entropy: seeded n=64
net: pre-rearm st=0f
net: rx-armed
aslr: boot user stack=0x00000000216b0000
VirelaiOS - AArch64 firmware-assisted kernel monitor
VirelaiOS: the elephant has left the building.
motd: aarch64 el1 kernel live; scheduler, uaccess, fs, net, gfx, xhci armed.
Type 'help' before touching anything expensive.
[32mvirelai> [0m[AUDIT] task-ring+procs audit armed slots=11 procs=16
net ip 10.0.0.1
net ip: ip=10.0.0.1
[32mvirelai> [0mnet arp 10.0.0.2
net arp: request for 10.0.0.2 sent (42 bytes)
[32mvirelai> [0mexec SSH.BIN tbuddy@10.0.0.2:2222 echo VIRELAI-INTEROP-OK
exec: loaded SSH.BIN size=0x000000000000f000 entry=0x0000000000400000 stack=0x000000006dc70000 head=0xfd7bbaa9e2031eaa data=0x000000000001c6c0 datapages=29
[32mvirelai> [0mecho ssh-relay-launched
ssh-relay-launched
[32mvirelai> [0m
syscall: write ok n=23
uaccess: efault ok n=8
ssh: target user=tbuddy host=10.0.0.2 port=2222 mode=exec
ssh: connected
ssh: kex-ok
timer irq delivered ppi=0x1e irq_ticks=1
smp: secondary runs=1 task=user-el0
smp: secondary runs=2 task=SSH.BIN
smp: secondary runs=3 task=worker
smp: steal runs=1 task=user-el0 from=0
smp: steal runs=2 task=SSH.BIN from=0
smp: steal runs=3 task=worker from=0
tasks worker advances=64
userspace: el0=1 svc=2 roundtrips=1 arg=2 result=2 rejected=0
smp: secondary runs=4 task=user-el0
smp: secondary runs=5 task=SSH.BIN
smp: secondary runs=6 task=worker
tasks worker advances=4416
tasks worker advances=4480
tasks worker advances=4544
tasks worker advances=4608
tasks worker advances=4672
tasks worker advances=4736
tasks worker advances=4800
tasks worker advances=4864
tasks worker advances=4928
tasks worker advances=4992
tasks worker advances=5056
tasks worker advances=5120
tasks worker advances=5184
tasks worker advances=5248
tasks worker advances=5312
tasks worker advances=5376
tasks worker advances=5440
tasks worker advances=5504
tasks worker advances=5568
tasks worker advances=5632
tasks worker advances=5696
tasks worker advances=5760
tasks worker advances=5824
tasks worker advances=5888
tasks worker advances=5952
tasks worker advances=6016
tasks worker advances=6080
tasks worker advances=6144
tasks worker advances=6208
tasks worker advances=6272
tasks worker advances=6336
tasks worker advances=6400
tasks worker advances=6464
timer heartbeat ticks=5 irq=5 poll=0
smp: secondary runs=7 task=SSH.BIN
smp: secondary runs=8 task=worker
smp: steal runs=4 task=user-el0 from=1
smp: steal runs=5 task=SSH.BIN from=1
smp: steal runs=6 task=SSH.BIN from=0
tasks worker advances=6528
tasks user-el0 exited status=7
procs user-el0 exited status=7
tasks user-el0 reaped
smp: secondary runs=9 task=SSH.BIN
ssh: pin-ok
ssh: auth-ok method=publickey
smp: secondary runs=10 task=worker
tasks worker advances=8704
tasks worker advances=8768
tasks worker advances=8832
tasks worker advances=8896
tasks worker advances=8960
tasks worker advances=9024
tasks worker advances=9088
tasks worker advances=9152
tasks worker advances=9216
tasks worker advances=9280
tasks worker advances=9344
tasks worker advances=9408
tasks worker advances=9472
tasks worker advances=9536
tasks worker advances=9600
tasks worker advances=9664
tasks worker advances=9728
tasks worker advances=9792
tasks worker advances=9856
tasks worker advances=9920
tasks worker advances=9984
tasks worker advances=10048
tasks worker advances=10112
tasks worker advances=10176
tasks worker advances=10240
tasks worker advances=10304
tasks worker advances=10368
tasks worker advances=10432
tasks worker advances=10496
tasks worker advances=10560
tasks worker advances=10624
tasks worker advances=10688
tasks worker advances=10752
tasks worker advances=10816
ssh: channel-open remote=0
ssh: fail stage=request rc=7
smp: secondary runs=11 task=SSH.BIN
smp: secondary runs=12 task=worker
smp: steal runs=7 task=SSH.BIN from=1
smp: steal runs=8 task=SSH.BIN from=0
tasks worker advances=10880
tasks user-exec exited status=7
procs SSH.BIN exited status=7
tasks user-exec reaped
tasks worker advances=13056
tasks worker advances=13120
tasks worker advances=13184
tasks worker advances=13248
tasks worker advances=13312
tasks worker advances=13376
tasks worker advances=13440
tasks worker advances=13504
tasks worker advances=13568
tasks worker advances=13632
tasks worker advances=13696
tasks worker advances=13760
tasks worker advances=13824
tasks worker advances=13888
tasks worker advances=13952
tasks worker advances=14016
tasks worker advances=14080
tasks worker advances=14144
tasks worker advances=14208
tasks worker advances=14272
tasks worker advances=14336
tasks worker advances=14400
tasks worker advances=14464
tasks worker advances=14528
tasks worker advances=14592
tasks worker advances=14656
tasks worker advances=14720
tasks worker advances=14784
tasks worker advances=14848
tasks worker advances=14912
tasks worker advances=14976
tasks worker advances=15040
tasks worker advances=15104
tasks worker advances=15168
tasks worker advances=15232
tasks worker advances=17408
tasks worker advances=17472
tasks worker advances=17536
tasks worker advances=17600
tasks worker advances=17664
tasks worker advances=17728
tasks worker advances=17792
tasks worker advances=17856
tasks worker advances=17920
tasks worker advances=17984
tasks worker advances=18048
tasks worker advances=18112
tasks worker advances=18176
tasks worker advances=18240
tasks worker advances=18304
tasks worker advances=18368
tasks worker advances=18432
tasks worker advances=18496
tasks worker advances=18560
tasks worker advances=18624
tasks worker advances=18688
tasks worker advances=18752
tasks worker advances=18816
tasks worker advances=18880
tasks worker advances=18944
tasks worker advances=19008
tasks worker advances=19072
tasks worker advances=19136
tasks worker advances=19200
tasks worker advances=19264
tasks worker advances=19328
tasks worker advances=19392
tasks worker advances=19456
tasks worker advances=19520
tasks worker advances=19584
timer heartbeat ticks=10 irq=10 poll=0
tasks worker advances=19648
tasks worker advances=21824
tasks worker advances=21888
tasks worker advances=21952
tasks worker advances=22016
tasks worker advances=22080
tasks worker advances=22144
tasks worker advances=22208
tasks worker advances=22272
tasks worker advances=22336
tasks worker advances=22400
tasks worker advances=22464
tasks worker advances=22528
tasks worker advances=22592
tasks worker advances=22656
tasks worker advances=22720
tasks worker advances=22784
tasks worker advances=22848
tasks worker advances=22912
tasks worker advances=22976
tasks worker advances=23040
tasks worker advances=23104
tasks worker advances=23168
tasks worker advances=23232
tasks worker advances=23296
tasks worker advances=23360
tasks worker advances=23424
tasks worker advances=23488
tasks worker advances=23552
tasks worker advances=23616
tasks worker advances=23680
tasks worker advances=23744
tasks worker advances=23808
tasks worker advances=23872
tasks worker advances=23936
tasks worker advances=24000
tasks worker advances=26176
tasks worker advances=26240
tasks worker advances=26304
tasks worker advances=26368
tasks worker advances=26432
tasks worker advances=26496
tasks worker advances=26560
tasks worker advances=26624
tasks worker advances=26688
tasks worker advances=26752
tasks worker advances=26816
tasks worker advances=26880
tasks worker advances=26944
tasks worker advances=27008
tasks worker advances=27072
tasks worker advances=27136
tasks worker advances=27200
tasks worker advances=27264
tasks worker advances=27328
tasks worker advances=27392
tasks worker advances=27456
tasks worker advances=27520
tasks worker advances=27584
tasks worker advances=27648
tasks worker advances=27712
tasks worker advances=27776
tasks worker advances=27840
tasks worker advances=27904
tasks worker advances=27968
tasks worker advances=28032
tasks worker advances=28096
tasks worker advances=28160
tasks worker advances=28224
tasks worker advances=28288
timer heartbeat ticks=15 irq=15 poll=0
tasks worker advances=28352
tasks worker advances=30528
tasks worker advances=30592
tasks worker advances=30656
tasks worker advances=30720
tasks worker advances=30784
tasks worker advances=30848
tasks worker advances=30912
tasks worker advances=30976
tasks worker advances=31040
tasks worker advances=31104
tasks worker advances=31168
tasks worker advances=31232
tasks worker advances=31296
tasks worker advances=31360
tasks worker advances=31424
tasks worker advances=31488
tasks worker advances=31552
tasks worker advances=31616
tasks worker advances=31680
tasks worker advances=31744
tasks worker advances=31808
tasks worker advances=31872
tasks worker advances=31936
tasks worker advances=32000
tasks worker advances=32064
tasks worker advances=32128
tasks worker advances=32192
tasks worker advances=32256
tasks worker advances=32320
tasks worker advances=32384
tasks worker advances=32448
tasks worker advances=32512
tasks worker advances=32576
tasks worker advances=32640
tasks worker advances=32704
tasks worker advances=34880
tasks worker advances=34944
tasks worker advances=35008
tasks worker advances=35072
tasks worker advances=35136
tasks worker advances=35200
tasks worker advances=35264
tasks worker advances=35328
tasks worker advances=35392
tasks worker advances=35456
tasks worker advances=35520
tasks worker advances=35584
tasks worker advances=35648
tasks worker advances=35712
tasks worker advances=35776
tasks worker advances=35840
tasks worker advances=35904
tasks worker advances=35968
tasks worker advances=36032
tasks worker advances=36096
tasks worker advances=36160
tasks worker advances=36224
tasks worker advances=36288
tasks worker advances=36352
tasks worker advances=36416
tasks worker advances=36480
tasks worker advances=36544
tasks worker advances=36608
tasks worker advances=36672
tasks worker advances=36736
tasks worker advances=36800
tasks worker advances=36864
tasks worker advances=36928
tasks worker advances=36992
tasks worker advances=37056
tasks worker advances=39232
tasks worker advances=39296
tasks worker advances=39360
tasks worker advances=39424
tasks worker advances=39488
tasks worker advances=39552
tasks worker advances=39616
tasks worker advances=39680
tasks worker advances=39744
tasks worker advances=39808
tasks worker advances=39872
tasks worker advances=39936
tasks worker advances=40000
tasks worker advances=40064
tasks worker advances=40128
tasks worker advances=40192
tasks worker advances=40256
tasks worker advances=40320
tasks worker advances=40384
tasks worker advances=40448
tasks worker advances=40512
tasks worker advances=40576
tasks worker advances=40640
tasks worker advances=40704
tasks worker advances=40768
tasks worker advances=40832
tasks worker advances=40896
tasks worker advances=40960
tasks worker advances=41024
tasks worker advances=41088
tasks worker advances=41152
tasks worker advances=41216
tasks worker advances=41280
tasks worker advances=41344
timer heartbeat ticks=20 irq=20 poll=0
tasks worker advances=41408
tasks worker advances=43648
tasks worker advances=43712
tasks worker advances=43776
tasks worker advances=43840
tasks worker advances=43904
tasks worker advances=43968
tasks worker advances=44032
tasks worker advances=44096
tasks worker advances=44160
tasks worker advances=44224
tasks worker advances=44288
tasks worker advances=44352
tasks worker advances=44416
tasks worker advances=44480
tasks worker advances=44544
tasks worker advances=44608
tasks worker advances=44672
tasks worker advances=44736
tasks worker advances=44800
tasks worker advances=44864
tasks worker advances=44928
tasks worker advances=44992
tasks worker advances=45056
tasks worker advances=45120
tasks worker advances=45184
tasks worker advances=45248
tasks worker advances=45312
tasks worker advances=45376
tasks worker advances=45440
tasks worker advances=45504
tasks worker advances=45568
tasks worker advances=45632
tasks worker advances=45696
tasks worker advances=45760
tasks worker advances=47936
tasks worker advances=48000
tasks worker advances=48064
tasks worker advances=48128
tasks worker advances=48192
tasks worker advances=48256
tasks worker advances=48320
tasks worker advances=48384
tasks worker advances=48448
tasks worker advances=48512
tasks worker advances=48576
tasks worker advances=48640
tasks worker advances=48704
tasks worker advances=48768
tasks worker advances=48832
tasks worker advances=48896
tasks worker advances=48960
tasks worker advances=49024
tasks worker advances=49088
tasks worker advances=49152
tasks worker advances=49216
tasks worker advances=49280
tasks worker advances=49344
tasks worker advances=49408
tasks worker advances=49472
tasks worker advances=49536
tasks worker advances=49600
tasks worker advances=49664
tasks worker advances=49728
tasks worker advances=49792
tasks worker advances=49856
tasks worker advances=49920
tasks worker advances=49984
tasks worker advances=50048
timer heartbeat ticks=25 irq=25 poll=0
tasks worker advances=50112
tasks worker advances=52288
tasks worker advances=52352
tasks worker advances=52416
tasks worker advances=52480
tasks worker advances=52544
tasks worker advances=52608
tasks worker advances=52672
tasks worker advances=52736
tasks worker advances=52800
tasks worker advances=52864
tasks worker advances=52928
tasks worker advances=52992
tasks worker advances=53056
tasks worker advances=53120
tasks worker advances=53184
tasks worker advances=53248
tasks worker advances=53312
tasks worker advances=53376
tasks worker advances=53440
tasks worker advances=53504
tasks worker advances=53568
tasks worker advances=53632
tasks worker advances=53696
tasks worker advances=53760
tasks worker advances=53824
tasks worker advances=53888
tasks worker advances=53952
tasks worker advances=54016
tasks worker advances=54080
tasks worker advances=54144
tasks worker advances=54208
tasks worker advances=54272
tasks worker advances=54336
tasks worker advances=54400
tasks worker advances=56448
tasks worker advances=56512
tasks worker advances=56576
tasks worker advances=56640
tasks worker advances=56704
tasks worker advances=56768
tasks worker advances=56832
tasks worker advances=56896
tasks worker advances=56960
tasks worker advances=57024
tasks worker advances=57088
tasks worker advances=57152
tasks worker advances=57216
tasks worker advances=57280
tasks worker advances=57344
tasks worker advances=57408
tasks worker advances=57472
tasks worker advances=57536
tasks worker advances=57600
tasks worker advances=57664
tasks worker advances=57728
tasks worker advances=57792
tasks worker advances=57856
tasks worker advances=57920
tasks worker advances=57984
tasks worker advances=58048
tasks worker advances=58112
tasks worker advances=58176
tasks worker advances=58240
tasks worker advances=58304
tasks worker advances=58368
tasks worker advances=58432
tasks worker advances=58496
tasks worker advances=60672
tasks worker advances=60736
tasks worker advances=60800
tasks worker advances=60864
tasks worker advances=60928
tasks worker advances=60992
tasks worker advances=61056
tasks worker advances=61120
tasks worker advances=61184
tasks worker advances=61248
tasks worker advances=61312
tasks worker advances=61376
tasks worker advances=61440
tasks worker advances=61504
tasks worker advances=61568
tasks worker advances=61632
tasks worker advances=61696
tasks worker advances=61760
tasks worker advances=61824
tasks worker advances=61888
tasks worker advances=61952
tasks worker advances=62016
tasks worker advances=62080
tasks worker advances=62144
tasks worker advances=62208
tasks worker advances=62272
tasks worker advances=62336
tasks worker advances=62400
tasks worker advances=62464
tasks worker advances=62528
tasks worker advances=62592
tasks worker advances=62656
tasks worker advances=62720
timer heartbeat ticks=30 irq=30 poll=0
tasks worker advances=62784
tasks worker advances=64896
tasks worker advances=64960
tasks worker advances=65024
tasks worker advances=65088
tasks worker advances=65152
tasks worker advances=65216
tasks worker advances=65280
tasks worker advances=65344
tasks worker advances=65408
tasks worker advances=65472
tasks worker advances=65536
tasks worker advances=65600
tasks worker advances=65664
tasks worker advances=65728
tasks worker advances=65792
tasks worker advances=65856
tasks worker advances=65920
tasks worker advances=65984
tasks worker advances=66048
tasks worker advances=66112
tasks worker advances=66176
tasks worker advances=66240
tasks worker advances=66304
tasks worker advances=66368
tasks worker advances=66432
tasks worker advances=66496
tasks worker advances=66560
tasks worker advances=66624
tasks worker advances=66688
tasks worker advances=66752
tasks worker advances=66816
tasks worker advances=66880
tasks worker advances=66944
tasks worker advances=67008
tasks worker advances=67072
tasks worker advances=69248
tasks worker advances=69312
tasks worker advances=69376
tasks worker advances=69440
tasks worker advances=69504
tasks worker advances=69568
tasks worker advances=69632
tasks worker advances=69696
tasks worker advances=69760
tasks worker advances=69824
tasks worker advances=69888
tasks worker advances=69952
tasks worker advances=70016
tasks worker advances=70080
tasks worker advances=70144
tasks worker advances=70208
tasks worker advances=70272
tasks worker advances=70336
tasks worker advances=70400
tasks worker advances=70464
tasks worker advances=70528
tasks worker advances=70592
tasks worker advances=70656
tasks worker advances=70720
tasks worker advances=70784
tasks worker advances=70848
tasks worker advances=70912
tasks worker advances=70976
tasks worker advances=71040
tasks worker advances=71104
tasks worker advances=71168
timer heartbeat ticks=35 irq=35 poll=0
tasks worker advances=71232
tasks worker advances=73344
tasks worker advances=73408
tasks worker advances=73472
tasks worker advances=73536
tasks worker advances=73600
tasks worker advances=73664
tasks worker advances=73728
tasks worker advances=73792
tasks worker advances=73856
tasks worker advances=73920
tasks worker advances=73984
tasks worker advances=74048
tasks worker advances=74112
tasks worker advances=74176
tasks worker advances=74240
tasks worker advances=74304
tasks worker advances=74368
tasks worker advances=74432
tasks worker advances=74496
tasks worker advances=74560
tasks worker advances=74624
tasks worker advances=74688
tasks worker advances=74752
tasks worker advances=74816
tasks worker advances=74880
tasks worker advances=74944
tasks worker advances=75008
tasks worker advances=75072
tasks worker advances=75136
tasks worker advances=75200
tasks worker advances=75264
tasks worker advances=75328
tasks worker advances=75392
tasks worker advances=75456
tasks worker advances=77568
tasks worker advances=77632
tasks worker advances=77696
tasks worker advances=77760
tasks worker advances=77824
tasks worker advances=77888
tasks worker advances=77952
tasks worker advances=78016
tasks worker advances=78080
tasks worker advances=78144
tasks worker advances=78208
tasks worker advances=78272
tasks worker advances=78336
tasks worker advances=78400
tasks worker advances=78464
tasks worker advances=78528
tasks worker advances=78592
tasks worker advances=78656
tasks worker advances=78720
tasks worker advances=78784
tasks worker advances=78848
tasks worker advances=78912
tasks worker advances=78976
tasks worker advances=79040
tasks worker advances=79104
tasks worker advances=79168
tasks worker advances=79232
tasks worker advances=79296
tasks worker advances=79360
tasks worker advances=79424
tasks worker advances=79488
tasks worker advances=79552
tasks worker advances=79616
tasks worker advances=79680
tasks worker advances=81728
tasks worker advances=81792
tasks worker advances=81856
tasks worker advances=81920
tasks worker advances=81984
tasks worker advances=82048
tasks worker advances=82112
tasks worker advances=82176
tasks worker advances=82240
tasks worker advances=82304
tasks worker advances=82368
tasks worker advances=82432
tasks worker advances=82496
tasks worker advances=82560
tasks worker advances=82624
tasks worker advances=82688
tasks worker advances=82752
tasks worker advances=82816
tasks worker advances=82880
tasks worker advances=82944
tasks worker advances=83008
tasks worker advances=83072
tasks worker advances=83136
tasks worker advances=83200
tasks worker advances=83264
tasks worker advances=83328
tasks worker advances=83392
tasks worker advances=83456
tasks worker advances=83520
tasks worker advances=83584
tasks worker advances=83648
tasks worker advances=83712
timer heartbeat ticks=40 irq=40 poll=0
tasks worker advances=83776
tasks worker advances=85824
tasks worker advances=85888
tasks worker advances=85952
tasks worker advances=86016
tasks worker advances=86080
tasks worker advances=86144
tasks worker advances=86208
tasks worker advances=86272
tasks worker advances=86336
tasks worker advances=86400
tasks worker advances=86464
tasks worker advances=86528
tasks worker advances=86592
tasks worker advances=86656
tasks worker advances=86720
tasks worker advances=86784
tasks worker advances=86848
tasks worker advances=86912
tasks worker advances=86976
tasks worker advances=87040
tasks worker advances=87104
tasks worker advances=87168
tasks worker advances=87232
tasks worker advances=87296
tasks worker advances=87360
tasks worker advances=87424
tasks worker advances=87488
tasks worker advances=87552
tasks worker advances=87616
tasks worker advances=87680
tasks worker advances=87744
tasks worker advances=87808
tasks worker advances=87872
tasks worker advances=87936
tasks worker advances=90048
tasks worker advances=90112
tasks worker advances=90176
tasks worker advances=90240
tasks worker advances=90304
tasks worker advances=90368
tasks worker advances=90432
tasks worker advances=90496
tasks worker advances=90560
tasks worker advances=90624
tasks worker advances=90688
tasks worker advances=90752
tasks worker advances=90816
tasks worker advances=90880
tasks worker advances=90944
tasks worker advances=91008
tasks worker advances=91072
tasks worker advances=91136
tasks worker advances=91200
tasks worker advances=91264
tasks worker advances=91328
tasks worker advances=91392
tasks worker advances=91456
tasks worker advances=91520
tasks worker advances=91584
tasks worker advances=91648
tasks worker advances=91712
tasks worker advances=91776
tasks worker advances=91840
tasks worker advances=91904
tasks worker advances=91968
tasks worker advances=92032
tasks worker advances=92096
timer heartbeat ticks=45 irq=45 poll=0
tasks worker advances=92160
tasks worker advances=94272
tasks worker advances=94336
tasks worker advances=94400
tasks worker advances=94464
tasks worker advances=94528
tasks worker advances=94592
tasks worker advances=94656
tasks worker advances=94720
tasks worker advances=94784
tasks worker advances=94848
tasks worker advances=94912
tasks worker advances=94976
tasks worker advances=95040
tasks worker advances=95104
tasks worker advances=95168
tasks worker advances=95232
tasks worker advances=95296
tasks worker advances=95360
tasks worker advances=95424
tasks worker advances=95488
tasks worker advances=95552
tasks worker advances=95616
tasks worker advances=95680
tasks worker advances=95744
tasks worker advances=95808
tasks worker advances=95872
tasks worker advances=95936
tasks worker advances=96000
tasks worker advances=96064
tasks worker advances=96128
tasks worker advances=96192
tasks worker advances=96256
tasks worker advances=96320
tasks worker advances=98432
tasks worker advances=98496
tasks worker advances=98560
tasks worker advances=98624
tasks worker advances=98688
tasks worker advances=98752
tasks worker advances=98816
tasks worker advances=98880
tasks worker advances=98944
tasks worker advances=99008
tasks worker advances=99072
tasks worker advances=99136
tasks worker advances=99200
tasks worker advances=99264
tasks worker advances=99328
tasks worker advances=99392
tasks worker advances=99456
tasks worker advances=99520
tasks worker advances=99584
tasks worker advances=99648
tasks worker advances=99712
tasks worker advances=99776
tasks worker advances=99840
tasks worker advances=99904
tasks worker advances=99968
tasks worker advances=100032
tasks worker advances=100096
tasks worker advances=100160
tasks worker advances=100224
tasks worker advances=100288
tasks worker advances=100352
tasks worker advances=100416
tasks worker advances=100480
tasks worker advances=100544
tasks worker advances=102592
tasks worker advances=102656
tasks worker advances=102720
tasks worker advances=102784
tasks worker advances=102848
tasks worker advances=102912
tasks worker advances=102976
tasks worker advances=103040
tasks worker advances=103104
tasks worker advances=103168
tasks worker advances=103232
tasks worker advances=103296
tasks worker advances=103360
tasks worker advances=103424
tasks worker advances=103488
tasks worker advances=103552
tasks worker advances=103616
tasks worker advances=103680
tasks worker advances=103744
tasks worker advances=103808
tasks worker advances=103872
tasks worker advances=103936
tasks worker advances=104000
tasks worker advances=104064
tasks worker advances=104128
tasks worker advances=104192
tasks worker advances=104256
tasks worker advances=104320
tasks worker advances=104384
tasks worker advances=104448
tasks worker advances=104512
tasks worker advances=104576
timer heartbeat ticks=50 irq=50 poll=0
tasks worker advances=104640
tasks worker advances=106752
tasks worker advances=106816
tasks worker advances=106880
tasks worker advances=106944
tasks worker advances=107008
tasks worker advances=107072
tasks worker advances=107136
tasks worker advances=107200
tasks worker advances=107264
tasks worker advances=107328
tasks worker advances=107392
tasks worker advances=107456
tasks worker advances=107520
tasks worker advances=107584
tasks worker advances=107648
tasks worker advances=107712
tasks worker advances=107776
tasks worker advances=107840
tasks worker advances=107904
tasks worker advances=107968
tasks worker advances=108032
tasks worker advances=108096
tasks worker advances=108160
tasks worker advances=108224
tasks worker advances=108288
tasks worker advances=108352
tasks worker advances=108416
tasks worker advances=108480
tasks worker advances=108544
tasks worker advances=108608
tasks worker advances=108672
tasks worker advances=108736
tasks worker advances=108800
tasks worker advances=108864
tasks worker advances=110976
tasks worker advances=111040
tasks worker advances=111104
tasks worker advances=111168
tasks worker advances=111232
tasks worker advances=111296
tasks worker advances=111360
tasks worker advances=111424
tasks worker advances=111488
tasks worker advances=111552
tasks worker advances=111616
tasks worker advances=111680
tasks worker advances=111744
tasks worker advances=111808
tasks worker advances=111872
tasks worker advances=111936
tasks worker advances=112000
tasks worker advances=112064
tasks worker advances=112128
tasks worker advances=112192
tasks worker advances=112256
tasks worker advances=112320
tasks worker advances=112384
tasks worker advances=112448
tasks worker advances=112512
tasks worker advances=112576
tasks worker advances=112640
tasks worker advances=112704
tasks worker advances=112768
tasks worker advances=112832
tasks worker advances=112896
tasks worker advances=112960
tasks worker advances=113024
timer heartbeat ticks=55 irq=55 poll=0
tasks worker advances=113088
tasks worker advances=115200
tasks worker advances=115264
tasks worker advances=115328
tasks worker advances=115392
tasks worker advances=115456
tasks worker advances=115520
tasks worker advances=115584
tasks worker advances=115648
tasks worker advances=115712
tasks worker advances=115776
tasks worker advances=115840
tasks worker advances=115904
tasks worker advances=115968
tasks worker advances=116032
tasks worker advances=116096
tasks worker advances=116160
tasks worker advances=116224
tasks worker advances=116288
tasks worker advances=116352
tasks worker advances=116416
tasks worker advances=116480
tasks worker advances=116544
tasks worker advances=116608
tasks worker advances=116672
tasks worker advances=116736
tasks worker advances=116800
tasks worker advances=116864
tasks worker advances=116928
tasks worker advances=116992
tasks worker advances=117056
tasks worker advances=117120
tasks worker advances=117184
tasks worker advances=117248
tasks worker advances=117312
tasks worker advances=119424
tasks worker advances=119488
tasks worker advances=119552
tasks worker advances=119616
tasks worker advances=119680
tasks worker advances=119744
tasks worker advances=119808
tasks worker advances=119872
tasks worker advances=119936
tasks worker advances=120000
tasks worker advances=120064
tasks worker advances=120128
tasks worker advances=120192
tasks worker advances=120256
tasks worker advances=120320
tasks worker advances=120384
tasks worker advances=120448
tasks worker advances=120512
tasks worker advances=120576
tasks worker advances=120640
tasks worker advances=120704
tasks worker advances=120768
tasks worker advances=120832
tasks worker advances=120896
tasks worker advances=120960
tasks worker advances=121024
tasks worker advances=121088
tasks worker advances=121152
tasks worker advances=121216
tasks worker advances=121280
tasks worker advances=121344
tasks worker advances=121408
tasks worker advances=121472
tasks worker advances=121536
tasks worker advances=123648
tasks worker advances=123712
tasks worker advances=123776
tasks worker advances=123840
tasks worker advances=123904
tasks worker advances=123968
tasks worker advances=124032
tasks worker advances=124096
tasks worker advances=124160
tasks worker advances=124224
tasks worker advances=124288
tasks worker advances=124352
tasks worker advances=124416
tasks worker advances=124480
tasks worker advances=124544
tasks worker advances=124608
tasks worker advances=124672
tasks worker advances=124736
tasks worker advances=124800
tasks worker advances=124864
tasks worker advances=124928
tasks worker advances=124992
tasks worker advances=125056
tasks worker advances=125120
tasks worker advances=125184
tasks worker advances=125248
tasks worker advances=125312
tasks worker advances=125376
tasks worker advances=125440
tasks worker advances=125504
tasks worker advances=125568
tasks worker advances=125632
tasks worker advances=125696
timer heartbeat ticks=60 irq=60 poll=0
tasks worker advances=125760
tasks worker advances=127744
tasks worker advances=127808
tasks worker advances=127872
tasks worker advances=127936
tasks worker advances=128000
tasks worker advances=128064
tasks worker advances=128128
tasks worker advances=128192
tasks worker advances=128256
tasks worker advances=128320
tasks worker advances=128384
tasks worker advances=128448
tasks worker advances=128512
tasks worker advances=128576
tasks worker advances=128640
tasks worker advances=128704
tasks worker advances=128768
tasks worker advances=128832
tasks worker advances=128896
tasks worker advances=128960
tasks worker advances=129024
tasks worker advances=129088
tasks worker advances=129152
tasks worker advances=129216
tasks worker advances=129280
tasks worker advances=129344
tasks worker advances=129408
tasks worker advances=129472
tasks worker advances=129536
tasks worker advances=129600
tasks worker advances=129664
tasks worker advances=129728
tasks worker advances=131776
tasks worker advances=131840
tasks worker advances=131904
tasks worker advances=131968
tasks worker advances=132032
tasks worker advances=132096
tasks worker advances=132160
tasks worker advances=132224
tasks worker advances=132288
tasks worker advances=132352
tasks worker advances=132416
tasks worker advances=132480
tasks worker advances=132544
tasks worker advances=132608
tasks worker advances=132672
tasks worker advances=132736
tasks worker advances=132800
tasks worker advances=132864
tasks worker advances=132928
tasks worker advances=132992
tasks worker advances=133056
tasks worker advances=133120
tasks worker advances=133184
tasks worker advances=133248
tasks worker advances=133312
tasks worker advances=133376
tasks worker advances=133440
tasks worker advances=133504
tasks worker advances=133568
tasks worker advances=133632
timer heartbeat ticks=65 irq=65 poll=0
tasks worker advances=133696
tasks worker advances=135808
tasks worker advances=135872
tasks worker advances=135936
tasks worker advances=136000
tasks worker advances=136064
tasks worker advances=136128
tasks worker advances=136192
tasks worker advances=136256
tasks worker advances=136320
tasks worker advances=136384
tasks worker advances=136448
tasks worker advances=136512
tasks worker advances=136576
tasks worker advances=136640
tasks worker advances=136704
tasks worker advances=136768
tasks worker advances=136832
tasks worker advances=136896
tasks worker advances=136960
tasks worker advances=137024
tasks worker advances=137088
tasks worker advances=137152
tasks worker advances=137216
tasks worker advances=137280
tasks worker advances=137344
tasks worker advances=137408
tasks worker advances=137472
tasks worker advances=137536
tasks worker advances=137600
tasks worker advances=137664
tasks worker advances=137728
tasks worker advances=137792
tasks worker advances=137856
tasks worker advances=139712
tasks worker advances=139776
tasks worker advances=139840
tasks worker advances=139904
tasks worker advances=139968
tasks worker advances=140032
tasks worker advances=140096
tasks worker advances=140160
tasks worker advances=140224
tasks worker advances=140288
tasks worker advances=140352
tasks worker advances=140416
tasks worker advances=140480
tasks worker advances=140544
tasks worker advances=140608
tasks worker advances=140672
tasks worker advances=140736
tasks worker advances=140800
tasks worker advances=140864
tasks worker advances=140928
tasks worker advances=140992
tasks worker advances=141056
tasks worker advances=141120
tasks worker advances=141184
tasks worker advances=141248
tasks worker advances=141312
tasks worker advances=141376
tasks worker advances=141440
tasks worker advances=141504
tasks worker advances=141568
tasks worker advances=141632
tasks worker advances=141696
tasks worker advances=141760
tasks worker advances=141824
tasks worker advances=143872
tasks worker advances=143936
tasks worker advances=144000
tasks worker advances=144064
tasks worker advances=144128
tasks worker advances=144192
tasks worker advances=144256
tasks worker advances=144320
tasks worker advances=144384
tasks worker advances=144448
tasks worker advances=144512
tasks worker advances=144576
tasks worker advances=144640
tasks worker advances=144704
tasks worker advances=144768
tasks worker advances=144832
tasks worker advances=144896
tasks worker advances=144960
tasks worker advances=145024
tasks worker advances=145088
tasks worker advances=145152
tasks worker advances=145216
tasks worker advances=145280
tasks worker advances=145344
tasks worker advances=145408
tasks worker advances=145472
tasks worker advances=145536
tasks worker advances=145600
tasks worker advances=145664
tasks worker advances=145728
tasks worker advances=145792
timer heartbeat ticks=70 irq=70 poll=0
tasks worker advances=145856
tasks worker advances=147840
tasks worker advances=147904
tasks worker advances=147968
tasks worker advances=148032
tasks worker advances=148096
tasks worker advances=148160
tasks worker advances=148224
tasks worker advances=148288
tasks worker advances=148352
tasks worker advances=148416
tasks worker advances=148480
tasks worker advances=148544
tasks worker advances=148608
tasks worker advances=148672
tasks worker advances=148736
tasks worker advances=148800
tasks worker advances=148864
tasks worker advances=148928
tasks worker advances=148992
tasks worker advances=149056
tasks worker advances=149120
tasks worker advances=149184
tasks worker advances=149248
tasks worker advances=149312
tasks worker advances=149376
tasks worker advances=149440
tasks worker advances=149504
tasks worker advances=149568
tasks worker advances=149632
tasks worker advances=149696
tasks worker advances=149760
tasks worker advances=149824
tasks worker advances=149888
tasks worker advances=151872
tasks worker advances=151936
tasks worker advances=152000
tasks worker advances=152064
tasks worker advances=152128
tasks worker advances=152192
tasks worker advances=152256
tasks worker advances=152320
tasks worker advances=152384
tasks worker advances=152448
tasks worker advances=152512
tasks worker advances=152576
tasks worker advances=152640
tasks worker advances=152704
tasks worker advances=152768
tasks worker advances=152832
tasks worker advances=152896
tasks worker advances=152960
tasks worker advances=153024
tasks worker advances=153088
tasks worker advances=153152
tasks worker advances=153216
tasks worker advances=153280
tasks worker advances=153344
tasks worker advances=153408
tasks worker advances=153472
tasks worker advances=153536
tasks worker advances=153600
tasks worker advances=153664
tasks worker advances=153728
tasks worker advances=153792
timer heartbeat ticks=75 irq=75 poll=0
tasks worker advances=153856
tasks worker advances=155840
tasks worker advances=155904
tasks worker advances=155968
tasks worker advances=156032
tasks worker advances=156096
tasks worker advances=156160
tasks worker advances=156224
tasks worker advances=156288
tasks worker advances=156352
tasks worker advances=156416
tasks worker advances=156480
tasks worker advances=156544
tasks worker advances=156608
tasks worker advances=156672
tasks worker advances=156736
tasks worker advances=156800
tasks worker advances=156864
tasks worker advances=156928
tasks worker advances=156992
tasks worker advances=157056
tasks worker advances=157120
tasks worker advances=157184
tasks worker advances=157248
tasks worker advances=157312
tasks worker advances=157376
tasks worker advances=157440
tasks worker advances=157504
tasks worker advances=157568
tasks worker advances=157632
tasks worker advances=157696
tasks worker advances=157760
tasks worker advances=157824
tasks worker advances=157888
tasks worker advances=159808
tasks worker advances=159872
tasks worker advances=159936
tasks worker advances=160000
tasks worker advances=160064
tasks worker advances=160128
tasks worker advances=160192
tasks worker advances=160256
tasks worker advances=160320
tasks worker advances=160384
tasks worker advances=160448
tasks worker advances=160512
tasks worker advances=160576
tasks worker advances=160640
tasks worker advances=160704
tasks worker advances=160768
tasks worker advances=160832
tasks worker advances=160896
tasks worker advances=160960
tasks worker advances=161024
tasks worker advances=161088
tasks worker advances=161152
tasks worker advances=161216
tasks worker advances=161280
tasks worker advances=161344
tasks worker advances=161408
tasks worker advances=161472
tasks worker advances=161536
tasks worker advances=161600
tasks worker advances=161664
tasks worker advances=161728
tasks worker advances=161792
tasks worker advances=163648
tasks worker advances=163712
tasks worker advances=163776
tasks worker advances=163840
tasks worker advances=163904
tasks worker advances=163968
tasks worker advances=164032
tasks worker advances=164096
tasks worker advances=164160
tasks worker advances=164224
tasks worker advances=164288
tasks worker advances=164352
tasks worker advances=164416
tasks worker advances=164480
tasks worker advances=164544
tasks worker advances=164608
tasks worker advances=164672
tasks worker advances=164736
tasks worker advances=164800
tasks worker advances=164864
tasks worker advances=164928
tasks worker advances=164992
tasks worker advances=165056
tasks worker advances=165120
tasks worker advances=165184
tasks worker advances=165248
tasks worker advances=165312
tasks worker advances=165376
tasks worker advances=165440
tasks worker advances=165504
tasks worker advances=165568
timer heartbeat ticks=80 irq=80 poll=0
tasks worker advances=165632
tasks worker advances=167680
tasks worker advances=167744
tasks worker advances=167808
tasks worker advances=167872
tasks worker advances=167936
tasks worker advances=168000
tasks worker advances=168064
tasks worker advances=168128
tasks worker advances=168192
tasks worker advances=168256
tasks worker advances=168320
tasks worker advances=168384
tasks worker advances=168448
tasks worker advances=168512
tasks worker advances=168576
tasks worker advances=168640
tasks worker advances=168704
tasks worker advances=168768
tasks worker advances=168832
tasks worker advances=168896
tasks worker advances=168960
tasks worker advances=169024
tasks worker advances=169088
tasks worker advances=169152
tasks worker advances=169216
tasks worker advances=169280
tasks worker advances=169344
tasks worker advances=169408
tasks worker advances=169472
tasks worker advances=169536
tasks worker advances=169600
tasks worker advances=169664
tasks worker advances=169728
tasks worker advances=171840
tasks worker advances=171904
tasks worker advances=171968
tasks worker advances=172032
tasks worker advances=172096
tasks worker advances=172160
tasks worker advances=172224
tasks worker advances=172288
tasks worker advances=172352
tasks worker advances=172416
tasks worker advances=172480
tasks worker advances=172544
tasks worker advances=172608
tasks worker advances=172672
tasks worker advances=172736
tasks worker advances=172800
tasks worker advances=172864
tasks worker advances=172928
tasks worker advances=172992
tasks worker advances=173056
tasks worker advances=173120
tasks worker advances=173184
tasks worker advances=173248
tasks worker advances=173312
tasks worker advances=173376
tasks worker advances=173440
tasks worker advances=173504
tasks worker advances=173568
tasks worker advances=173632
tasks worker advances=173696
tasks worker advances=173760
tasks worker advances=173824
timer heartbeat ticks=85 irq=85 poll=0
tasks worker advances=173888
tasks worker advances=175936
tasks worker advances=176000
tasks worker advances=176064
tasks worker advances=176128
tasks worker advances=176192
tasks worker advances=176256
tasks worker advances=176320
tasks worker advances=176384
tasks worker advances=176448
tasks worker advances=176512
tasks worker advances=176576
tasks worker advances=176640
tasks worker advances=176704
tasks worker advances=176768
tasks worker advances=176832
tasks worker advances=176896
tasks worker advances=176960
tasks worker advances=177024
tasks worker advances=177088
tasks worker advances=177152
tasks worker advances=177216
tasks worker advances=177280
tasks worker advances=177344
tasks worker advances=177408
tasks worker advances=177472
tasks worker advances=177536
tasks worker advances=177600
tasks worker advances=177664
tasks worker advances=177728
tasks worker advances=177792
tasks worker advances=177856
tasks worker advances=177920
tasks worker advances=177984
tasks worker advances=179968
tasks worker advances=180032
tasks worker advances=180096
tasks worker advances=180160
tasks worker advances=180224
tasks worker advances=180288
tasks worker advances=180352
tasks worker advances=180416
tasks worker advances=180480
tasks worker advances=180544
tasks worker advances=180608
tasks worker advances=180672
tasks worker advances=180736
tasks worker advances=180800
tasks worker advances=180864
tasks worker advances=180928
tasks worker advances=180992
tasks worker advances=181056
tasks worker advances=181120
tasks worker advances=181184
tasks worker advances=181248
tasks worker advances=181312
tasks worker advances=181376
tasks worker advances=181440
tasks worker advances=181504
tasks worker advances=181568
tasks worker advances=181632
tasks worker advances=181696
tasks worker advances=181760
tasks worker advances=181824
tasks worker advances=181888
tasks worker advances=181952
tasks worker advances=184000
tasks worker advances=184064
tasks worker advances=184128
tasks worker advances=184192
tasks worker advances=184256
tasks worker advances=184320
tasks worker advances=184384
tasks worker advances=184448
tasks worker advances=184512
tasks worker advances=184576
tasks worker advances=184640
tasks worker advances=184704
tasks worker advances=184768
tasks worker advances=184832
tasks worker advances=184896
tasks worker advances=184960
tasks worker advances=185024
tasks worker advances=185088
tasks worker advances=185152
tasks worker advances=185216
tasks worker advances=185280
tasks worker advances=185344
tasks worker advances=185408
tasks worker advances=185472
tasks worker advances=185536
tasks worker advances=185600
tasks worker advances=185664
tasks worker advances=185728
tasks worker advances=185792
tasks worker advances=185856
tasks worker advances=185920
tasks worker advances=185984
tasks worker advances=186048
timer heartbeat ticks=90 irq=90 poll=0
tasks worker advances=186112
tasks worker advances=188160
tasks worker advances=188224
tasks worker advances=188288
tasks worker advances=188352
tasks worker advances=188416
tasks worker advances=188480
tasks worker advances=188544
tasks worker advances=188608
tasks worker advances=188672
tasks worker advances=188736
tasks worker advances=188800
tasks worker advances=188864
tasks worker advances=188928
tasks worker advances=188992
tasks worker advances=189056
tasks worker advances=189120
tasks worker advances=189184
tasks worker advances=189248
tasks worker advances=189312
tasks worker advances=189376
tasks worker advances=189440
tasks worker advances=189504
tasks worker advances=189568
tasks worker advances=189632
tasks worker advances=189696
tasks worker advances=189760
tasks worker advances=189824
tasks worker advances=189888
tasks worker advances=189952
tasks worker advances=190016
tasks worker advances=190080
tasks worker advances=190144
tasks worker advances=190208
tasks worker advances=192256
tasks worker advances=192320
tasks worker advances=192384
tasks worker advances=192448
tasks worker advances=192512
tasks worker advances=192576
tasks worker advances=192640
tasks worker advances=192704
tasks worker advances=192768
tasks worker advances=192832
tasks worker advances=192896
tasks worker advances=192960
tasks worker advances=193024
tasks worker advances=193088
tasks worker advances=193152
tasks worker advances=193216
tasks worker advances=193280
tasks worker advances=193344
tasks worker advances=193408
tasks worker advances=193472
tasks worker advances=193536
tasks worker advances=193600
tasks worker advances=193664
tasks worker advances=193728
tasks worker advances=193792
tasks worker advances=193856
tasks worker advances=193920
tasks worker advances=193984
tasks worker advances=194048
tasks worker advances=194112
tasks worker advances=194176
timer heartbeat ticks=95 irq=95 poll=0
tasks worker advances=194240
tasks worker advances=196288
tasks worker advances=196352
tasks worker advances=196416
tasks worker advances=196480
tasks worker advances=196544
tasks worker advances=196608
tasks worker advances=196672
tasks worker advances=196736
tasks worker advances=196800
tasks worker advances=196864
tasks worker advances=196928
tasks worker advances=196992
tasks worker advances=197056
tasks worker advances=197120
tasks worker advances=197184
tasks worker advances=197248
tasks worker advances=197312
tasks worker advances=197376
tasks worker advances=197440
tasks worker advances=197504
tasks worker advances=197568
tasks worker advances=197632
tasks worker advances=197696
tasks worker advances=197760
tasks worker advances=197824
tasks worker advances=197888
tasks worker advances=197952
tasks worker advances=198016
tasks worker advances=198080
tasks worker advances=198144
tasks worker advances=198208
tasks worker advances=198272
tasks worker advances=198336
tasks worker advances=200320
tasks worker advances=200384
tasks worker advances=200448
tasks worker advances=200512
tasks worker advances=200576
tasks worker advances=200640
tasks worker advances=200704
tasks worker advances=200768
tasks worker advances=200832
tasks worker advances=200896
tasks worker advances=200960
tasks worker advances=201024
tasks worker advances=201088
tasks worker advances=201152
tasks worker advances=201216
tasks worker advances=201280
tasks worker advances=201344
tasks worker advances=201408
tasks worker advances=201472
tasks worker advances=201536
tasks worker advances=201600
tasks worker advances=201664
tasks worker advances=201728
tasks worker advances=201792
tasks worker advances=201856
tasks worker advances=201920
tasks worker advances=201984
tasks worker advances=202048
tasks worker advances=202112
tasks worker advances=202176
tasks worker advances=202240
tasks worker advances=202304
tasks worker advances=202368
tasks worker advances=204416
tasks worker advances=204480
tasks worker advances=204544
tasks worker advances=204608
tasks worker advances=204672
tasks worker advances=204736
tasks worker advances=204800
tasks worker advances=204864
tasks worker advances=204928
tasks worker advances=204992
tasks worker advances=205056
tasks worker advances=205120
tasks worker advances=205184
tasks worker advances=205248
tasks worker advances=205312
tasks worker advances=205376
tasks worker advances=205440
tasks worker advances=205504
tasks worker advances=205568
tasks worker advances=205632
tasks worker advances=205696
tasks worker advances=205760
tasks worker advances=205824
tasks worker advances=205888
tasks worker advances=205952
tasks worker advances=206016
tasks worker advances=206080
tasks worker advances=206144
tasks worker advances=206208
tasks worker advances=206272
tasks worker advances=206336
timer heartbeat ticks=100 irq=100 poll=0
tasks worker advances=206400
tasks worker advances=208448
tasks worker advances=208512
tasks worker advances=208576
tasks worker advances=208640
tasks worker advances=208704
tasks worker advances=208768
tasks worker advances=208832
tasks worker advances=208896
tasks worker advances=208960
tasks worker advances=209024
tasks worker advances=209088
tasks worker advances=209152
tasks worker advances=209216
tasks worker advances=209280
tasks worker advances=209344
tasks worker advances=209408
tasks worker advances=209472
tasks worker advances=209536
tasks worker advances=209600
tasks worker advances=209664
tasks worker advances=209728
tasks worker advances=209792
tasks worker advances=209856
tasks worker advances=209920
tasks worker advances=209984
tasks worker advances=210048
tasks worker advances=210112
tasks worker advances=210176
tasks worker advances=210240
tasks worker advances=210304
tasks worker advances=210368
tasks worker advances=210432
tasks worker advances=210496
tasks worker advances=212608
tasks worker advances=212672
tasks worker advances=212736
tasks worker advances=212800
tasks worker advances=212864
tasks worker advances=212928
tasks worker advances=212992
tasks worker advances=213056
tasks worker advances=213120
tasks worker advances=213184
tasks worker advances=213248
tasks worker advances=213312
tasks worker advances=213376
tasks worker advances=213440
tasks worker advances=213504
tasks worker advances=213568
tasks worker advances=213632
tasks worker advances=213696
tasks worker advances=213760
tasks worker advances=213824
tasks worker advances=213888
tasks worker advances=213952
tasks worker advances=214016
tasks worker advances=214080
tasks worker advances=214144
tasks worker advances=214208
tasks worker advances=214272
tasks worker advances=214336
tasks worker advances=214400
tasks worker advances=214464
tasks worker advances=214528
tasks worker advances=214592
timer heartbeat ticks=105 irq=105 poll=0
tasks worker advances=214656
tasks worker advances=216704
tasks worker advances=216768
tasks worker advances=216832
tasks worker advances=216896
tasks worker advances=216960
tasks worker advances=217024
tasks worker advances=217088
tasks worker advances=217152
tasks worker advances=217216
tasks worker advances=217280
tasks worker advances=217344
tasks worker advances=217408
tasks worker advances=217472
tasks worker advances=217536
tasks worker advances=217600
tasks worker advances=217664
tasks worker advances=217728
tasks worker advances=217792
tasks worker advances=217856
tasks worker advances=217920
tasks worker advances=217984
tasks worker advances=218048
tasks worker advances=218112
tasks worker advances=218176
tasks worker advances=218240
tasks worker advances=218304
tasks worker advances=218368
tasks worker advances=218432
tasks worker advances=218496
tasks worker advances=218560
tasks worker advances=218624
tasks worker advances=218688
tasks worker advances=218752
tasks worker advances=220736
tasks worker advances=220800
tasks worker advances=220864
tasks worker advances=220928
tasks worker advances=220992
tasks worker advances=221056
tasks worker advances=221120
tasks worker advances=221184
tasks worker advances=221248
tasks worker advances=221312
tasks worker advances=221376
tasks worker advances=221440
tasks worker advances=221504
tasks worker advances=221568
tasks worker advances=221632
tasks worker advances=221696
tasks worker advances=221760
tasks worker advances=221824
tasks worker advances=221888
tasks worker advances=221952
tasks worker advances=222016
tasks worker advances=222080
tasks worker advances=222144
tasks worker advances=222208
tasks worker advances=222272
tasks worker advances=222336
tasks worker advances=222400
tasks worker advances=222464
tasks worker advances=222528
tasks worker advances=222592
tasks worker advances=222656
tasks worker advances=222720
tasks worker advances=222784
tasks worker advances=224832
tasks worker advances=224896
tasks worker advances=224960
tasks worker advances=225024
tasks worker advances=225088
tasks worker advances=225152
tasks worker advances=225216
tasks worker advances=225280
tasks worker advances=225344
tasks worker advances=225408
tasks worker advances=225472
tasks worker advances=225536
tasks worker advances=225600
tasks worker advances=225664
tasks worker advances=225728
tasks worker advances=225792
tasks worker advances=225856
tasks worker advances=225920
tasks worker advances=225984
tasks worker advances=226048
tasks worker advances=226112
tasks worker advances=226176
tasks worker advances=226240
tasks worker advances=226304
tasks worker advances=226368
tasks worker advances=226432
tasks worker advances=226496
tasks worker advances=226560
tasks worker advances=226624
tasks worker advances=226688
tasks worker advances=226752
tasks worker advances=226816
timer heartbeat ticks=110 irq=110 poll=0
tasks worker advances=226880
tasks worker advances=228864
tasks worker advances=228928
tasks worker advances=228992
tasks worker advances=229056
tasks worker advances=229120
tasks worker advances=229184
tasks worker advances=229248
tasks worker advances=229312
tasks worker advances=229376
tasks worker advances=229440
tasks worker advances=229504
tasks worker advances=229568
tasks worker advances=229632
tasks worker advances=229696
tasks worker advances=229760
tasks worker advances=229824
tasks worker advances=229888
tasks worker advances=229952
tasks worker advances=230016
tasks worker advances=230080
tasks worker advances=230144
tasks worker advances=230208
tasks worker advances=230272
tasks worker advances=230336
tasks worker advances=230400
tasks worker advances=230464
tasks worker advances=230528
tasks worker advances=230592
tasks worker advances=230656
tasks worker advances=230720
tasks worker advances=230784
tasks worker advances=230848
tasks worker advances=230912
tasks worker advances=232896
tasks worker advances=232960
tasks worker advances=233024
tasks worker advances=233088
tasks worker advances=233152
tasks worker advances=233216
tasks worker advances=233280
tasks worker advances=233344
tasks worker advances=233408
tasks worker advances=233472
tasks worker advances=233536
tasks worker advances=233600
tasks worker advances=233664
tasks worker advances=233728
tasks worker advances=233792
tasks worker advances=233856
tasks worker advances=233920
tasks worker advances=233984
tasks worker advances=234048
tasks worker advances=234112
tasks worker advances=234176
tasks worker advances=234240
tasks worker advances=234304
tasks worker advances=234368
tasks worker advances=234432
tasks worker advances=234496
tasks worker advances=234560
tasks worker advances=234624
tasks worker advances=234688
tasks worker advances=234752
tasks worker advances=234816
tasks worker advances=234880
tasks worker advances=234944
timer heartbeat ticks=115 irq=115 poll=0
tasks worker advances=235008
tasks worker advances=237056
tasks worker advances=237120
tasks worker advances=237184
tasks worker advances=237248
tasks worker advances=237312
tasks worker advances=237376
tasks worker advances=237440
tasks worker advances=237504
tasks worker advances=237568
tasks worker advances=237632
tasks worker advances=237696
tasks worker advances=237760
tasks worker advances=237824
tasks worker advances=237888
tasks worker advances=237952
tasks worker advances=238016
tasks worker advances=238080
tasks worker advances=238144
tasks worker advances=238208
tasks worker advances=238272
tasks worker advances=238336
tasks worker advances=238400
tasks worker advances=238464
tasks worker advances=238528
tasks worker advances=238592
tasks worker advances=238656
tasks worker advances=238720
tasks worker advances=238784
tasks worker advances=238848
tasks worker advances=238912
tasks worker advances=238976
tasks worker advances=239040
tasks worker advances=239104
tasks worker advances=241088
tasks worker advances=241152
tasks worker advances=241216
tasks worker advances=241280
tasks worker advances=241344
tasks worker advances=241408
tasks worker advances=241472
tasks worker advances=241536
tasks worker advances=241600
tasks worker advances=241664
tasks worker advances=241728
tasks worker advances=241792
tasks worker advances=241856
tasks worker advances=241920
tasks worker advances=241984
tasks worker advances=242048
tasks worker advances=242112
tasks worker advances=242176
tasks worker advances=242240
tasks worker advances=242304
tasks worker advances=242368
tasks worker advances=242432
tasks worker advances=242496
tasks worker advances=242560
tasks worker advances=242624
tasks worker advances=242688
tasks worker advances=242752
tasks worker advances=242816
tasks worker advances=242880
tasks worker advances=242944
tasks worker advances=243008
tasks worker advances=243072
tasks worker advances=245120
tasks worker advances=245184
tasks worker advances=245248
tasks worker advances=245312
tasks worker advances=245376
tasks worker advances=245440
tasks worker advances=245504
tasks worker advances=245568
tasks worker advances=245632
tasks worker advances=245696
tasks worker advances=245760
tasks worker advances=245824
tasks worker advances=245888
tasks worker advances=245952
tasks worker advances=246016
tasks worker advances=246080
tasks worker advances=246144
tasks worker advances=246208
tasks worker advances=246272
tasks worker advances=246336
tasks worker advances=246400
tasks worker advances=246464
tasks worker advances=246528
tasks worker advances=246592
tasks worker advances=246656
tasks worker advances=246720
tasks worker advances=246784
tasks worker advances=246848
tasks worker advances=246912
tasks worker advances=246976
tasks worker advances=247040
tasks worker advances=247104
timer heartbeat ticks=120 irq=120 poll=0
tasks worker advances=247168
tasks worker advances=248960
tasks worker advances=249024
tasks worker advances=249088
tasks worker advances=249152
tasks worker advances=249216
tasks worker advances=249280
tasks worker advances=249344
tasks worker advances=249408
tasks worker advances=249472
tasks worker advances=249536
tasks worker advances=249600
tasks worker advances=249664
tasks worker advances=249728
tasks worker advances=249792
tasks worker advances=249856
tasks worker advances=249920
tasks worker advances=249984
tasks worker advances=250048
tasks worker advances=250112
tasks worker advances=250176
tasks worker advances=250240
tasks worker advances=250304
tasks worker advances=250368
tasks worker advances=250432
tasks worker advances=250496
tasks worker advances=250560
tasks worker advances=250624
tasks worker advances=250688
tasks worker advances=250752
tasks worker advances=250816
tasks worker advances=252864
tasks worker advances=252928
tasks worker advances=252992
tasks worker advances=253056
tasks worker advances=253120
tasks worker advances=253184
tasks worker advances=253248
tasks worker advances=253312
tasks worker advances=253376
tasks worker advances=253440
tasks worker advances=253504
tasks worker advances=253568
tasks worker advances=253632
tasks worker advances=253696
tasks worker advances=253760
tasks worker advances=253824
tasks worker advances=253888
tasks worker advances=253952
tasks worker advances=254016
tasks worker advances=254080
tasks worker advances=254144
tasks worker advances=254208
tasks worker advances=254272
tasks worker advances=254336
tasks worker advances=254400
tasks worker advances=254464
tasks worker advances=254528
tasks worker advances=254592
tasks worker advances=254656
tasks worker advances=254720
tasks worker advances=254784
tasks worker advances=254848
timer heartbeat ticks=125 irq=125 poll=0
tasks worker advances=254912
tasks worker advances=256896
tasks worker advances=256960
tasks worker advances=257024
tasks worker advances=257088
tasks worker advances=257152
tasks worker advances=257216
tasks worker advances=257280
tasks worker advances=257344
tasks worker advances=257408
tasks worker advances=257472
tasks worker advances=257536
tasks worker advances=257600
tasks worker advances=257664
tasks worker advances=257728
tasks worker advances=257792
tasks worker advances=257856
tasks worker advances=257920
tasks worker advances=257984
tasks worker advances=258048
tasks worker advances=258112
tasks worker advances=258176
tasks worker advances=258240
tasks worker advances=258304
tasks worker advances=258368
tasks worker advances=258432
tasks worker advances=258496
tasks worker advances=258560
tasks worker advances=258624
tasks worker advances=258688
tasks worker advances=258752
tasks worker advances=258816
tasks worker advances=258880
tasks worker advances=258944
tasks worker advances=260992
tasks worker advances=261056
tasks worker advances=261120
tasks worker advances=261184
tasks worker advances=261248
tasks worker advances=261312
tasks worker advances=261376
tasks worker advances=261440
tasks worker advances=261504
tasks worker advances=261568
tasks worker advances=261632
tasks worker advances=261696
tasks worker advances=261760
tasks worker advances=261824
tasks worker advances=261888
tasks worker advances=261952
tasks worker advances=262016
tasks worker advances=262080
tasks worker advances=262144
tasks worker advances=262208
tasks worker advances=262272
tasks worker advances=262336
tasks worker advances=262400
tasks worker advances=262464
tasks worker advances=262528
tasks worker advances=262592
tasks worker advances=262656
tasks worker advances=262720
tasks worker advances=262784
tasks worker advances=262848
tasks worker advances=262912
tasks worker advances=262976
tasks worker advances=263040
tasks worker advances=265024
tasks worker advances=265088
tasks worker advances=265152
tasks worker advances=265216
tasks worker advances=265280
tasks worker advances=265344
tasks worker advances=265408
tasks worker advances=265472
tasks worker advances=265536
tasks worker advances=265600
tasks worker advances=265664
tasks worker advances=265728
tasks worker advances=265792
tasks worker advances=265856
tasks worker advances=265920
tasks worker advances=265984
tasks worker advances=266048
tasks worker advances=266112
tasks worker advances=266176
tasks worker advances=266240
tasks worker advances=266304
tasks worker advances=266368
tasks worker advances=266432
tasks worker advances=266496
tasks worker advances=266560
tasks worker advances=266624
tasks worker advances=266688
tasks worker advances=266752
tasks worker advances=266816
tasks worker advances=266880
tasks worker advances=266944
tasks worker advances=267008
timer heartbeat ticks=130 irq=130 poll=0
tasks worker advances=267072
tasks worker advances=269120
tasks worker advances=269184
tasks worker advances=269248
tasks worker advances=269312
tasks worker advances=269376
tasks worker advances=269440
tasks worker advances=269504
tasks worker advances=269568
tasks worker advances=269632
tasks worker advances=269696
tasks worker advances=269760
tasks worker advances=269824
tasks worker advances=269888
tasks worker advances=269952
tasks worker advances=270016
tasks worker advances=270080
tasks worker advances=270144
tasks worker advances=270208
tasks worker advances=270272
tasks worker advances=270336
tasks worker advances=270400
tasks worker advances=270464
tasks worker advances=270528
tasks worker advances=270592
tasks worker advances=270656
tasks worker advances=270720
tasks worker advances=270784
tasks worker advances=270848
tasks worker advances=270912
tasks worker advances=270976
tasks worker advances=271040
tasks worker advances=271104
tasks worker advances=271168
tasks worker advances=273216
tasks worker advances=273280
tasks worker advances=273344
tasks worker advances=273408
tasks worker advances=273472
tasks worker advances=273536
tasks worker advances=273600
tasks worker advances=273664
tasks worker advances=273728
tasks worker advances=273792
tasks worker advances=273856
tasks worker advances=273920
tasks worker advances=273984
tasks worker advances=274048
tasks worker advances=274112
tasks worker advances=274176
tasks worker advances=274240
tasks worker advances=274304
tasks worker advances=274368
tasks worker advances=274432
tasks worker advances=274496
tasks worker advances=274560
tasks worker advances=274624
tasks worker advances=274688
tasks worker advances=274752
tasks worker advances=274816
tasks worker advances=274880
tasks worker advances=274944
tasks worker advances=275008
tasks worker advances=275072
tasks worker advances=275136
tasks worker advances=275200
timer heartbeat ticks=135 irq=135 poll=0
tasks worker advances=275264
tasks worker advances=277312
tasks worker advances=277376
tasks worker advances=277440
tasks worker advances=277504
tasks worker advances=277568
tasks worker advances=277632
tasks worker advances=277696
tasks worker advances=277760
tasks worker advances=277824
tasks worker advances=277888
tasks worker advances=277952
tasks worker advances=278016
tasks worker advances=278080
tasks worker advances=278144
tasks worker advances=278208
tasks worker advances=278272
tasks worker advances=278336
tasks worker advances=278400
tasks worker advances=278464
tasks worker advances=278528
tasks worker advances=278592
tasks worker advances=278656
tasks worker advances=278720
tasks worker advances=278784
tasks worker advances=278848
tasks worker advances=278912
tasks worker advances=278976
tasks worker advances=279040
tasks worker advances=279104
tasks worker advances=279168
tasks worker advances=279232
tasks worker advances=279296
tasks worker advances=281344
tasks worker advances=281408
tasks worker advances=281472
tasks worker advances=281536
tasks worker advances=281600
tasks worker advances=281664
tasks worker advances=281728
tasks worker advances=281792
tasks worker advances=281856
tasks worker advances=281920
tasks worker advances=281984
tasks worker advances=282048
tasks worker advances=282112
tasks worker advances=282176
tasks worker advances=282240
tasks worker advances=282304
tasks worker advances=282368
tasks worker advances=282432
tasks worker advances=282496
tasks worker advances=282560
tasks worker advances=282624
tasks worker advances=282688
tasks worker advances=282752
tasks worker advances=282816
tasks worker advances=282880
tasks worker advances=282944
tasks worker advances=283008
tasks worker advances=283072
tasks worker advances=283136
tasks worker advances=283200
tasks worker advances=283264
tasks worker advances=283328
tasks worker advances=283392
tasks worker advances=285376
tasks worker advances=285440
tasks worker advances=285504
tasks worker advances=285568
tasks worker advances=285632
tasks worker advances=285696
tasks worker advances=285760
tasks worker advances=285824
tasks worker advances=285888
tasks worker advances=285952
tasks worker advances=286016
tasks worker advances=286080
tasks worker advances=286144
tasks worker advances=286208
tasks worker advances=286272
tasks worker advances=286336
tasks worker advances=286400
tasks worker advances=286464
tasks worker advances=286528
tasks worker advances=286592
tasks worker advances=286656
tasks worker advances=286720
tasks worker advances=286784
tasks worker advances=286848
tasks worker advances=286912
tasks worker advances=286976
tasks worker advances=287040
tasks worker advances=287104
tasks worker advances=287168
tasks worker advances=287232
tasks worker advances=287296
timer heartbeat ticks=140 irq=140 poll=0
tasks worker advances=287360
tasks worker advances=289152
tasks worker advances=289216
tasks worker advances=289280
tasks worker advances=289344
tasks worker advances=289408
tasks worker advances=289472
tasks worker advances=289536
tasks worker advances=289600
tasks worker advances=289664
tasks worker advances=289728
tasks worker advances=289792
tasks worker advances=289856
tasks worker advances=289920
tasks worker advances=289984
tasks worker advances=290048
tasks worker advances=290112
tasks worker advances=290176
tasks worker advances=290240
tasks worker advances=290304
tasks worker advances=290368
tasks worker advances=290432
tasks worker advances=290496
tasks worker advances=290560
tasks worker advances=290624
tasks worker advances=290688
tasks worker advances=290752
tasks worker advances=290816
tasks worker advances=290880
tasks worker advances=290944
tasks worker advances=291008
tasks worker advances=291072
tasks worker advances=293056
tasks worker advances=293120
tasks worker advances=293184
tasks worker advances=293248
tasks worker advances=293312
tasks worker advances=293376
tasks worker advances=293440
tasks worker advances=293504
tasks worker advances=293568
tasks worker advances=293632
tasks worker advances=293696
tasks worker advances=293760
tasks worker advances=293824
tasks worker advances=293888
tasks worker advances=293952
tasks worker advances=294016
tasks worker advances=294080
tasks worker advances=294144
tasks worker advances=294208
tasks worker advances=294272
tasks worker advances=294336
tasks worker advances=294400
tasks worker advances=294464
tasks worker advances=294528
tasks worker advances=294592
tasks worker advances=294656
tasks worker advances=294720
tasks worker advances=294784
tasks worker advances=294848
tasks worker advances=294912
tasks worker advances=294976
timer heartbeat ticks=145 irq=145 poll=0
tasks worker advances=295040
tasks worker advances=297024
tasks worker advances=297088
tasks worker advances=297152
tasks worker advances=297216
tasks worker advances=297280
tasks worker advances=297344
tasks worker advances=297408
tasks worker advances=297472
tasks worker advances=297536
tasks worker advances=297600
tasks worker advances=297664
tasks worker advances=297728
tasks worker advances=297792
tasks worker advances=297856
tasks worker advances=297920
tasks worker advances=297984
tasks worker advances=298048
tasks worker advances=298112
tasks worker advances=298176
tasks worker advances=298240
tasks worker advances=298304
tasks worker advances=298368
tasks worker advances=298432
tasks worker advances=298496
tasks worker advances=298560
tasks worker advances=298624
tasks worker advances=298688
tasks worker advances=298752
tasks worker advances=298816
tasks worker advances=298880
tasks worker advances=298944
tasks worker advances=299008
tasks worker advances=300928
tasks worker advances=300992
tasks worker advances=301056
tasks worker advances=301120
tasks worker advances=301184
tasks worker advances=301248
tasks worker advances=301312
tasks worker advances=301376
tasks worker advances=301440
tasks worker advances=301504
tasks worker advances=301568
tasks worker advances=301632
tasks worker advances=301696
tasks worker advances=301760
tasks worker advances=301824
tasks worker advances=301888
tasks worker advances=301952
tasks worker advances=302016
tasks worker advances=302080
tasks worker advances=302144
tasks worker advances=302208
tasks worker advances=302272
tasks worker advances=302336
tasks worker advances=302400
tasks worker advances=302464
tasks worker advances=302528
tasks worker advances=302592
tasks worker advances=302656
tasks worker advances=302720
tasks worker advances=302784
tasks worker advances=302848
tasks worker advances=302912
tasks worker advances=304704
tasks worker advances=304768
tasks worker advances=304832
tasks worker advances=304896
tasks worker advances=304960
tasks worker advances=305024
tasks worker advances=305088
tasks worker advances=305152
tasks worker advances=305216
tasks worker advances=305280
tasks worker advances=305344
tasks worker advances=305408
tasks worker advances=305472
tasks worker advances=305536
tasks worker advances=305600
tasks worker advances=305664
tasks worker advances=305728
tasks worker advances=305792
tasks worker advances=305856
tasks worker advances=305920
tasks worker advances=305984
tasks worker advances=306048
tasks worker advances=306112
tasks worker advances=306176
tasks worker advances=306240
tasks worker advances=306304
tasks worker advances=306368
tasks worker advances=306432
timer heartbeat ticks=150 irq=150 poll=0
tasks worker advances=306496
tasks worker advances=308480
tasks worker advances=308544
tasks worker advances=308608
tasks worker advances=308672
tasks worker advances=308736
tasks worker advances=308800
tasks worker advances=308864
tasks worker advances=308928
tasks worker advances=308992
tasks worker advances=309056
tasks worker advances=309120
tasks worker advances=309184
tasks worker advances=309248
tasks worker advances=309312
tasks worker advances=309376
tasks worker advances=309440
tasks worker advances=309504
tasks worker advances=309568
tasks worker advances=309632
tasks worker advances=309696
tasks worker advances=309760
tasks worker advances=309824
tasks worker advances=309888
tasks worker advances=309952
tasks worker advances=310016
tasks worker advances=310080
tasks worker advances=310144
tasks worker advances=310208
tasks worker advances=310272
tasks worker advances=310336
tasks worker advances=310400
tasks worker advances=310464
tasks worker advances=312448
tasks worker advances=312512
tasks worker advances=312576
tasks worker advances=312640
tasks worker advances=312704
tasks worker advances=312768
tasks worker advances=312832
tasks worker advances=312896
tasks worker advances=312960
tasks worker advances=313024
tasks worker advances=313088
tasks worker advances=313152
tasks worker advances=313216
tasks worker advances=313280
tasks worker advances=313344
tasks worker advances=313408
tasks worker advances=313472
tasks worker advances=313536
tasks worker advances=313600
tasks worker advances=313664
tasks worker advances=313728
tasks worker advances=313792
tasks worker advances=313856
tasks worker advances=313920
tasks worker advances=313984
tasks worker advances=314048
tasks worker advances=314112
tasks worker advances=314176
tasks worker advances=314240
tasks worker advances=314304
tasks worker advances=314368
timer heartbeat ticks=155 irq=155 poll=0
tasks worker advances=314432
tasks worker advances=316416
tasks worker advances=316480
tasks worker advances=316544
tasks worker advances=316608
tasks worker advances=316672
tasks worker advances=316736
tasks worker advances=316800
tasks worker advances=316864
tasks worker advances=316928
tasks worker advances=316992
tasks worker advances=317056
tasks worker advances=317120
tasks worker advances=317184
tasks worker advances=317248
tasks worker advances=317312
tasks worker advances=317376
tasks worker advances=317440
tasks worker advances=317504
tasks worker advances=317568
tasks worker advances=317632
tasks worker advances=317696
tasks worker advances=317760
tasks worker advances=317824
tasks worker advances=317888
tasks worker advances=317952
tasks worker advances=318016
tasks worker advances=318080
tasks worker advances=318144
tasks worker advances=318208
tasks worker advances=318272
tasks worker advances=318336
tasks worker advances=318400
tasks worker advances=318464
tasks worker advances=320384
tasks worker advances=320448
tasks worker advances=320512
tasks worker advances=320576
tasks worker advances=320640
tasks worker advances=320704
tasks worker advances=320768
tasks worker advances=320832
tasks worker advances=320896
tasks worker advances=320960
tasks worker advances=321024
tasks worker advances=321088
tasks worker advances=321152
tasks worker advances=321216
tasks worker advances=321280
tasks worker advances=321344
tasks worker advances=321408
tasks worker advances=321472
tasks worker advances=321536
tasks worker advances=321600
tasks worker advances=321664
tasks worker advances=321728
tasks worker advances=321792
tasks worker advances=321856
tasks worker advances=321920
tasks worker advances=321984
tasks worker advances=322048
tasks worker advances=322112
tasks worker advances=322176
tasks worker advances=322240
tasks worker advances=322304
tasks worker advances=322368
tasks worker advances=324352
tasks worker advances=324416
tasks worker advances=324480
tasks worker advances=324544
tasks worker advances=324608
tasks worker advances=324672
tasks worker advances=324736
tasks worker advances=324800
tasks worker advances=324864
tasks worker advances=324928
tasks worker advances=324992
tasks worker advances=325056
tasks worker advances=325120
tasks worker advances=325184
tasks worker advances=325248
tasks worker advances=325312
tasks worker advances=325376
tasks worker advances=325440
tasks worker advances=325504
tasks worker advances=325568
tasks worker advances=325632
tasks worker advances=325696
tasks worker advances=325760
tasks worker advances=325824
tasks worker advances=325888
tasks worker advances=325952
tasks worker advances=326016
tasks worker advances=326080
tasks worker advances=326144
tasks worker advances=326208
timer heartbeat ticks=160 irq=160 poll=0
tasks worker advances=326272
tasks worker advances=328192
tasks worker advances=328256
tasks worker advances=328320
tasks worker advances=328384
tasks worker advances=328448
tasks worker advances=328512
tasks worker advances=328576
tasks worker advances=328640
tasks worker advances=328704
tasks worker advances=328768
tasks worker advances=328832
tasks worker advances=328896
tasks worker advances=328960
tasks worker advances=329024
tasks worker advances=329088
tasks worker advances=329152
tasks worker advances=329216
tasks worker advances=329280
tasks worker advances=329344
tasks worker advances=329408
tasks worker advances=329472
tasks worker advances=329536
tasks worker advances=329600
tasks worker advances=329664
tasks worker advances=329728
tasks worker advances=329792
tasks worker advances=329856
tasks worker advances=329920
tasks worker advances=329984
tasks worker advances=330048
tasks worker advances=330112
tasks worker advances=330176
tasks worker advances=332160
tasks worker advances=332224
tasks worker advances=332288
tasks worker advances=332352
tasks worker advances=332416
tasks worker advances=332480
tasks worker advances=332544
tasks worker advances=332608
tasks worker advances=332672
tasks worker advances=332736
tasks worker advances=332800
tasks worker advances=332864
tasks worker advances=332928
tasks worker advances=332992
tasks worker advances=333056
tasks worker advances=333120
tasks worker advances=333184
tasks worker advances=333248
tasks worker advances=333312
tasks worker advances=333376
tasks worker advances=333440
tasks worker advances=333504
tasks worker advances=333568
tasks worker advances=333632
tasks worker advances=333696
tasks worker advances=333760
tasks worker advances=333824
tasks worker advances=333888
tasks worker advances=333952
tasks worker advances=334016
tasks worker advances=334080
timer heartbeat ticks=165 irq=165 poll=0
tasks worker advances=334144
tasks worker advances=336128
tasks worker advances=336192
tasks worker advances=336256
tasks worker advances=336320
tasks worker advances=336384
tasks worker advances=336448
tasks worker advances=336512
tasks worker advances=336576
tasks worker advances=336640
tasks worker advances=336704
tasks worker advances=336768
tasks worker advances=336832
tasks worker advances=336896
tasks worker advances=336960
tasks worker advances=337024
tasks worker advances=337088
tasks worker advances=337152
tasks worker advances=337216
tasks worker advances=337280
tasks worker advances=337344
tasks worker advances=337408
tasks worker advances=337472
tasks worker advances=337536
tasks worker advances=337600
tasks worker advances=337664
tasks worker advances=337728
tasks worker advances=337792
tasks worker advances=337856
tasks worker advances=337920
tasks worker advances=337984
tasks worker advances=338048
tasks worker advances=338112
tasks worker advances=340096
tasks worker advances=340160
tasks worker advances=340224
tasks worker advances=340288
tasks worker advances=340352
tasks worker advances=340416
tasks worker advances=340480
tasks worker advances=340544
tasks worker advances=340608
tasks worker advances=340672
tasks worker advances=340736
tasks worker advances=340800
tasks worker advances=340864
tasks worker advances=340928
tasks worker advances=340992
tasks worker advances=341056
tasks worker advances=341120
tasks worker advances=341184
tasks worker advances=341248
tasks worker advances=341312
tasks worker advances=341376
tasks worker advances=341440
tasks worker advances=341504
tasks worker advances=341568
tasks worker advances=341632
tasks worker advances=341696
tasks worker advances=341760
tasks worker advances=341824
tasks worker advances=341888
tasks worker advances=341952
tasks worker advances=342016
tasks worker advances=342080
tasks worker advances=344064
tasks worker advances=344128
tasks worker advances=344192
tasks worker advances=344256
tasks worker advances=344320
tasks worker advances=344384
tasks worker advances=344448
tasks worker advances=344512
tasks worker advances=344576
tasks worker advances=344640
tasks worker advances=344704
tasks worker advances=344768
tasks worker advances=344832
tasks worker advances=344896
tasks worker advances=344960
tasks worker advances=345024
tasks worker advances=345088
tasks worker advances=345152
tasks worker advances=345216
tasks worker advances=345280
tasks worker advances=345344
tasks worker advances=345408
tasks worker advances=345472
tasks worker advances=345536
tasks worker advances=345600
tasks worker advances=345664
tasks worker advances=345728
tasks worker advances=345792
tasks worker advances=345856
tasks worker advances=345920
timer heartbeat ticks=170 irq=170 poll=0
tasks worker advances=345984
tasks worker advances=347968
tasks worker advances=348032
tasks worker advances=348096
tasks worker advances=348160
tasks worker advances=348224
tasks worker advances=348288
tasks worker advances=348352
tasks worker advances=348416
tasks worker advances=348480
tasks worker advances=348544
tasks worker advances=348608
tasks worker advances=348672
tasks worker advances=348736
tasks worker advances=348800
tasks worker advances=348864
tasks worker advances=348928
tasks worker advances=348992
tasks worker advances=349056
tasks worker advances=349120
tasks worker advances=349184
tasks worker advances=349248
tasks worker advances=349312
tasks worker advances=349376
tasks worker advances=349440
tasks worker advances=349504
tasks worker advances=349568
tasks worker advances=349632
tasks worker advances=349696
tasks worker advances=349760
tasks worker advances=349824
tasks worker advances=351744
tasks worker advances=351808
tasks worker advances=351872
tasks worker advances=351936
tasks worker advances=352000
tasks worker advances=352064
tasks worker advances=352128
tasks worker advances=352192
tasks worker advances=352256
tasks worker advances=352320
tasks worker advances=352384
tasks worker advances=352448
tasks worker advances=352512
tasks worker advances=352576
tasks worker advances=352640
tasks worker advances=352704
tasks worker advances=352768
tasks worker advances=352832
tasks worker advances=352896
tasks worker advances=352960
tasks worker advances=353024
tasks worker advances=353088
tasks worker advances=353152
tasks worker advances=353216
tasks worker advances=353280
tasks worker advances=353344
tasks worker advances=353408
tasks worker advances=353472
tasks worker advances=353536
tasks worker advances=353600
tasks worker advances=353664
timer heartbeat ticks=175 irq=175 poll=0
tasks worker advances=353728
tasks worker advances=355520
tasks worker advances=355584
tasks worker advances=355648
tasks worker advances=355712
tasks worker advances=355776
tasks worker advances=355840
tasks worker advances=355904
tasks worker advances=355968
tasks worker advances=356032
tasks worker advances=356096
tasks worker advances=356160
tasks worker advances=356224
tasks worker advances=356288
tasks worker advances=356352
tasks worker advances=356416
tasks worker advances=356480
tasks worker advances=356544
tasks worker advances=356608
tasks worker advances=356672
tasks worker advances=356736
tasks worker advances=356800
tasks worker advances=356864
tasks worker advances=356928
tasks worker advances=356992
tasks worker advances=357056
tasks worker advances=357120
tasks worker advances=357184
tasks worker advances=357248
tasks worker advances=357312
tasks worker advances=357376
tasks worker advances=357440
tasks worker advances=359360
tasks worker advances=359424
tasks worker advances=359488
tasks worker advances=359552
tasks worker advances=359616
tasks worker advances=359680
tasks worker advances=359744
tasks worker advances=359808
tasks worker advances=359872
tasks worker advances=359936
tasks worker advances=360000
tasks worker advances=360064
tasks worker advances=360128
tasks worker advances=360192
tasks worker advances=360256
tasks worker advances=360320
tasks worker advances=360384
tasks worker advances=360448
tasks worker advances=360512
tasks worker advances=360576
tasks worker advances=360640
tasks worker advances=360704
tasks worker advances=360768
tasks worker advances=360832
tasks worker advances=360896
tasks worker advances=360960
tasks worker advances=361024
tasks worker advances=361088
tasks worker advances=361152
tasks worker advances=361216
tasks worker advances=361280
tasks worker advances=363264
tasks worker advances=363328
tasks worker advances=363392
tasks worker advances=363456
tasks worker advances=363520
tasks worker advances=363584
tasks worker advances=363648
tasks worker advances=363712
tasks worker advances=363776
tasks worker advances=363840
tasks worker advances=363904
tasks worker advances=363968
tasks worker advances=364032
tasks worker advances=364096
tasks worker advances=364160
tasks worker advances=364224
tasks worker advances=364288
tasks worker advances=364352
tasks worker advances=364416
tasks worker advances=364480
