VirelaiOS kernel has seized control.
memory-map descriptors=0x000000000000001b descriptor_size=0x0000000000000030 version=0x0000000000000001 key=0x000000000000029b
map type=0x0000000000000007 base=0x0000000070000000 pages=0x0000000000008000 attr=0x0000000000000008
map type=0x0000000000000004 base=0x0000000078000000 pages=0x0000000000000020 attr=0x0000000000000008
map type=0x0000000000000007 base=0x0000000078020000 pages=0x000000000000594d attr=0x0000000000000008
map type=0x0000000000000002 base=0x000000007d96d000 pages=0x0000000000000007 attr=0x0000000000000008
map type=0x0000000000000001 base=0x000000007d974000 pages=0x0000000000000c1a attr=0x0000000000000008
map type=0x0000000000000003 base=0x000000007e58e000 pages=0x0000000000000072 attr=0x0000000000000008
map type=0x0000000000000000 base=0x000000007e600000 pages=0x0000000000000040 attr=0x0000000000000008
map type=0x0000000000000006 base=0x000000007e640000 pages=0x0000000000000050 attr=0x8000000000000008
map type=0x0000000000000007 base=0x000000007e690000 pages=0x00000000000008ef attr=0x0000000000000008
map type=0x0000000000000004 base=0x000000007ef7f000 pages=0x0000000000000001 attr=0x0000000000000008
map type=0x0000000000000007 base=0x000000007ef80000 pages=0x000000000000002b attr=0x0000000000000008
map type=0x0000000000000004 base=0x000000007efab000 pages=0x00000000000008e5 attr=0x0000000000000008
map type=0x0000000000000003 base=0x000000007f890000 pages=0x0000000000000200 attr=0x0000000000000008
map type=0x0000000000000005 base=0x000000007fa90000 pages=0x0000000000000090 attr=0x8000000000000008
map type=0x0000000000000007 base=0x000000007fb20000 pages=0x0000000000000030 attr=0x0000000000000008
map type=0x0000000000000006 base=0x000000007fb50000 pages=0x0000000000000020 attr=0x8000000000000008
map type=0x0000000000000007 base=0x000000007fb70000 pages=0x000000000000002f attr=0x0000000000000008
map type=0x0000000000000009 base=0x000000007fb9f000 pages=0x0000000000000001 attr=0x0000000000000008
map type=0x0000000000000007 base=0x000000007fba0000 pages=0x0000000000000019 attr=0x0000000000000008
map type=0x0000000000000004 base=0x000000007fbb9000 pages=0x0000000000000021 attr=0x0000000000000008
map type=0x0000000000000003 base=0x000000007fbda000 pages=0x0000000000000026 attr=0x0000000000000008
map type=0x0000000000000004 base=0x000000007fc00000 pages=0x00000000000003c7 attr=0x0000000000000008
map type=0x0000000000000007 base=0x000000007ffc7000 pages=0x0000000000000010 attr=0x0000000000000008
map type=0x0000000000000003 base=0x000000007ffd7000 pages=0x0000000000000020 attr=0x0000000000000008
map type=0x0000000000000004 base=0x000000007fff7000 pages=0x0000000000000009 attr=0x0000000000000008
map type=0x000000000000000b base=0x0000000001000000 pages=0x0000000000000010 attr=0x8000000000000001
map type=0x000000000000000b base=0x0000000020050000 pages=0x0000000000000001 attr=0x8000000000000001
probe base=0x0000000100010000 layout=virtio-console
 records=0x0000000000000000
interrupts: gic=v3 armed=1 dist=0x0000000010000000 redist=0x0000000010010000 active=0x0000000010010000 fallback=1 ppi=0x000000000000001e edge=0 freq=0x00000000016e3600
host share: absent
kernel terminal state
cvspike: cap @0x0000000000000040 head=0x0000000001105009 t=0x0000000000000001 bar=0x0000000000000000 off=0x0000000000000000
cvspike: cap @0x0000000000000050 head=0x0000000003106009 t=0x0000000000000003 bar=0x0000000000000000 off=0x0000000000001000
cvspike: cap @0x0000000000000060 head=0x0000000002147409 t=0x0000000000000002 bar=0x0000000000000000 off=0x0000000000004000
cvspike: probe dev=0x0000000000000008 common=0x0000000100030000 notify=0x0000000100034000 bar=0x0000000100030000 b0=0x0000000000030004 b2=0x0000000050000000 cp=0x0000000000000040 nc=0x0000000000000003
cvspike: walk console-bar va=0x0000000100010000 l3=0x0000000100010403 ok
cvspike: walk cv-bar va=0x0000000100030000 l3=0x0000000100030403 ok
cvspike: init ok
cvspike: dev=0x0000000000000008 did=0x1082 common=0x0000000100030000 notify=0x0000000100034000 qoff=0x0000000000000000 qoff1=0x0000000000000001 ready=1
cvspike: feat=0x0000000530000000 acc=0x0000000100000000 nd=0 al=0 notify=16bit
cvspike: payload="VIRELAIOS-CV0x42" len=0x0000000000000010
cvspike: q0 xchg=1 n=0x10 echo=ok
cvspike: q0 xchg=2 n=0x10 echo=ok
cvspike: q0 xchg=3 n=0x10 echo=ok
cvspike: q0 xchg=4 n=0x10 echo=ok
cvspike: q0 heads=0x0000000000000000,0x0000000000000002,0x0000000000000004,0x0000000000000006 recycle=1
cvspike: q0 big n=0x3034 echo=ok
cvspike: q0 ok=1
cvspike: q1 log="cvlog-1" ack="ACK:7" n=0x0000000000000005
cvspike: q1 log="cvlog-2" ack="ACK:7" n=0x0000000000000005
cvspike: q1 log="cvlog-3" ack="ACK:7" n=0x0000000000000005
cvspike: q1 ok=3
cvspike: q2 armed rx=1 handle=0x0000000000000000
cvspike: q2 req="CVC-PING-0x42" n=0x000000000000000d req=ok handle=ok
cvspike: q2 rsp="CVC-PING-0x42" ack="OK:13" ok=1
cvspike: q2 ok=1
cvspike: q3 armed bufs=0x0000000000000008
vf: probe 32k ok len=0x8000 cksum=0x0000 free=0020
cvspike: irq=0x00000000000000c1 first=0x0000000000000045 spi=0x0000000000000045 armed=0x0000000000000020..0x00000000000000bf
entropy: pre-rearm st=00
entropy: seeded n=64
net: pre-rearm st=0f
net: rx-armed
aslr: boot user stack=0x000000005b2d0000
VirelaiOS - AArch64 firmware-assisted kernel monitor
VirelaiOS: the elephant has left the building.
motd: aarch64 el1 kernel live; scheduler, uaccess, fs, net, gfx, xhci armed.
Type 'help' before touching anything expensive.
[32mvirelai> [0m[AUDIT] task-ring+procs audit armed slots=11 procs=16
net ip 10.0.0.1
net ip: ip=10.0.0.1
[32mvirelai> [0mnet arp 10.0.0.2
net arp: request for 10.0.0.2 sent (42 bytes)
[32mvirelai> [0mexec SSH.BIN tbuddy@10.0.0.2:2222 echo VIRELAI-INTEROP-OK
exec: loaded SSH.BIN size=0x000000000000f000 entry=0x0000000000400000 stack=0x0000000071f30000 head=0xfd7bbaa9e2031eaa data=0x000000000001c6c0 datapages=29
[32mvirelai> [0mecho ssh-relay-launched
ssh-relay-launched
[32mvirelai> [0m
syscall: write ok n=23
uaccess: efault ok n=8
ssh: target user=tbuddy host=10.0.0.2 port=2222 mode=exec
ssh: connected
ssh: kex-ok
timer irq delivered ppi=0x1e irq_ticks=1
smp: secondary runs=1 task=user-el0
smp: secondary runs=2 task=worker
smp: secondary runs=3 task=user-el0
smp: secondary runs=4 task=SSH.BIN
smp: secondary runs=5 task=worker
smp: steal runs=1 task=user-el0 from=0
smp: steal runs=2 task=worker from=0
smp: steal runs=3 task=SSH.BIN from=0
tasks worker advances=64
userspace: el0=1 svc=2 roundtrips=1 arg=2 result=2 rejected=0
tasks worker advances=4352
tasks worker advances=4416
tasks worker advances=4480
tasks worker advances=4544
tasks worker advances=4608
tasks worker advances=4672
tasks worker advances=4736
tasks worker advances=4800
tasks worker advances=4864
tasks worker advances=4928
tasks worker advances=4992
tasks worker advances=5056
tasks worker advances=5120
tasks worker advances=5184
tasks worker advances=5248
tasks worker advances=5312
tasks worker advances=5376
tasks worker advances=5440
tasks worker advances=5504
tasks worker advances=5568
tasks worker advances=5632
tasks worker advances=5696
tasks worker advances=5760
tasks worker advances=5824
tasks worker advances=5888
tasks worker advances=5952
tasks worker advances=6016
tasks worker advances=6080
tasks worker advances=6144
tasks worker advances=6208
tasks worker advances=6272
tasks worker advances=6336
tasks worker advances=6400
timer heartbeat ticks=5 irq=5 poll=0
smp: secondary runs=6 task=SSH.BIN
smp: secondary runs=7 task=worker
smp: secondary runs=8 task=SSH.BIN
smp: secondary runs=9 task=worker
smp: steal runs=4 task=user-el0 from=1
smp: steal runs=5 task=SSH.BIN from=1
smp: steal runs=6 task=SSH.BIN from=0
tasks worker advances=6464
tasks user-el0 exited status=7
procs user-el0 exited status=7
tasks user-el0 reaped
tasks worker advances=8640
tasks worker advances=8704
tasks worker advances=8768
tasks worker advances=8832
tasks worker advances=8896
tasks worker advances=8960
tasks worker advances=9024
tasks worker advances=9088
tasks worker advances=9152
tasks worker advances=9216
tasks worker advances=9280
tasks worker advances=9344
tasks worker advances=9408
tasks worker advances=9472
tasks worker advances=9536
tasks worker advances=9600
tasks worker advances=9664
tasks worker advances=9728
tasks worker advances=9792
tasks worker advances=9856
tasks worker advances=9920
tasks worker advances=9984
tasks worker advances=10048
tasks worker advances=10112
tasks worker advances=10176
tasks worker advances=10240
tasks worker advances=10304
tasks worker advances=10368
tasks worker advances=10432
tasks worker advances=10496
tasks worker advances=10560
tasks worker advances=10624
tasks worker advances=10688
tasks worker advances=10752
smp: secondary runs=10 task=SSH.BIN
ssh: pin-ok
ssh: auth-ok method=publickey
ssh: channel-error Protocol
ssh: fail stage=channel rc=6
tasks user-exec exited status=6
smp: secondary runs=11 task=worker
procs SSH.BIN exited status=6
tasks worker advances=10816
tasks user-exec reaped
tasks worker advances=12992
tasks worker advances=13056
tasks worker advances=13120
tasks worker advances=13184
tasks worker advances=13248
tasks worker advances=13312
tasks worker advances=13376
tasks worker advances=13440
tasks worker advances=13504
tasks worker advances=13568
tasks worker advances=13632
tasks worker advances=13696
tasks worker advances=13760
tasks worker advances=13824
tasks worker advances=13888
tasks worker advances=13952
tasks worker advances=14016
tasks worker advances=14080
tasks worker advances=14144
tasks worker advances=14208
tasks worker advances=14272
tasks worker advances=14336
tasks worker advances=14400
tasks worker advances=14464
tasks worker advances=14528
tasks worker advances=14592
tasks worker advances=14656
tasks worker advances=14720
tasks worker advances=14784
tasks worker advances=14848
tasks worker advances=14912
tasks worker advances=14976
tasks worker advances=15040
tasks worker advances=15104
tasks worker advances=15168
tasks worker advances=17344
tasks worker advances=17408
tasks worker advances=17472
tasks worker advances=17536
tasks worker advances=17600
tasks worker advances=17664
tasks worker advances=17728
tasks worker advances=17792
tasks worker advances=17856
tasks worker advances=17920
tasks worker advances=17984
tasks worker advances=18048
tasks worker advances=18112
tasks worker advances=18176
tasks worker advances=18240
tasks worker advances=18304
tasks worker advances=18368
tasks worker advances=18432
tasks worker advances=18496
tasks worker advances=18560
tasks worker advances=18624
tasks worker advances=18688
tasks worker advances=18752
tasks worker advances=18816
tasks worker advances=18880
tasks worker advances=18944
tasks worker advances=19008
tasks worker advances=19072
tasks worker advances=19136
tasks worker advances=19200
tasks worker advances=19264
tasks worker advances=19328
tasks worker advances=19392
timer heartbeat ticks=10 irq=10 poll=0
tasks worker advances=19456
tasks worker advances=21632
tasks worker advances=21696
tasks worker advances=21760
tasks worker advances=21824
tasks worker advances=21888
tasks worker advances=21952
tasks worker advances=22016
tasks worker advances=22080
tasks worker advances=22144
tasks worker advances=22208
tasks worker advances=22272
tasks worker advances=22336
tasks worker advances=22400
tasks worker advances=22464
tasks worker advances=22528
tasks worker advances=22592
tasks worker advances=22656
tasks worker advances=22720
tasks worker advances=22784
tasks worker advances=22848
tasks worker advances=22912
tasks worker advances=22976
tasks worker advances=23040
tasks worker advances=23104
tasks worker advances=23168
tasks worker advances=23232
tasks worker advances=23296
tasks worker advances=23360
tasks worker advances=23424
tasks worker advances=23488
tasks worker advances=23552
tasks worker advances=23616
tasks worker advances=23680
tasks worker advances=23744
tasks worker advances=23808
tasks worker advances=25920
tasks worker advances=25984
tasks worker advances=26048
tasks worker advances=26112
tasks worker advances=26176
tasks worker advances=26240
tasks worker advances=26304
tasks worker advances=26368
tasks worker advances=26432
tasks worker advances=26496
tasks worker advances=26560
tasks worker advances=26624
tasks worker advances=26688
tasks worker advances=26752
tasks worker advances=26816
tasks worker advances=26880
tasks worker advances=26944
tasks worker advances=27008
tasks worker advances=27072
tasks worker advances=27136
tasks worker advances=27200
tasks worker advances=27264
tasks worker advances=27328
tasks worker advances=27392
tasks worker advances=27456
tasks worker advances=27520
tasks worker advances=27584
tasks worker advances=27648
tasks worker advances=27712
tasks worker advances=27776
tasks worker advances=27840
tasks worker advances=27904
tasks worker advances=27968
tasks worker advances=28032
timer heartbeat ticks=15 irq=15 poll=0
tasks worker advances=28096
tasks worker advances=30208
tasks worker advances=30272
tasks worker advances=30336
tasks worker advances=30400
tasks worker advances=30464
tasks worker advances=30528
tasks worker advances=30592
tasks worker advances=30656
tasks worker advances=30720
tasks worker advances=30784
tasks worker advances=30848
tasks worker advances=30912
tasks worker advances=30976
tasks worker advances=31040
tasks worker advances=31104
tasks worker advances=31168
tasks worker advances=31232
tasks worker advances=31296
tasks worker advances=31360
tasks worker advances=31424
tasks worker advances=31488
tasks worker advances=31552
tasks worker advances=31616
tasks worker advances=31680
tasks worker advances=31744
tasks worker advances=31808
tasks worker advances=31872
tasks worker advances=31936
tasks worker advances=32000
tasks worker advances=32064
tasks worker advances=32128
tasks worker advances=32192
tasks worker advances=32256
tasks worker advances=32320
tasks worker advances=32384
tasks worker advances=34560
tasks worker advances=34624
tasks worker advances=34688
tasks worker advances=34752
tasks worker advances=34816
tasks worker advances=34880
tasks worker advances=34944
tasks worker advances=35008
tasks worker advances=35072
tasks worker advances=35136
tasks worker advances=35200
tasks worker advances=35264
tasks worker advances=35328
tasks worker advances=35392
tasks worker advances=35456
tasks worker advances=35520
tasks worker advances=35584
tasks worker advances=35648
tasks worker advances=35712
tasks worker advances=35776
tasks worker advances=35840
tasks worker advances=35904
tasks worker advances=35968
tasks worker advances=36032
tasks worker advances=36096
tasks worker advances=36160
tasks worker advances=36224
tasks worker advances=36288
tasks worker advances=36352
tasks worker advances=36416
tasks worker advances=36480
tasks worker advances=36544
tasks worker advances=36608
tasks worker advances=36672
tasks worker advances=36736
tasks worker advances=38912
tasks worker advances=38976
tasks worker advances=39040
tasks worker advances=39104
tasks worker advances=39168
tasks worker advances=39232
tasks worker advances=39296
tasks worker advances=39360
tasks worker advances=39424
tasks worker advances=39488
tasks worker advances=39552
tasks worker advances=39616
tasks worker advances=39680
tasks worker advances=39744
tasks worker advances=39808
tasks worker advances=39872
tasks worker advances=39936
tasks worker advances=40000
tasks worker advances=40064
tasks worker advances=40128
tasks worker advances=40192
tasks worker advances=40256
tasks worker advances=40320
tasks worker advances=40384
tasks worker advances=40448
tasks worker advances=40512
tasks worker advances=40576
tasks worker advances=40640
tasks worker advances=40704
tasks worker advances=40768
tasks worker advances=40832
tasks worker advances=40896
tasks worker advances=40960
timer heartbeat ticks=20 irq=20 poll=0
tasks worker advances=41024
tasks worker advances=43200
tasks worker advances=43264
tasks worker advances=43328
tasks worker advances=43392
tasks worker advances=43456
tasks worker advances=43520
tasks worker advances=43584
tasks worker advances=43648
tasks worker advances=43712
tasks worker advances=43776
tasks worker advances=43840
tasks worker advances=43904
tasks worker advances=43968
tasks worker advances=44032
tasks worker advances=44096
tasks worker advances=44160
tasks worker advances=44224
tasks worker advances=44288
tasks worker advances=44352
tasks worker advances=44416
tasks worker advances=44480
tasks worker advances=44544
tasks worker advances=44608
tasks worker advances=44672
tasks worker advances=44736
tasks worker advances=44800
tasks worker advances=44864
tasks worker advances=44928
tasks worker advances=44992
tasks worker advances=45056
tasks worker advances=45120
tasks worker advances=45184
tasks worker advances=45248
tasks worker advances=45312
tasks worker advances=45376
tasks worker advances=47488
tasks worker advances=47552
tasks worker advances=47616
tasks worker advances=47680
tasks worker advances=47744
tasks worker advances=47808
tasks worker advances=47872
tasks worker advances=47936
tasks worker advances=48000
tasks worker advances=48064
tasks worker advances=48128
tasks worker advances=48192
tasks worker advances=48256
tasks worker advances=48320
tasks worker advances=48384
tasks worker advances=48448
tasks worker advances=48512
tasks worker advances=48576
tasks worker advances=48640
tasks worker advances=48704
tasks worker advances=48768
tasks worker advances=48832
tasks worker advances=48896
tasks worker advances=48960
tasks worker advances=49024
tasks worker advances=49088
tasks worker advances=49152
tasks worker advances=49216
tasks worker advances=49280
tasks worker advances=49344
tasks worker advances=49408
tasks worker advances=49472
tasks worker advances=49536
tasks worker advances=49600
timer heartbeat ticks=25 irq=25 poll=0
tasks worker advances=49664
tasks worker advances=51776
tasks worker advances=51840
tasks worker advances=51904
tasks worker advances=51968
tasks worker advances=52032
tasks worker advances=52096
tasks worker advances=52160
tasks worker advances=52224
tasks worker advances=52288
tasks worker advances=52352
tasks worker advances=52416
tasks worker advances=52480
tasks worker advances=52544
tasks worker advances=52608
tasks worker advances=52672
tasks worker advances=52736
tasks worker advances=52800
tasks worker advances=52864
tasks worker advances=52928
tasks worker advances=52992
tasks worker advances=53056
tasks worker advances=53120
tasks worker advances=53184
tasks worker advances=53248
tasks worker advances=53312
tasks worker advances=53376
tasks worker advances=53440
tasks worker advances=53504
tasks worker advances=53568
tasks worker advances=53632
tasks worker advances=53696
tasks worker advances=53760
tasks worker advances=53824
tasks worker advances=53888
tasks worker advances=53952
tasks worker advances=56064
tasks worker advances=56128
tasks worker advances=56192
tasks worker advances=56256
tasks worker advances=56320
tasks worker advances=56384
tasks worker advances=56448
tasks worker advances=56512
tasks worker advances=56576
tasks worker advances=56640
tasks worker advances=56704
tasks worker advances=56768
tasks worker advances=56832
tasks worker advances=56896
tasks worker advances=56960
tasks worker advances=57024
tasks worker advances=57088
tasks worker advances=57152
tasks worker advances=57216
tasks worker advances=57280
tasks worker advances=57344
tasks worker advances=57408
tasks worker advances=57472
tasks worker advances=57536
tasks worker advances=57600
tasks worker advances=57664
tasks worker advances=57728
tasks worker advances=57792
tasks worker advances=57856
tasks worker advances=57920
tasks worker advances=57984
tasks worker advances=58048
tasks worker advances=58112
tasks worker advances=58176
tasks worker advances=60288
tasks worker advances=60352
tasks worker advances=60416
tasks worker advances=60480
tasks worker advances=60544
tasks worker advances=60608
tasks worker advances=60672
tasks worker advances=60736
tasks worker advances=60800
tasks worker advances=60864
tasks worker advances=60928
tasks worker advances=60992
tasks worker advances=61056
tasks worker advances=61120
tasks worker advances=61184
tasks worker advances=61248
tasks worker advances=61312
tasks worker advances=61376
tasks worker advances=61440
tasks worker advances=61504
tasks worker advances=61568
tasks worker advances=61632
tasks worker advances=61696
tasks worker advances=61760
tasks worker advances=61824
tasks worker advances=61888
tasks worker advances=61952
tasks worker advances=62016
tasks worker advances=62080
tasks worker advances=62144
tasks worker advances=62208
tasks worker advances=62272
timer heartbeat ticks=30 irq=30 poll=0
tasks worker advances=62336
tasks worker advances=64064
tasks worker advances=64128
tasks worker advances=64192
tasks worker advances=64256
tasks worker advances=64320
tasks worker advances=64384
tasks worker advances=64448
tasks worker advances=64512
tasks worker advances=64576
tasks worker advances=64640
tasks worker advances=64704
tasks worker advances=64768
tasks worker advances=64832
tasks worker advances=64896
tasks worker advances=64960
tasks worker advances=65024
tasks worker advances=65088
tasks worker advances=65152
tasks worker advances=65216
tasks worker advances=65280
tasks worker advances=65344
tasks worker advances=65408
tasks worker advances=65472
tasks worker advances=65536
tasks worker advances=65600
tasks worker advances=65664
tasks worker advances=65728
tasks worker advances=65792
tasks worker advances=65856
tasks worker advances=65920
tasks worker advances=65984
tasks worker advances=68032
tasks worker advances=68096
tasks worker advances=68160
tasks worker advances=68224
tasks worker advances=68288
tasks worker advances=68352
tasks worker advances=68416
tasks worker advances=68480
tasks worker advances=68544
tasks worker advances=68608
tasks worker advances=68672
tasks worker advances=68736
tasks worker advances=68800
tasks worker advances=68864
tasks worker advances=68928
tasks worker advances=68992
tasks worker advances=69056
tasks worker advances=69120
tasks worker advances=69184
tasks worker advances=69248
tasks worker advances=69312
tasks worker advances=69376
tasks worker advances=69440
tasks worker advances=69504
tasks worker advances=69568
tasks worker advances=69632
tasks worker advances=69696
tasks worker advances=69760
tasks worker advances=69824
tasks worker advances=69888
tasks worker advances=69952
tasks worker advances=70016
timer heartbeat ticks=35 irq=35 poll=0
tasks worker advances=70080
tasks worker advances=72256
tasks worker advances=72320
tasks worker advances=72384
tasks worker advances=72448
tasks worker advances=72512
tasks worker advances=72576
tasks worker advances=72640
tasks worker advances=72704
tasks worker advances=72768
tasks worker advances=72832
tasks worker advances=72896
tasks worker advances=72960
tasks worker advances=73024
tasks worker advances=73088
tasks worker advances=73152
tasks worker advances=73216
tasks worker advances=73280
tasks worker advances=73344
tasks worker advances=73408
tasks worker advances=73472
tasks worker advances=73536
tasks worker advances=73600
tasks worker advances=73664
tasks worker advances=73728
tasks worker advances=73792
tasks worker advances=73856
tasks worker advances=73920
tasks worker advances=73984
tasks worker advances=74048
tasks worker advances=74112
tasks worker advances=74176
tasks worker advances=74240
tasks worker advances=74304
tasks worker advances=74368
tasks worker advances=76480
tasks worker advances=76544
tasks worker advances=76608
tasks worker advances=76672
tasks worker advances=76736
tasks worker advances=76800
tasks worker advances=76864
tasks worker advances=76928
tasks worker advances=76992
tasks worker advances=77056
tasks worker advances=77120
tasks worker advances=77184
tasks worker advances=77248
tasks worker advances=77312
tasks worker advances=77376
tasks worker advances=77440
tasks worker advances=77504
tasks worker advances=77568
tasks worker advances=77632
tasks worker advances=77696
tasks worker advances=77760
tasks worker advances=77824
tasks worker advances=77888
tasks worker advances=77952
tasks worker advances=78016
tasks worker advances=78080
tasks worker advances=78144
tasks worker advances=78208
tasks worker advances=78272
tasks worker advances=78336
tasks worker advances=78400
tasks worker advances=78464
tasks worker advances=78528
tasks worker advances=78592
tasks worker advances=80704
tasks worker advances=80768
tasks worker advances=80832
tasks worker advances=80896
tasks worker advances=80960
tasks worker advances=81024
tasks worker advances=81088
tasks worker advances=81152
tasks worker advances=81216
tasks worker advances=81280
tasks worker advances=81344
tasks worker advances=81408
tasks worker advances=81472
tasks worker advances=81536
tasks worker advances=81600
tasks worker advances=81664
tasks worker advances=81728
tasks worker advances=81792
tasks worker advances=81856
tasks worker advances=81920
tasks worker advances=81984
tasks worker advances=82048
tasks worker advances=82112
tasks worker advances=82176
tasks worker advances=82240
tasks worker advances=82304
tasks worker advances=82368
tasks worker advances=82432
tasks worker advances=82496
tasks worker advances=82560
tasks worker advances=82624
timer heartbeat ticks=40 irq=40 poll=0
tasks worker advances=82688
tasks worker advances=84800
tasks worker advances=84864
tasks worker advances=84928
tasks worker advances=84992
tasks worker advances=85056
tasks worker advances=85120
tasks worker advances=85184
tasks worker advances=85248
tasks worker advances=85312
tasks worker advances=85376
tasks worker advances=85440
tasks worker advances=85504
tasks worker advances=85568
tasks worker advances=85632
tasks worker advances=85696
tasks worker advances=85760
tasks worker advances=85824
tasks worker advances=85888
tasks worker advances=85952
tasks worker advances=86016
tasks worker advances=86080
tasks worker advances=86144
tasks worker advances=86208
tasks worker advances=86272
tasks worker advances=86336
tasks worker advances=86400
tasks worker advances=86464
tasks worker advances=86528
tasks worker advances=86592
tasks worker advances=86656
tasks worker advances=86720
tasks worker advances=86784
tasks worker advances=86848
tasks worker advances=88896
tasks worker advances=88960
tasks worker advances=89024
tasks worker advances=89088
tasks worker advances=89152
tasks worker advances=89216
tasks worker advances=89280
tasks worker advances=89344
tasks worker advances=89408
tasks worker advances=89472
tasks worker advances=89536
tasks worker advances=89600
tasks worker advances=89664
tasks worker advances=89728
tasks worker advances=89792
tasks worker advances=89856
tasks worker advances=89920
tasks worker advances=89984
tasks worker advances=90048
tasks worker advances=90112
tasks worker advances=90176
tasks worker advances=90240
tasks worker advances=90304
tasks worker advances=90368
tasks worker advances=90432
tasks worker advances=90496
tasks worker advances=90560
tasks worker advances=90624
tasks worker advances=90688
tasks worker advances=90752
tasks worker advances=90816
tasks worker advances=90880
tasks worker advances=90944
timer heartbeat ticks=45 irq=45 poll=0
tasks worker advances=91008
tasks worker advances=93056
tasks worker advances=93120
tasks worker advances=93184
tasks worker advances=93248
tasks worker advances=93312
tasks worker advances=93376
tasks worker advances=93440
tasks worker advances=93504
tasks worker advances=93568
tasks worker advances=93632
tasks worker advances=93696
tasks worker advances=93760
tasks worker advances=93824
tasks worker advances=93888
tasks worker advances=93952
tasks worker advances=94016
tasks worker advances=94080
tasks worker advances=94144
tasks worker advances=94208
tasks worker advances=94272
tasks worker advances=94336
tasks worker advances=94400
tasks worker advances=94464
tasks worker advances=94528
tasks worker advances=94592
tasks worker advances=94656
tasks worker advances=94720
tasks worker advances=94784
tasks worker advances=94848
tasks worker advances=94912
tasks worker advances=94976
tasks worker advances=95040
tasks worker advances=95104
tasks worker advances=97152
tasks worker advances=97216
tasks worker advances=97280
tasks worker advances=97344
tasks worker advances=97408
tasks worker advances=97472
tasks worker advances=97536
tasks worker advances=97600
tasks worker advances=97664
tasks worker advances=97728
tasks worker advances=97792
tasks worker advances=97856
tasks worker advances=97920
tasks worker advances=97984
tasks worker advances=98048
tasks worker advances=98112
tasks worker advances=98176
tasks worker advances=98240
tasks worker advances=98304
tasks worker advances=98368
tasks worker advances=98432
tasks worker advances=98496
tasks worker advances=98560
tasks worker advances=98624
tasks worker advances=98688
tasks worker advances=98752
tasks worker advances=98816
tasks worker advances=98880
tasks worker advances=98944
tasks worker advances=99008
tasks worker advances=99072
tasks worker advances=99136
tasks worker advances=99200
tasks worker advances=99264
tasks worker advances=101312
tasks worker advances=101376
tasks worker advances=101440
tasks worker advances=101504
tasks worker advances=101568
tasks worker advances=101632
tasks worker advances=101696
tasks worker advances=101760
tasks worker advances=101824
tasks worker advances=101888
tasks worker advances=101952
tasks worker advances=102016
tasks worker advances=102080
tasks worker advances=102144
tasks worker advances=102208
tasks worker advances=102272
tasks worker advances=102336
tasks worker advances=102400
tasks worker advances=102464
tasks worker advances=102528
tasks worker advances=102592
tasks worker advances=102656
tasks worker advances=102720
tasks worker advances=102784
tasks worker advances=102848
tasks worker advances=102912
tasks worker advances=102976
tasks worker advances=103040
tasks worker advances=103104
tasks worker advances=103168
tasks worker advances=103232
tasks worker advances=103296
timer heartbeat ticks=50 irq=50 poll=0
tasks worker advances=103360
tasks worker advances=105472
tasks worker advances=105536
tasks worker advances=105600
tasks worker advances=105664
tasks worker advances=105728
tasks worker advances=105792
tasks worker advances=105856
tasks worker advances=105920
tasks worker advances=105984
tasks worker advances=106048
tasks worker advances=106112
tasks worker advances=106176
tasks worker advances=106240
tasks worker advances=106304
tasks worker advances=106368
tasks worker advances=106432
tasks worker advances=106496
tasks worker advances=106560
tasks worker advances=106624
tasks worker advances=106688
tasks worker advances=106752
tasks worker advances=106816
tasks worker advances=106880
tasks worker advances=106944
tasks worker advances=107008
tasks worker advances=107072
tasks worker advances=107136
tasks worker advances=107200
tasks worker advances=107264
tasks worker advances=107328
tasks worker advances=107392
tasks worker advances=107456
tasks worker advances=107520
tasks worker advances=109376
tasks worker advances=109440
tasks worker advances=109504
tasks worker advances=109568
tasks worker advances=109632
tasks worker advances=109696
tasks worker advances=109760
tasks worker advances=109824
tasks worker advances=109888
tasks worker advances=109952
tasks worker advances=110016
tasks worker advances=110080
tasks worker advances=110144
tasks worker advances=110208
tasks worker advances=110272
tasks worker advances=110336
tasks worker advances=110400
tasks worker advances=110464
tasks worker advances=110528
tasks worker advances=110592
tasks worker advances=110656
tasks worker advances=110720
tasks worker advances=110784
tasks worker advances=110848
tasks worker advances=110912
tasks worker advances=110976
tasks worker advances=111040
tasks worker advances=111104
tasks worker advances=111168
tasks worker advances=111232
timer heartbeat ticks=55 irq=55 poll=0
tasks worker advances=111296
tasks worker advances=113280
tasks worker advances=113344
tasks worker advances=113408
tasks worker advances=113472
tasks worker advances=113536
tasks worker advances=113600
tasks worker advances=113664
tasks worker advances=113728
tasks worker advances=113792
tasks worker advances=113856
tasks worker advances=113920
tasks worker advances=113984
tasks worker advances=114048
tasks worker advances=114112
tasks worker advances=114176
tasks worker advances=114240
tasks worker advances=114304
tasks worker advances=114368
tasks worker advances=114432
tasks worker advances=114496
tasks worker advances=114560
tasks worker advances=114624
tasks worker advances=114688
tasks worker advances=114752
tasks worker advances=114816
tasks worker advances=114880
tasks worker advances=114944
tasks worker advances=115008
tasks worker advances=115072
tasks worker advances=115136
tasks worker advances=117120
tasks worker advances=117184
tasks worker advances=117248
tasks worker advances=117312
tasks worker advances=117376
tasks worker advances=117440
tasks worker advances=117504
tasks worker advances=117568
tasks worker advances=117632
tasks worker advances=117696
tasks worker advances=117760
tasks worker advances=117824
tasks worker advances=117888
tasks worker advances=117952
tasks worker advances=118016
tasks worker advances=118080
tasks worker advances=118144
tasks worker advances=118208
tasks worker advances=118272
tasks worker advances=118336
tasks worker advances=118400
tasks worker advances=118464
tasks worker advances=118528
tasks worker advances=118592
tasks worker advances=118656
tasks worker advances=118720
tasks worker advances=118784
tasks worker advances=118848
tasks worker advances=118912
tasks worker advances=118976
tasks worker advances=119040
tasks worker advances=120896
tasks worker advances=120960
tasks worker advances=121024
tasks worker advances=121088
tasks worker advances=121152
tasks worker advances=121216
tasks worker advances=121280
tasks worker advances=121344
tasks worker advances=121408
tasks worker advances=121472
tasks worker advances=121536
tasks worker advances=121600
tasks worker advances=121664
tasks worker advances=121728
tasks worker advances=121792
tasks worker advances=121856
tasks worker advances=121920
tasks worker advances=121984
tasks worker advances=122048
tasks worker advances=122112
tasks worker advances=122176
tasks worker advances=122240
tasks worker advances=122304
tasks worker advances=122368
tasks worker advances=122432
tasks worker advances=122496
tasks worker advances=122560
tasks worker advances=122624
tasks worker advances=122688
tasks worker advances=122752
tasks worker advances=122816
timer heartbeat ticks=60 irq=60 poll=0
tasks worker advances=122880
tasks worker advances=124736
tasks worker advances=124800
tasks worker advances=124864
tasks worker advances=124928
tasks worker advances=124992
tasks worker advances=125056
tasks worker advances=125120
tasks worker advances=125184
tasks worker advances=125248
tasks worker advances=125312
tasks worker advances=125376
tasks worker advances=125440
tasks worker advances=125504
tasks worker advances=125568
tasks worker advances=125632
tasks worker advances=125696
tasks worker advances=125760
tasks worker advances=125824
tasks worker advances=125888
tasks worker advances=125952
tasks worker advances=126016
tasks worker advances=126080
tasks worker advances=126144
tasks worker advances=126208
tasks worker advances=126272
tasks worker advances=126336
tasks worker advances=126400
tasks worker advances=126464
tasks worker advances=126528
tasks worker advances=126592
tasks worker advances=126656
tasks worker advances=126720
tasks worker advances=128768
tasks worker advances=128832
tasks worker advances=128896
tasks worker advances=128960
tasks worker advances=129024
tasks worker advances=129088
tasks worker advances=129152
tasks worker advances=129216
tasks worker advances=129280
tasks worker advances=129344
tasks worker advances=129408
tasks worker advances=129472
tasks worker advances=129536
tasks worker advances=129600
tasks worker advances=129664
tasks worker advances=129728
tasks worker advances=129792
tasks worker advances=129856
tasks worker advances=129920
tasks worker advances=129984
tasks worker advances=130048
tasks worker advances=130112
tasks worker advances=130176
tasks worker advances=130240
tasks worker advances=130304
tasks worker advances=130368
tasks worker advances=130432
tasks worker advances=130496
tasks worker advances=130560
tasks worker advances=130624
timer heartbeat ticks=65 irq=65 poll=0
tasks worker advances=130688
tasks worker advances=132672
tasks worker advances=132736
tasks worker advances=132800
tasks worker advances=132864
tasks worker advances=132928
tasks worker advances=132992
tasks worker advances=133056
tasks worker advances=133120
tasks worker advances=133184
tasks worker advances=133248
tasks worker advances=133312
tasks worker advances=133376
tasks worker advances=133440
tasks worker advances=133504
tasks worker advances=133568
tasks worker advances=133632
tasks worker advances=133696
tasks worker advances=133760
tasks worker advances=133824
tasks worker advances=133888
tasks worker advances=133952
tasks worker advances=134016
tasks worker advances=134080
tasks worker advances=134144
tasks worker advances=134208
tasks worker advances=134272
tasks worker advances=134336
tasks worker advances=134400
tasks worker advances=134464
tasks worker advances=134528
tasks worker advances=134592
tasks worker advances=136640
tasks worker advances=136704
tasks worker advances=136768
tasks worker advances=136832
tasks worker advances=136896
tasks worker advances=136960
tasks worker advances=137024
tasks worker advances=137088
tasks worker advances=137152
tasks worker advances=137216
tasks worker advances=137280
tasks worker advances=137344
tasks worker advances=137408
tasks worker advances=137472
tasks worker advances=137536
tasks worker advances=137600
tasks worker advances=137664
tasks worker advances=137728
tasks worker advances=137792
tasks worker advances=137856
tasks worker advances=137920
tasks worker advances=137984
tasks worker advances=138048
tasks worker advances=138112
tasks worker advances=138176
tasks worker advances=138240
tasks worker advances=138304
tasks worker advances=138368
tasks worker advances=138432
tasks worker advances=138496
tasks worker advances=138560
tasks worker advances=138624
tasks worker advances=140672
tasks worker advances=140736
tasks worker advances=140800
tasks worker advances=140864
tasks worker advances=140928
tasks worker advances=140992
tasks worker advances=141056
tasks worker advances=141120
tasks worker advances=141184
tasks worker advances=141248
tasks worker advances=141312
tasks worker advances=141376
tasks worker advances=141440
tasks worker advances=141504
tasks worker advances=141568
tasks worker advances=141632
tasks worker advances=141696
tasks worker advances=141760
tasks worker advances=141824
tasks worker advances=141888
tasks worker advances=141952
tasks worker advances=142016
tasks worker advances=142080
tasks worker advances=142144
tasks worker advances=142208
tasks worker advances=142272
tasks worker advances=142336
tasks worker advances=142400
tasks worker advances=142464
tasks worker advances=142528
tasks worker advances=142592
tasks worker advances=142656
timer heartbeat ticks=70 irq=70 poll=0
tasks worker advances=142720
tasks worker advances=144704
tasks worker advances=144768
tasks worker advances=144832
tasks worker advances=144896
tasks worker advances=144960
tasks worker advances=145024
tasks worker advances=145088
tasks worker advances=145152
tasks worker advances=145216
tasks worker advances=145280
tasks worker advances=145344
tasks worker advances=145408
tasks worker advances=145472
tasks worker advances=145536
tasks worker advances=145600
tasks worker advances=145664
tasks worker advances=145728
tasks worker advances=145792
tasks worker advances=145856
tasks worker advances=145920
tasks worker advances=145984
tasks worker advances=146048
tasks worker advances=146112
tasks worker advances=146176
tasks worker advances=146240
tasks worker advances=146304
tasks worker advances=146368
tasks worker advances=146432
tasks worker advances=146496
tasks worker advances=146560
tasks worker advances=146624
tasks worker advances=146688
tasks worker advances=148672
tasks worker advances=148736
tasks worker advances=148800
tasks worker advances=148864
tasks worker advances=148928
tasks worker advances=148992
tasks worker advances=149056
tasks worker advances=149120
tasks worker advances=149184
tasks worker advances=149248
tasks worker advances=149312
tasks worker advances=149376
tasks worker advances=149440
tasks worker advances=149504
tasks worker advances=149568
tasks worker advances=149632
tasks worker advances=149696
tasks worker advances=149760
tasks worker advances=149824
tasks worker advances=149888
tasks worker advances=149952
tasks worker advances=150016
tasks worker advances=150080
tasks worker advances=150144
tasks worker advances=150208
tasks worker advances=150272
tasks worker advances=150336
tasks worker advances=150400
tasks worker advances=150464
tasks worker advances=150528
tasks worker advances=150592
tasks worker advances=150656
timer heartbeat ticks=75 irq=75 poll=0
tasks worker advances=150720
tasks worker advances=152640
tasks worker advances=152704
tasks worker advances=152768
tasks worker advances=152832
tasks worker advances=152896
tasks worker advances=152960
tasks worker advances=153024
tasks worker advances=153088
tasks worker advances=153152
tasks worker advances=153216
tasks worker advances=153280
tasks worker advances=153344
tasks worker advances=153408
tasks worker advances=153472
tasks worker advances=153536
tasks worker advances=153600
tasks worker advances=153664
tasks worker advances=153728
tasks worker advances=153792
tasks worker advances=153856
tasks worker advances=153920
tasks worker advances=153984
tasks worker advances=154048
tasks worker advances=154112
tasks worker advances=154176
tasks worker advances=154240
tasks worker advances=154304
tasks worker advances=154368
tasks worker advances=154432
tasks worker advances=154496
tasks worker advances=154560
tasks worker advances=154624
tasks worker advances=154688
tasks worker advances=156736
tasks worker advances=156800
tasks worker advances=156864
tasks worker advances=156928
tasks worker advances=156992
tasks worker advances=157056
tasks worker advances=157120
tasks worker advances=157184
tasks worker advances=157248
tasks worker advances=157312
tasks worker advances=157376
tasks worker advances=157440
tasks worker advances=157504
tasks worker advances=157568
tasks worker advances=157632
tasks worker advances=157696
tasks worker advances=157760
tasks worker advances=157824
tasks worker advances=157888
tasks worker advances=157952
tasks worker advances=158016
tasks worker advances=158080
tasks worker advances=158144
tasks worker advances=158208
tasks worker advances=158272
tasks worker advances=158336
tasks worker advances=158400
tasks worker advances=158464
tasks worker advances=158528
tasks worker advances=158592
tasks worker advances=158656
tasks worker advances=158720
tasks worker advances=158784
tasks worker advances=160768
tasks worker advances=160832
tasks worker advances=160896
tasks worker advances=160960
tasks worker advances=161024
tasks worker advances=161088
tasks worker advances=161152
tasks worker advances=161216
tasks worker advances=161280
tasks worker advances=161344
tasks worker advances=161408
tasks worker advances=161472
tasks worker advances=161536
tasks worker advances=161600
tasks worker advances=161664
tasks worker advances=161728
tasks worker advances=161792
tasks worker advances=161856
tasks worker advances=161920
tasks worker advances=161984
tasks worker advances=162048
tasks worker advances=162112
tasks worker advances=162176
tasks worker advances=162240
tasks worker advances=162304
tasks worker advances=162368
tasks worker advances=162432
tasks worker advances=162496
tasks worker advances=162560
tasks worker advances=162624
tasks worker advances=162688
tasks worker advances=162752
timer heartbeat ticks=80 irq=80 poll=0
tasks worker advances=162816
tasks worker advances=164864
tasks worker advances=164928
tasks worker advances=164992
tasks worker advances=165056
tasks worker advances=165120
tasks worker advances=165184
tasks worker advances=165248
tasks worker advances=165312
tasks worker advances=165376
tasks worker advances=165440
tasks worker advances=165504
tasks worker advances=165568
tasks worker advances=165632
tasks worker advances=165696
tasks worker advances=165760
tasks worker advances=165824
tasks worker advances=165888
tasks worker advances=165952
tasks worker advances=166016
tasks worker advances=166080
tasks worker advances=166144
tasks worker advances=166208
tasks worker advances=166272
tasks worker advances=166336
tasks worker advances=166400
tasks worker advances=166464
tasks worker advances=166528
tasks worker advances=166592
tasks worker advances=166656
tasks worker advances=166720
tasks worker advances=166784
tasks worker advances=166848
tasks worker advances=166912
tasks worker advances=168960
tasks worker advances=169024
tasks worker advances=169088
tasks worker advances=169152
tasks worker advances=169216
tasks worker advances=169280
tasks worker advances=169344
tasks worker advances=169408
tasks worker advances=169472
tasks worker advances=169536
tasks worker advances=169600
tasks worker advances=169664
tasks worker advances=169728
tasks worker advances=169792
tasks worker advances=169856
tasks worker advances=169920
tasks worker advances=169984
tasks worker advances=170048
tasks worker advances=170112
tasks worker advances=170176
tasks worker advances=170240
tasks worker advances=170304
tasks worker advances=170368
tasks worker advances=170432
tasks worker advances=170496
tasks worker advances=170560
tasks worker advances=170624
tasks worker advances=170688
tasks worker advances=170752
tasks worker advances=170816
tasks worker advances=170880
tasks worker advances=170944
timer heartbeat ticks=85 irq=85 poll=0
tasks worker advances=171008
tasks worker advances=173056
tasks worker advances=173120
tasks worker advances=173184
tasks worker advances=173248
tasks worker advances=173312
tasks worker advances=173376
tasks worker advances=173440
tasks worker advances=173504
tasks worker advances=173568
tasks worker advances=173632
tasks worker advances=173696
tasks worker advances=173760
tasks worker advances=173824
tasks worker advances=173888
tasks worker advances=173952
tasks worker advances=174016
tasks worker advances=174080
tasks worker advances=174144
tasks worker advances=174208
tasks worker advances=174272
tasks worker advances=174336
tasks worker advances=174400
tasks worker advances=174464
tasks worker advances=174528
tasks worker advances=174592
tasks worker advances=174656
tasks worker advances=174720
tasks worker advances=174784
tasks worker advances=174848
tasks worker advances=174912
tasks worker advances=174976
tasks worker advances=175040
tasks worker advances=175104
tasks worker advances=177152
tasks worker advances=177216
tasks worker advances=177280
tasks worker advances=177344
tasks worker advances=177408
tasks worker advances=177472
tasks worker advances=177536
tasks worker advances=177600
tasks worker advances=177664
tasks worker advances=177728
tasks worker advances=177792
tasks worker advances=177856
tasks worker advances=177920
tasks worker advances=177984
tasks worker advances=178048
tasks worker advances=178112
tasks worker advances=178176
tasks worker advances=178240
tasks worker advances=178304
tasks worker advances=178368
tasks worker advances=178432
tasks worker advances=178496
tasks worker advances=178560
tasks worker advances=178624
tasks worker advances=178688
tasks worker advances=178752
tasks worker advances=178816
tasks worker advances=178880
tasks worker advances=178944
tasks worker advances=179008
tasks worker advances=179072
tasks worker advances=179136
tasks worker advances=179200
tasks worker advances=181248
tasks worker advances=181312
tasks worker advances=181376
tasks worker advances=181440
tasks worker advances=181504
tasks worker advances=181568
tasks worker advances=181632
tasks worker advances=181696
tasks worker advances=181760
tasks worker advances=181824
tasks worker advances=181888
tasks worker advances=181952
tasks worker advances=182016
tasks worker advances=182080
tasks worker advances=182144
tasks worker advances=182208
tasks worker advances=182272
tasks worker advances=182336
tasks worker advances=182400
tasks worker advances=182464
tasks worker advances=182528
tasks worker advances=182592
tasks worker advances=182656
tasks worker advances=182720
tasks worker advances=182784
tasks worker advances=182848
tasks worker advances=182912
tasks worker advances=182976
tasks worker advances=183040
tasks worker advances=183104
tasks worker advances=183168
tasks worker advances=183232
timer heartbeat ticks=90 irq=90 poll=0
tasks worker advances=183296
tasks worker advances=185344
tasks worker advances=185408
tasks worker advances=185472
tasks worker advances=185536
tasks worker advances=185600
tasks worker advances=185664
tasks worker advances=185728
tasks worker advances=185792
tasks worker advances=185856
tasks worker advances=185920
tasks worker advances=185984
tasks worker advances=186048
tasks worker advances=186112
tasks worker advances=186176
tasks worker advances=186240
tasks worker advances=186304
tasks worker advances=186368
tasks worker advances=186432
tasks worker advances=186496
tasks worker advances=186560
tasks worker advances=186624
tasks worker advances=186688
tasks worker advances=186752
tasks worker advances=186816
tasks worker advances=186880
tasks worker advances=186944
tasks worker advances=187008
tasks worker advances=187072
tasks worker advances=187136
tasks worker advances=187200
tasks worker advances=187264
tasks worker advances=187328
tasks worker advances=187392
tasks worker advances=189440
tasks worker advances=189504
tasks worker advances=189568
tasks worker advances=189632
tasks worker advances=189696
tasks worker advances=189760
tasks worker advances=189824
tasks worker advances=189888
tasks worker advances=189952
tasks worker advances=190016
tasks worker advances=190080
tasks worker advances=190144
tasks worker advances=190208
tasks worker advances=190272
tasks worker advances=190336
tasks worker advances=190400
tasks worker advances=190464
tasks worker advances=190528
tasks worker advances=190592
tasks worker advances=190656
tasks worker advances=190720
tasks worker advances=190784
tasks worker advances=190848
tasks worker advances=190912
tasks worker advances=190976
tasks worker advances=191040
tasks worker advances=191104
tasks worker advances=191168
tasks worker advances=191232
tasks worker advances=191296
tasks worker advances=191360
timer heartbeat ticks=95 irq=95 poll=0
tasks worker advances=191424
tasks worker advances=193472
tasks worker advances=193536
tasks worker advances=193600
tasks worker advances=193664
tasks worker advances=193728
tasks worker advances=193792
tasks worker advances=193856
tasks worker advances=193920
tasks worker advances=193984
tasks worker advances=194048
tasks worker advances=194112
tasks worker advances=194176
tasks worker advances=194240
tasks worker advances=194304
tasks worker advances=194368
tasks worker advances=194432
tasks worker advances=194496
tasks worker advances=194560
tasks worker advances=194624
tasks worker advances=194688
tasks worker advances=194752
tasks worker advances=194816
tasks worker advances=194880
tasks worker advances=194944
tasks worker advances=195008
tasks worker advances=195072
tasks worker advances=195136
tasks worker advances=195200
tasks worker advances=195264
tasks worker advances=195328
tasks worker advances=195392
tasks worker advances=195456
tasks worker advances=195520
tasks worker advances=197440
tasks worker advances=197504
tasks worker advances=197568
tasks worker advances=197632
tasks worker advances=197696
tasks worker advances=197760
tasks worker advances=197824
tasks worker advances=197888
tasks worker advances=197952
tasks worker advances=198016
tasks worker advances=198080
tasks worker advances=198144
tasks worker advances=198208
tasks worker advances=198272
tasks worker advances=198336
tasks worker advances=198400
tasks worker advances=198464
tasks worker advances=198528
tasks worker advances=198592
tasks worker advances=198656
tasks worker advances=198720
tasks worker advances=198784
tasks worker advances=198848
tasks worker advances=198912
tasks worker advances=198976
tasks worker advances=199040
tasks worker advances=199104
tasks worker advances=199168
tasks worker advances=199232
tasks worker advances=199296
tasks worker advances=199360
tasks worker advances=199424
tasks worker advances=199488
tasks worker advances=201344
tasks worker advances=201408
tasks worker advances=201472
tasks worker advances=201536
tasks worker advances=201600
tasks worker advances=201664
tasks worker advances=201728
tasks worker advances=201792
tasks worker advances=201856
tasks worker advances=201920
tasks worker advances=201984
tasks worker advances=202048
tasks worker advances=202112
tasks worker advances=202176
tasks worker advances=202240
tasks worker advances=202304
tasks worker advances=202368
tasks worker advances=202432
tasks worker advances=202496
tasks worker advances=202560
tasks worker advances=202624
tasks worker advances=202688
tasks worker advances=202752
tasks worker advances=202816
tasks worker advances=202880
tasks worker advances=202944
tasks worker advances=203008
tasks worker advances=203072
tasks worker advances=203136
tasks worker advances=203200
tasks worker advances=203264
tasks worker advances=203328
timer heartbeat ticks=100 irq=100 poll=0
tasks worker advances=203392
tasks worker advances=205376
tasks worker advances=205440
tasks worker advances=205504
tasks worker advances=205568
tasks worker advances=205632
tasks worker advances=205696
tasks worker advances=205760
tasks worker advances=205824
tasks worker advances=205888
tasks worker advances=205952
tasks worker advances=206016
tasks worker advances=206080
tasks worker advances=206144
tasks worker advances=206208
tasks worker advances=206272
tasks worker advances=206336
tasks worker advances=206400
tasks worker advances=206464
tasks worker advances=206528
tasks worker advances=206592
tasks worker advances=206656
tasks worker advances=206720
tasks worker advances=206784
tasks worker advances=206848
tasks worker advances=206912
tasks worker advances=206976
tasks worker advances=207040
tasks worker advances=207104
tasks worker advances=207168
tasks worker advances=207232
tasks worker advances=207296
tasks worker advances=207360
tasks worker advances=209344
tasks worker advances=209408
tasks worker advances=209472
tasks worker advances=209536
tasks worker advances=209600
tasks worker advances=209664
tasks worker advances=209728
tasks worker advances=209792
tasks worker advances=209856
tasks worker advances=209920
tasks worker advances=209984
tasks worker advances=210048
tasks worker advances=210112
tasks worker advances=210176
tasks worker advances=210240
tasks worker advances=210304
tasks worker advances=210368
tasks worker advances=210432
tasks worker advances=210496
tasks worker advances=210560
tasks worker advances=210624
tasks worker advances=210688
tasks worker advances=210752
tasks worker advances=210816
tasks worker advances=210880
tasks worker advances=210944
tasks worker advances=211008
tasks worker advances=211072
tasks worker advances=211136
tasks worker advances=211200
tasks worker advances=211264
tasks worker advances=211328
timer heartbeat ticks=105 irq=105 poll=0
tasks worker advances=211392
tasks worker advances=213376
tasks worker advances=213440
tasks worker advances=213504
tasks worker advances=213568
tasks worker advances=213632
tasks worker advances=213696
tasks worker advances=213760
tasks worker advances=213824
tasks worker advances=213888
tasks worker advances=213952
tasks worker advances=214016
tasks worker advances=214080
tasks worker advances=214144
tasks worker advances=214208
tasks worker advances=214272
tasks worker advances=214336
tasks worker advances=214400
tasks worker advances=214464
tasks worker advances=214528
tasks worker advances=214592
tasks worker advances=214656
tasks worker advances=214720
tasks worker advances=214784
tasks worker advances=214848
tasks worker advances=214912
tasks worker advances=214976
tasks worker advances=215040
tasks worker advances=215104
tasks worker advances=215168
tasks worker advances=215232
tasks worker advances=215296
tasks worker advances=215360
tasks worker advances=215424
tasks worker advances=217408
tasks worker advances=217472
tasks worker advances=217536
tasks worker advances=217600
tasks worker advances=217664
tasks worker advances=217728
tasks worker advances=217792
tasks worker advances=217856
tasks worker advances=217920
tasks worker advances=217984
tasks worker advances=218048
tasks worker advances=218112
tasks worker advances=218176
tasks worker advances=218240
tasks worker advances=218304
tasks worker advances=218368
tasks worker advances=218432
tasks worker advances=218496
tasks worker advances=218560
tasks worker advances=218624
tasks worker advances=218688
tasks worker advances=218752
tasks worker advances=218816
tasks worker advances=218880
tasks worker advances=218944
tasks worker advances=219008
tasks worker advances=219072
tasks worker advances=219136
tasks worker advances=219200
tasks worker advances=219264
tasks worker advances=219328
tasks worker advances=219392
tasks worker advances=219456
tasks worker advances=221376
tasks worker advances=221440
tasks worker advances=221504
tasks worker advances=221568
tasks worker advances=221632
tasks worker advances=221696
tasks worker advances=221760
tasks worker advances=221824
tasks worker advances=221888
tasks worker advances=221952
tasks worker advances=222016
tasks worker advances=222080
tasks worker advances=222144
tasks worker advances=222208
tasks worker advances=222272
tasks worker advances=222336
tasks worker advances=222400
tasks worker advances=222464
tasks worker advances=222528
tasks worker advances=222592
tasks worker advances=222656
tasks worker advances=222720
tasks worker advances=222784
tasks worker advances=222848
tasks worker advances=222912
tasks worker advances=222976
tasks worker advances=223040
tasks worker advances=223104
tasks worker advances=223168
tasks worker advances=223232
tasks worker advances=223296
tasks worker advances=223360
timer heartbeat ticks=110 irq=110 poll=0
tasks worker advances=223424
tasks worker advances=225408
tasks worker advances=225472
tasks worker advances=225536
tasks worker advances=225600
tasks worker advances=225664
tasks worker advances=225728
tasks worker advances=225792
tasks worker advances=225856
tasks worker advances=225920
tasks worker advances=225984
tasks worker advances=226048
tasks worker advances=226112
tasks worker advances=226176
tasks worker advances=226240
tasks worker advances=226304
tasks worker advances=226368
tasks worker advances=226432
tasks worker advances=226496
tasks worker advances=226560
tasks worker advances=226624
tasks worker advances=226688
tasks worker advances=226752
tasks worker advances=226816
tasks worker advances=226880
tasks worker advances=226944
tasks worker advances=227008
tasks worker advances=227072
tasks worker advances=227136
tasks worker advances=227200
tasks worker advances=227264
tasks worker advances=228992
tasks worker advances=229056
tasks worker advances=229120
tasks worker advances=229184
tasks worker advances=229248
tasks worker advances=229312
tasks worker advances=229376
tasks worker advances=229440
tasks worker advances=229504
tasks worker advances=229568
tasks worker advances=229632
tasks worker advances=229696
tasks worker advances=229760
tasks worker advances=229824
tasks worker advances=229888
tasks worker advances=229952
tasks worker advances=230016
tasks worker advances=230080
tasks worker advances=230144
tasks worker advances=230208
tasks worker advances=230272
tasks worker advances=230336
tasks worker advances=230400
tasks worker advances=230464
tasks worker advances=230528
tasks worker advances=230592
tasks worker advances=230656
tasks worker advances=230720
tasks worker advances=230784
tasks worker advances=230848
tasks worker advances=230912
timer heartbeat ticks=115 irq=115 poll=0
tasks worker advances=230976
tasks worker advances=232960
tasks worker advances=233024
tasks worker advances=233088
tasks worker advances=233152
tasks worker advances=233216
tasks worker advances=233280
tasks worker advances=233344
tasks worker advances=233408
tasks worker advances=233472
tasks worker advances=233536
tasks worker advances=233600
tasks worker advances=233664
tasks worker advances=233728
tasks worker advances=233792
tasks worker advances=233856
tasks worker advances=233920
tasks worker advances=233984
tasks worker advances=234048
tasks worker advances=234112
tasks worker advances=234176
tasks worker advances=234240
tasks worker advances=234304
tasks worker advances=234368
tasks worker advances=234432
tasks worker advances=234496
tasks worker advances=234560
tasks worker advances=234624
tasks worker advances=234688
tasks worker advances=234752
tasks worker advances=234816
tasks worker advances=234880
tasks worker advances=236864
tasks worker advances=236928
tasks worker advances=236992
tasks worker advances=237056
tasks worker advances=237120
tasks worker advances=237184
tasks worker advances=237248
tasks worker advances=237312
tasks worker advances=237376
tasks worker advances=237440
tasks worker advances=237504
tasks worker advances=237568
tasks worker advances=237632
tasks worker advances=237696
tasks worker advances=237760
tasks worker advances=237824
tasks worker advances=237888
tasks worker advances=237952
tasks worker advances=238016
tasks worker advances=238080
tasks worker advances=238144
tasks worker advances=238208
tasks worker advances=238272
tasks worker advances=238336
tasks worker advances=238400
tasks worker advances=238464
tasks worker advances=238528
tasks worker advances=238592
tasks worker advances=238656
tasks worker advances=238720
tasks worker advances=238784
tasks worker advances=238848
tasks worker advances=238912
tasks worker advances=240896
tasks worker advances=240960
tasks worker advances=241024
tasks worker advances=241088
tasks worker advances=241152
tasks worker advances=241216
tasks worker advances=241280
tasks worker advances=241344
tasks worker advances=241408
tasks worker advances=241472
tasks worker advances=241536
tasks worker advances=241600
tasks worker advances=241664
tasks worker advances=241728
tasks worker advances=241792
tasks worker advances=241856
tasks worker advances=241920
tasks worker advances=241984
tasks worker advances=242048
tasks worker advances=242112
tasks worker advances=242176
tasks worker advances=242240
tasks worker advances=242304
tasks worker advances=242368
tasks worker advances=242432
tasks worker advances=242496
tasks worker advances=242560
tasks worker advances=242624
tasks worker advances=242688
tasks worker advances=242752
tasks worker advances=242816
tasks worker advances=242880
timer heartbeat ticks=120 irq=120 poll=0
tasks worker advances=242944
tasks worker advances=244928
tasks worker advances=244992
tasks worker advances=245056
tasks worker advances=245120
tasks worker advances=245184
tasks worker advances=245248
tasks worker advances=245312
tasks worker advances=245376
tasks worker advances=245440
tasks worker advances=245504
tasks worker advances=245568
tasks worker advances=245632
tasks worker advances=245696
tasks worker advances=245760
tasks worker advances=245824
tasks worker advances=245888
tasks worker advances=245952
tasks worker advances=246016
tasks worker advances=246080
tasks worker advances=246144
tasks worker advances=246208
tasks worker advances=246272
tasks worker advances=246336
tasks worker advances=246400
tasks worker advances=246464
tasks worker advances=246528
tasks worker advances=246592
tasks worker advances=246656
tasks worker advances=246720
tasks worker advances=246784
tasks worker advances=246848
tasks worker advances=246912
tasks worker advances=248896
tasks worker advances=248960
tasks worker advances=249024
tasks worker advances=249088
tasks worker advances=249152
tasks worker advances=249216
tasks worker advances=249280
tasks worker advances=249344
tasks worker advances=249408
tasks worker advances=249472
tasks worker advances=249536
tasks worker advances=249600
tasks worker advances=249664
tasks worker advances=249728
tasks worker advances=249792
tasks worker advances=249856
tasks worker advances=249920
tasks worker advances=249984
tasks worker advances=250048
tasks worker advances=250112
tasks worker advances=250176
tasks worker advances=250240
tasks worker advances=250304
tasks worker advances=250368
tasks worker advances=250432
tasks worker advances=250496
tasks worker advances=250560
tasks worker advances=250624
tasks worker advances=250688
tasks worker advances=250752
tasks worker advances=250816
timer heartbeat ticks=125 irq=125 poll=0
tasks worker advances=250880
tasks worker advances=252928
tasks worker advances=252992
tasks worker advances=253056
tasks worker advances=253120
tasks worker advances=253184
tasks worker advances=253248
tasks worker advances=253312
tasks worker advances=253376
tasks worker advances=253440
tasks worker advances=253504
tasks worker advances=253568
tasks worker advances=253632
tasks worker advances=253696
tasks worker advances=253760
tasks worker advances=253824
tasks worker advances=253888
tasks worker advances=253952
tasks worker advances=254016
tasks worker advances=254080
tasks worker advances=254144
tasks worker advances=254208
tasks worker advances=254272
tasks worker advances=254336
tasks worker advances=254400
tasks worker advances=254464
tasks worker advances=254528
tasks worker advances=254592
tasks worker advances=254656
tasks worker advances=254720
tasks worker advances=254784
tasks worker advances=254848
tasks worker advances=254912
tasks worker advances=256960
tasks worker advances=257024
tasks worker advances=257088
tasks worker advances=257152
tasks worker advances=257216
tasks worker advances=257280
tasks worker advances=257344
tasks worker advances=257408
tasks worker advances=257472
tasks worker advances=257536
tasks worker advances=257600
tasks worker advances=257664
tasks worker advances=257728
tasks worker advances=257792
tasks worker advances=257856
tasks worker advances=257920
tasks worker advances=257984
tasks worker advances=258048
tasks worker advances=258112
tasks worker advances=258176
tasks worker advances=258240
tasks worker advances=258304
tasks worker advances=258368
tasks worker advances=258432
tasks worker advances=258496
tasks worker advances=258560
tasks worker advances=258624
tasks worker advances=258688
tasks worker advances=258752
tasks worker advances=258816
tasks worker advances=258880
tasks worker advances=260864
tasks worker advances=260928
tasks worker advances=260992
tasks worker advances=261056
tasks worker advances=261120
tasks worker advances=261184
tasks worker advances=261248
tasks worker advances=261312
tasks worker advances=261376
tasks worker advances=261440
tasks worker advances=261504
tasks worker advances=261568
tasks worker advances=261632
tasks worker advances=261696
tasks worker advances=261760
tasks worker advances=261824
tasks worker advances=261888
tasks worker advances=261952
tasks worker advances=262016
tasks worker advances=262080
tasks worker advances=262144
tasks worker advances=262208
tasks worker advances=262272
tasks worker advances=262336
tasks worker advances=262400
tasks worker advances=262464
tasks worker advances=262528
tasks worker advances=262592
tasks worker advances=262656
tasks worker advances=262720
tasks worker advances=262784
timer heartbeat ticks=130 irq=130 poll=0
tasks worker advances=262848
tasks worker advances=264832
tasks worker advances=264896
tasks worker advances=264960
tasks worker advances=265024
tasks worker advances=265088
tasks worker advances=265152
tasks worker advances=265216
tasks worker advances=265280
tasks worker advances=265344
tasks worker advances=265408
tasks worker advances=265472
tasks worker advances=265536
tasks worker advances=265600
tasks worker advances=265664
tasks worker advances=265728
tasks worker advances=265792
tasks worker advances=265856
tasks worker advances=265920
tasks worker advances=265984
tasks worker advances=266048
tasks worker advances=266112
tasks worker advances=266176
tasks worker advances=266240
tasks worker advances=266304
tasks worker advances=266368
tasks worker advances=266432
tasks worker advances=266496
tasks worker advances=266560
tasks worker advances=266624
tasks worker advances=266688
tasks worker advances=266752
tasks worker advances=268672
tasks worker advances=268736
tasks worker advances=268800
tasks worker advances=268864
tasks worker advances=268928
tasks worker advances=268992
tasks worker advances=269056
tasks worker advances=269120
tasks worker advances=269184
tasks worker advances=269248
tasks worker advances=269312
tasks worker advances=269376
tasks worker advances=269440
tasks worker advances=269504
tasks worker advances=269568
tasks worker advances=269632
tasks worker advances=269696
tasks worker advances=269760
tasks worker advances=269824
tasks worker advances=269888
tasks worker advances=269952
tasks worker advances=270016
tasks worker advances=270080
tasks worker advances=270144
tasks worker advances=270208
tasks worker advances=270272
tasks worker advances=270336
tasks worker advances=270400
tasks worker advances=270464
timer heartbeat ticks=135 irq=135 poll=0
tasks worker advances=270528
tasks worker advances=272512
tasks worker advances=272576
tasks worker advances=272640
tasks worker advances=272704
tasks worker advances=272768
tasks worker advances=272832
tasks worker advances=272896
tasks worker advances=272960
tasks worker advances=273024
tasks worker advances=273088
tasks worker advances=273152
tasks worker advances=273216
tasks worker advances=273280
tasks worker advances=273344
tasks worker advances=273408
tasks worker advances=273472
tasks worker advances=273536
tasks worker advances=273600
tasks worker advances=273664
tasks worker advances=273728
tasks worker advances=273792
tasks worker advances=273856
tasks worker advances=273920
tasks worker advances=273984
tasks worker advances=274048
tasks worker advances=274112
tasks worker advances=274176
tasks worker advances=274240
tasks worker advances=274304
tasks worker advances=274368
tasks worker advances=274432
tasks worker advances=274496
tasks worker advances=276416
tasks worker advances=276480
tasks worker advances=276544
tasks worker advances=276608
tasks worker advances=276672
tasks worker advances=276736
tasks worker advances=276800
tasks worker advances=276864
tasks worker advances=276928
tasks worker advances=276992
tasks worker advances=277056
tasks worker advances=277120
tasks worker advances=277184
tasks worker advances=277248
tasks worker advances=277312
tasks worker advances=277376
tasks worker advances=277440
tasks worker advances=277504
tasks worker advances=277568
tasks worker advances=277632
tasks worker advances=277696
tasks worker advances=277760
tasks worker advances=277824
tasks worker advances=277888
tasks worker advances=277952
tasks worker advances=278016
tasks worker advances=278080
tasks worker advances=278144
tasks worker advances=278208
tasks worker advances=278272
tasks worker advances=278336
tasks worker advances=278400
tasks worker advances=280384
tasks worker advances=280448
tasks worker advances=280512
tasks worker advances=280576
tasks worker advances=280640
tasks worker advances=280704
tasks worker advances=280768
tasks worker advances=280832
tasks worker advances=280896
tasks worker advances=280960
tasks worker advances=281024
tasks worker advances=281088
tasks worker advances=281152
tasks worker advances=281216
tasks worker advances=281280
tasks worker advances=281344
tasks worker advances=281408
tasks worker advances=281472
tasks worker advances=281536
tasks worker advances=281600
tasks worker advances=281664
tasks worker advances=281728
tasks worker advances=281792
tasks worker advances=281856
tasks worker advances=281920
tasks worker advances=281984
tasks worker advances=282048
tasks worker advances=282112
tasks worker advances=282176
tasks worker advances=282240
tasks worker advances=282304
timer heartbeat ticks=140 irq=140 poll=0
tasks worker advances=282368
tasks worker advances=284416
tasks worker advances=284480
tasks worker advances=284544
tasks worker advances=284608
tasks worker advances=284672
tasks worker advances=284736
tasks worker advances=284800
tasks worker advances=284864
tasks worker advances=284928
tasks worker advances=284992
tasks worker advances=285056
tasks worker advances=285120
tasks worker advances=285184
tasks worker advances=285248
tasks worker advances=285312
tasks worker advances=285376
tasks worker advances=285440
tasks worker advances=285504
tasks worker advances=285568
tasks worker advances=285632
tasks worker advances=285696
tasks worker advances=285760
tasks worker advances=285824
tasks worker advances=285888
tasks worker advances=285952
tasks worker advances=286016
tasks worker advances=286080
tasks worker advances=286144
tasks worker advances=286208
tasks worker advances=286272
tasks worker advances=286336
tasks worker advances=286400
tasks worker advances=288384
tasks worker advances=288448
tasks worker advances=288512
tasks worker advances=288576
tasks worker advances=288640
tasks worker advances=288704
tasks worker advances=288768
tasks worker advances=288832
tasks worker advances=288896
tasks worker advances=288960
tasks worker advances=289024
tasks worker advances=289088
tasks worker advances=289152
tasks worker advances=289216
tasks worker advances=289280
tasks worker advances=289344
tasks worker advances=289408
tasks worker advances=289472
tasks worker advances=289536
tasks worker advances=289600
tasks worker advances=289664
tasks worker advances=289728
tasks worker advances=289792
tasks worker advances=289856
tasks worker advances=289920
tasks worker advances=289984
tasks worker advances=290048
tasks worker advances=290112
tasks worker advances=290176
tasks worker advances=290240
tasks worker advances=290304
tasks worker advances=290368
timer heartbeat ticks=145 irq=145 poll=0
tasks worker advances=290432
tasks worker advances=292416
tasks worker advances=292480
tasks worker advances=292544
tasks worker advances=292608
tasks worker advances=292672
tasks worker advances=292736
tasks worker advances=292800
tasks worker advances=292864
tasks worker advances=292928
tasks worker advances=292992
tasks worker advances=293056
tasks worker advances=293120
tasks worker advances=293184
tasks worker advances=293248
tasks worker advances=293312
tasks worker advances=293376
tasks worker advances=293440
tasks worker advances=293504
tasks worker advances=293568
tasks worker advances=293632
tasks worker advances=293696
tasks worker advances=293760
tasks worker advances=293824
tasks worker advances=293888
tasks worker advances=293952
tasks worker advances=294016
tasks worker advances=294080
tasks worker advances=294144
tasks worker advances=294208
tasks worker advances=294272
tasks worker advances=294336
tasks worker advances=294400
tasks worker advances=296448
tasks worker advances=296512
tasks worker advances=296576
tasks worker advances=296640
tasks worker advances=296704
tasks worker advances=296768
tasks worker advances=296832
tasks worker advances=296896
tasks worker advances=296960
tasks worker advances=297024
tasks worker advances=297088
tasks worker advances=297152
tasks worker advances=297216
tasks worker advances=297280
tasks worker advances=297344
tasks worker advances=297408
tasks worker advances=297472
tasks worker advances=297536
tasks worker advances=297600
tasks worker advances=297664
tasks worker advances=297728
tasks worker advances=297792
tasks worker advances=297856
tasks worker advances=297920
tasks worker advances=297984
tasks worker advances=298048
tasks worker advances=298112
tasks worker advances=298176
tasks worker advances=298240
tasks worker advances=298304
tasks worker advances=298368
tasks worker advances=298432
tasks worker advances=300416
tasks worker advances=300480
tasks worker advances=300544
tasks worker advances=300608
tasks worker advances=300672
tasks worker advances=300736
tasks worker advances=300800
tasks worker advances=300864
tasks worker advances=300928
tasks worker advances=300992
tasks worker advances=301056
tasks worker advances=301120
tasks worker advances=301184
tasks worker advances=301248
tasks worker advances=301312
tasks worker advances=301376
tasks worker advances=301440
tasks worker advances=301504
tasks worker advances=301568
tasks worker advances=301632
tasks worker advances=301696
tasks worker advances=301760
tasks worker advances=301824
tasks worker advances=301888
tasks worker advances=301952
tasks worker advances=302016
tasks worker advances=302080
tasks worker advances=302144
tasks worker advances=302208
tasks worker advances=302272
tasks worker advances=302336
timer heartbeat ticks=150 irq=150 poll=0
tasks worker advances=302400
tasks worker advances=304384
tasks worker advances=304448
tasks worker advances=304512
tasks worker advances=304576
tasks worker advances=304640
tasks worker advances=304704
tasks worker advances=304768
tasks worker advances=304832
tasks worker advances=304896
tasks worker advances=304960
tasks worker advances=305024
tasks worker advances=305088
tasks worker advances=305152
tasks worker advances=305216
tasks worker advances=305280
tasks worker advances=305344
tasks worker advances=305408
tasks worker advances=305472
tasks worker advances=305536
tasks worker advances=305600
tasks worker advances=305664
tasks worker advances=305728
tasks worker advances=305792
tasks worker advances=305856
tasks worker advances=305920
tasks worker advances=305984
tasks worker advances=306048
tasks worker advances=306112
tasks worker advances=306176
tasks worker advances=306240
tasks worker advances=306304
tasks worker advances=306368
tasks worker advances=306432
tasks worker advances=308416
tasks worker advances=308480
tasks worker advances=308544
tasks worker advances=308608
tasks worker advances=308672
tasks worker advances=308736
tasks worker advances=308800
tasks worker advances=308864
tasks worker advances=308928
tasks worker advances=308992
tasks worker advances=309056
tasks worker advances=309120
tasks worker advances=309184
tasks worker advances=309248
tasks worker advances=309312
tasks worker advances=309376
tasks worker advances=309440
tasks worker advances=309504
tasks worker advances=309568
tasks worker advances=309632
tasks worker advances=309696
tasks worker advances=309760
tasks worker advances=309824
tasks worker advances=309888
tasks worker advances=309952
tasks worker advances=310016
tasks worker advances=310080
tasks worker advances=310144
tasks worker advances=310208
tasks worker advances=310272
timer heartbeat ticks=155 irq=155 poll=0
tasks worker advances=310336
tasks worker advances=312320
tasks worker advances=312384
tasks worker advances=312448
tasks worker advances=312512
tasks worker advances=312576
tasks worker advances=312640
tasks worker advances=312704
tasks worker advances=312768
tasks worker advances=312832
tasks worker advances=312896
tasks worker advances=312960
tasks worker advances=313024
tasks worker advances=313088
tasks worker advances=313152
tasks worker advances=313216
tasks worker advances=313280
tasks worker advances=313344
tasks worker advances=313408
tasks worker advances=313472
tasks worker advances=313536
tasks worker advances=313600
tasks worker advances=313664
tasks worker advances=313728
tasks worker advances=313792
tasks worker advances=313856
tasks worker advances=313920
tasks worker advances=313984
tasks worker advances=314048
tasks worker advances=314112
tasks worker advances=314176
tasks worker advances=314240
tasks worker advances=316288
tasks worker advances=316352
tasks worker advances=316416
tasks worker advances=316480
tasks worker advances=316544
tasks worker advances=316608
tasks worker advances=316672
tasks worker advances=316736
tasks worker advances=316800
tasks worker advances=316864
tasks worker advances=316928
tasks worker advances=316992
tasks worker advances=317056
tasks worker advances=317120
tasks worker advances=317184
tasks worker advances=317248
tasks worker advances=317312
tasks worker advances=317376
tasks worker advances=317440
tasks worker advances=317504
tasks worker advances=317568
tasks worker advances=317632
tasks worker advances=317696
tasks worker advances=317760
tasks worker advances=317824
tasks worker advances=317888
tasks worker advances=317952
tasks worker advances=318016
tasks worker advances=318080
tasks worker advances=318144
tasks worker advances=318208
tasks worker advances=318272
tasks worker advances=320320
tasks worker advances=320384
tasks worker advances=320448
tasks worker advances=320512
tasks worker advances=320576
tasks worker advances=320640
tasks worker advances=320704
tasks worker advances=320768
tasks worker advances=320832
tasks worker advances=320896
tasks worker advances=320960
tasks worker advances=321024
tasks worker advances=321088
tasks worker advances=321152
tasks worker advances=321216
tasks worker advances=321280
tasks worker advances=321344
tasks worker advances=321408
tasks worker advances=321472
tasks worker advances=321536
tasks worker advances=321600
tasks worker advances=321664
tasks worker advances=321728
tasks worker advances=321792
tasks worker advances=321856
tasks worker advances=321920
tasks worker advances=321984
tasks worker advances=322048
tasks worker advances=322112
tasks worker advances=322176
tasks worker advances=322240
timer heartbeat ticks=160 irq=160 poll=0
tasks worker advances=322304
tasks worker advances=324288
tasks worker advances=324352
tasks worker advances=324416
tasks worker advances=324480
tasks worker advances=324544
tasks worker advances=324608
tasks worker advances=324672
tasks worker advances=324736
tasks worker advances=324800
tasks worker advances=324864
tasks worker advances=324928
tasks worker advances=324992
tasks worker advances=325056
tasks worker advances=325120
tasks worker advances=325184
tasks worker advances=325248
tasks worker advances=325312
tasks worker advances=325376
tasks worker advances=325440
tasks worker advances=325504
tasks worker advances=325568
tasks worker advances=325632
tasks worker advances=325696
tasks worker advances=325760
tasks worker advances=325824
tasks worker advances=325888
tasks worker advances=325952
tasks worker advances=326016
tasks worker advances=326080
tasks worker advances=326144
tasks worker advances=326208
tasks worker advances=326272
tasks worker advances=328320
tasks worker advances=328384
tasks worker advances=328448
tasks worker advances=328512
tasks worker advances=328576
tasks worker advances=328640
tasks worker advances=328704
tasks worker advances=328768
tasks worker advances=328832
tasks worker advances=328896
tasks worker advances=328960
tasks worker advances=329024
tasks worker advances=329088
tasks worker advances=329152
tasks worker advances=329216
tasks worker advances=329280
tasks worker advances=329344
tasks worker advances=329408
tasks worker advances=329472
tasks worker advances=329536
tasks worker advances=329600
tasks worker advances=329664
tasks worker advances=329728
tasks worker advances=329792
tasks worker advances=329856
tasks worker advances=329920
tasks worker advances=329984
tasks worker advances=330048
tasks worker advances=330112
tasks worker advances=330176
timer heartbeat ticks=165 irq=165 poll=0
tasks worker advances=330240
tasks worker advances=332224
tasks worker advances=332288
tasks worker advances=332352
tasks worker advances=332416
tasks worker advances=332480
tasks worker advances=332544
tasks worker advances=332608
tasks worker advances=332672
tasks worker advances=332736
tasks worker advances=332800
tasks worker advances=332864
tasks worker advances=332928
tasks worker advances=332992
tasks worker advances=333056
tasks worker advances=333120
tasks worker advances=333184
tasks worker advances=333248
tasks worker advances=333312
tasks worker advances=333376
tasks worker advances=333440
tasks worker advances=333504
tasks worker advances=333568
tasks worker advances=333632
tasks worker advances=333696
tasks worker advances=333760
tasks worker advances=333824
tasks worker advances=333888
tasks worker advances=335808
tasks worker advances=335872
tasks worker advances=335936
tasks worker advances=336000
tasks worker advances=336064
tasks worker advances=336128
tasks worker advances=336192
tasks worker advances=336256
tasks worker advances=336320
tasks worker advances=336384
tasks worker advances=336448
tasks worker advances=336512
tasks worker advances=336576
tasks worker advances=336640
tasks worker advances=336704
tasks worker advances=336768
tasks worker advances=336832
tasks worker advances=336896
tasks worker advances=336960
tasks worker advances=337024
tasks worker advances=337088
tasks worker advances=337152
tasks worker advances=337216
tasks worker advances=337280
tasks worker advances=337344
tasks worker advances=337408
tasks worker advances=337472
tasks worker advances=337536
tasks worker advances=337600
tasks worker advances=337664
tasks worker advances=337728
tasks worker advances=337792
tasks worker advances=339840
tasks worker advances=339904
tasks worker advances=339968
tasks worker advances=340032
tasks worker advances=340096
tasks worker advances=340160
tasks worker advances=340224
tasks worker advances=340288
tasks worker advances=340352
tasks worker advances=340416
tasks worker advances=340480
tasks worker advances=340544
tasks worker advances=340608
tasks worker advances=340672
tasks worker advances=340736
tasks worker advances=340800
tasks worker advances=340864
tasks worker advances=340928
tasks worker advances=340992
tasks worker advances=341056
tasks worker advances=341120
tasks worker advances=341184
tasks worker advances=341248
tasks worker advances=341312
tasks worker advances=341376
tasks worker advances=341440
tasks worker advances=341504
tasks worker advances=341568
tasks worker advances=341632
tasks worker advances=341696
tasks worker advances=341760
timer heartbeat ticks=170 irq=170 poll=0
tasks worker advances=341824
tasks worker advances=343808
tasks worker advances=343872
tasks worker advances=343936
tasks worker advances=344000
tasks worker advances=344064
tasks worker advances=344128
tasks worker advances=344192
tasks worker advances=344256
tasks worker advances=344320
tasks worker advances=344384
tasks worker advances=344448
tasks worker advances=344512
tasks worker advances=344576
tasks worker advances=344640
tasks worker advances=344704
tasks worker advances=344768
tasks worker advances=344832
tasks worker advances=344896
tasks worker advances=344960
tasks worker advances=345024
tasks worker advances=345088
tasks worker advances=345152
tasks worker advances=345216
tasks worker advances=345280
tasks worker advances=345344
tasks worker advances=345408
tasks worker advances=345472
tasks worker advances=345536
tasks worker advances=345600
tasks worker advances=345664
tasks worker advances=345728
tasks worker advances=345792
tasks worker advances=347840
tasks worker advances=347904
tasks worker advances=347968
tasks worker advances=348032
tasks worker advances=348096
tasks worker advances=348160
tasks worker advances=348224
tasks worker advances=348288
tasks worker advances=348352
tasks worker advances=348416
tasks worker advances=348480
tasks worker advances=348544
tasks worker advances=348608
tasks worker advances=348672
tasks worker advances=348736
tasks worker advances=348800
tasks worker advances=348864
tasks worker advances=348928
tasks worker advances=348992
tasks worker advances=349056
tasks worker advances=349120
tasks worker advances=349184
tasks worker advances=349248
tasks worker advances=349312
tasks worker advances=349376
tasks worker advances=349440
tasks worker advances=349504
tasks worker advances=349568
tasks worker advances=349632
tasks worker advances=349696
tasks worker advances=349760
timer heartbeat ticks=175 irq=175 poll=0
tasks worker advances=349824
tasks worker advances=351872
tasks worker advances=351936
tasks worker advances=352000
tasks worker advances=352064
tasks worker advances=352128
tasks worker advances=352192
tasks worker advances=352256
tasks worker advances=352320
tasks worker advances=352384
tasks worker advances=352448
tasks worker advances=352512
tasks worker advances=352576
tasks worker advances=352640
tasks worker advances=352704
tasks worker advances=352768
tasks worker advances=352832
tasks worker advances=352896
tasks worker advances=352960
tasks worker advances=353024
tasks worker advances=353088
tasks worker advances=353152
tasks worker advances=353216
tasks worker advances=353280
tasks worker advances=353344
tasks worker advances=353408
tasks worker advances=353472
tasks worker advances=353536
tasks worker advances=353600
tasks worker advances=353664
tasks worker advances=353728
tasks worker advances=353792
tasks worker advances=353856
tasks worker advances=353920
tasks worker advances=355904
tasks worker advances=355968
tasks worker advances=356032
tasks worker advances=356096
tasks worker advances=356160
tasks worker advances=356224
tasks worker advances=356288
tasks worker advances=356352
tasks worker advances=356416
tasks worker advances=356480
tasks worker advances=356544
tasks worker advances=356608
tasks worker advances=356672
tasks worker advances=356736
tasks worker advances=356800
tasks worker advances=356864
tasks worker advances=356928
tasks worker advances=356992
tasks worker advances=357056
tasks worker advances=357120
tasks worker advances=357184
tasks worker advances=357248
tasks worker advances=357312
tasks worker advances=357376
tasks worker advances=357440
tasks worker advances=357504
tasks worker advances=357568
tasks worker advances=357632
tasks worker advances=357696
tasks worker advances=357760
tasks worker advances=357824
tasks worker advances=357888
tasks worker advances=357952
tasks worker advances=359936
tasks worker advances=360000
tasks worker advances=360064
tasks worker advances=360128
tasks worker advances=360192
tasks worker advances=360256
tasks worker advances=360320
tasks worker advances=360384
tasks worker advances=360448
tasks worker advances=360512
tasks worker advances=360576
tasks worker advances=360640
