VirelaiOS kernel has seized control.
memory-map descriptors=0x000000000000001b descriptor_size=0x0000000000000030 version=0x0000000000000001 key=0x000000000000029b
map type=0x0000000000000007 base=0x0000000070000000 pages=0x0000000000008000 attr=0x0000000000000008
map type=0x0000000000000004 base=0x0000000078000000 pages=0x0000000000000020 attr=0x0000000000000008
map type=0x0000000000000007 base=0x0000000078020000 pages=0x000000000000594f attr=0x0000000000000008
map type=0x0000000000000002 base=0x000000007d96f000 pages=0x0000000000000007 attr=0x0000000000000008
map type=0x0000000000000001 base=0x000000007d976000 pages=0x0000000000000c18 attr=0x0000000000000008
map type=0x0000000000000003 base=0x000000007e58e000 pages=0x0000000000000072 attr=0x0000000000000008
map type=0x0000000000000000 base=0x000000007e600000 pages=0x0000000000000040 attr=0x0000000000000008
map type=0x0000000000000006 base=0x000000007e640000 pages=0x0000000000000050 attr=0x8000000000000008
map type=0x0000000000000007 base=0x000000007e690000 pages=0x00000000000008ef attr=0x0000000000000008
map type=0x0000000000000004 base=0x000000007ef7f000 pages=0x0000000000000001 attr=0x0000000000000008
map type=0x0000000000000007 base=0x000000007ef80000 pages=0x000000000000002b attr=0x0000000000000008
map type=0x0000000000000004 base=0x000000007efab000 pages=0x00000000000008e5 attr=0x0000000000000008
map type=0x0000000000000003 base=0x000000007f890000 pages=0x0000000000000200 attr=0x0000000000000008
map type=0x0000000000000005 base=0x000000007fa90000 pages=0x0000000000000090 attr=0x8000000000000008
map type=0x0000000000000007 base=0x000000007fb20000 pages=0x0000000000000030 attr=0x0000000000000008
map type=0x0000000000000006 base=0x000000007fb50000 pages=0x0000000000000020 attr=0x8000000000000008
map type=0x0000000000000007 base=0x000000007fb70000 pages=0x000000000000002f attr=0x0000000000000008
map type=0x0000000000000009 base=0x000000007fb9f000 pages=0x0000000000000001 attr=0x0000000000000008
map type=0x0000000000000007 base=0x000000007fba0000 pages=0x0000000000000019 attr=0x0000000000000008
map type=0x0000000000000004 base=0x000000007fbb9000 pages=0x0000000000000021 attr=0x0000000000000008
map type=0x0000000000000003 base=0x000000007fbda000 pages=0x0000000000000026 attr=0x0000000000000008
map type=0x0000000000000004 base=0x000000007fc00000 pages=0x00000000000003c7 attr=0x0000000000000008
map type=0x0000000000000007 base=0x000000007ffc7000 pages=0x0000000000000010 attr=0x0000000000000008
map type=0x0000000000000003 base=0x000000007ffd7000 pages=0x0000000000000020 attr=0x0000000000000008
map type=0x0000000000000004 base=0x000000007fff7000 pages=0x0000000000000009 attr=0x0000000000000008
map type=0x000000000000000b base=0x0000000001000000 pages=0x0000000000000010 attr=0x8000000000000001
map type=0x000000000000000b base=0x0000000020050000 pages=0x0000000000000001 attr=0x8000000000000001
probe base=0x0000000100010000 layout=virtio-console
 records=0x0000000000000000
interrupts: gic=v3 armed=1 dist=0x0000000010000000 redist=0x0000000010010000 active=0x0000000010010000 fallback=1 ppi=0x000000000000001e edge=0 freq=0x00000000016e3600
host share: absent
kernel terminal state
cvspike: cap @0x0000000000000040 head=0x0000000001105009 t=0x0000000000000001 bar=0x0000000000000000 off=0x0000000000000000
cvspike: cap @0x0000000000000050 head=0x0000000003106009 t=0x0000000000000003 bar=0x0000000000000000 off=0x0000000000001000
cvspike: cap @0x0000000000000060 head=0x0000000002147409 t=0x0000000000000002 bar=0x0000000000000000 off=0x0000000000004000
cvspike: probe dev=0x0000000000000008 common=0x0000000100030000 notify=0x0000000100034000 bar=0x0000000100030000 b0=0x0000000000030004 b2=0x0000000050000000 cp=0x0000000000000040 nc=0x0000000000000003
cvspike: walk console-bar va=0x0000000100010000 l3=0x0000000100010403 ok
cvspike: walk cv-bar va=0x0000000100030000 l3=0x0000000100030403 ok
cvspike: init ok
cvspike: dev=0x0000000000000008 did=0x1082 common=0x0000000100030000 notify=0x0000000100034000 qoff=0x0000000000000000 qoff1=0x0000000000000001 ready=1
cvspike: feat=0x0000000530000000 acc=0x0000000100000000 nd=0 al=0 notify=16bit
cvspike: payload="VIRELAIOS-CV0x42" len=0x0000000000000010
cvspike: q0 xchg=1 n=0x10 echo=ok
cvspike: q0 xchg=2 n=0x10 echo=ok
cvspike: q0 xchg=3 n=0x10 echo=ok
cvspike: q0 xchg=4 n=0x10 echo=ok
cvspike: q0 heads=0x0000000000000000,0x0000000000000002,0x0000000000000004,0x0000000000000006 recycle=1
cvspike: q0 big n=0x3034 echo=ok
cvspike: q0 ok=1
cvspike: q1 log="cvlog-1" ack="ACK:7" n=0x0000000000000005
cvspike: q1 log="cvlog-2" ack="ACK:7" n=0x0000000000000005
cvspike: q1 log="cvlog-3" ack="ACK:7" n=0x0000000000000005
cvspike: q1 ok=3
cvspike: q2 armed rx=1 handle=0x0000000000000000
cvspike: q2 req="CVC-PING-0x42" n=0x000000000000000d req=ok handle=ok
cvspike: q2 rsp="CVC-PING-0x42" ack="OK:13" ok=1
cvspike: q2 ok=1
cvspike: q3 armed bufs=0x0000000000000008
vf: probe 32k ok len=0x8000 cksum=0x0000 free=0020
cvspike: irq=0x00000000000000c9 first=0x0000000000000045 spi=0x0000000000000045 armed=0x0000000000000020..0x00000000000000bf
entropy: pre-rearm st=00
entropy: seeded n=64
net: pre-rearm st=0f
net: rx-armed
aslr: boot user stack=0x000000003bc70000
VirelaiOS - AArch64 firmware-assisted kernel monitor
VirelaiOS: the elephant has left the building.
motd: aarch64 el1 kernel live; scheduler, uaccess, fs, net, gfx, xhci armed.
Type 'help' before touching anything expensive.
[32mvirelai> [0m[AUDIT] task-ring+procs audit armed slots=11 procs=16
net ip 192.168.64.5
net ip: ip=192.168.64.5
[32mvirelai> [0mnet arp 192.168.64.1
net arp: request for 192.168.64.1 sent (42 bytes)
[32mvirelai> [0mnet ping 192.168.64.1
net ping: echo request to 192.168.64.1 sent (46 bytes)
[32mvirelai> [0mnet arp 192.168.133.244
net arp: request for 192.168.133.244 sent (42 bytes)
[32mvirelai> [0mnet ping 192.168.133.244
error: peer not in ARP table (net arp <a.b.c.d> first)
[32mvirelai> [0mnet tcp connect 192.168.133.244 2222
error: peer not in ARP table (net arp 192.168.133.244 first)
[32mvirelai> [0mecho nat-lan-probe-ready
nat-lan-probe-ready
[32mvirelai> [0m
syscall: write ok n=23
uaccess: efault ok n=8
net tcp
net tcp: no connection (net tcp connect <addr> <port>)
[32mvirelai> [0mnet tcp
net tcp: no connection (net tcp connect <addr> <port>)
[32mvirelai> [0mnet tcp
net tcp: no connection (net tcp connect <addr> <port>)
[32mvirelai> [0mnet tcp
net tcp: no connection (net tcp connect <addr> <port>)
[32mvirelai> [0mnet tcp recv
error: not established (net tcp connect <addr> <port> first)
[32mvirelai> [0mnet arp
net arp: entries=1
net arp: 192.168.64.1 -> ae:07:75:20:da:64
net arp: req=2,repl=0,learn=1,drop=1,fail=0
[32mvirelai> [0mnet
net: did=0x0000000000001041 class=0x0000000000020000 dev=1
net: mac=02:00:00:00:00:01 source=feature
net: cfgmac=02:00:00:00:00:01
net: feat=0x0000000000000028/0x0000000000000001 q0=rx:size=4 q1=tx:size=4
net: status=0x000000000000000f rearm=1 tx=frames=3,bytes=166
net: rx=frames=3,bytes=166,filtered=8,overflow=0,fifo=3
net: rx-rings avail=12 used=12 armed=1
net: rx-obs len=265 first16=06 00 00 00 00 00 af 00 00 00 00 00 33 33 00 00
net: ip=192.168.64.5 arp=req=2,repl=0,learn=1,drop=1,fail=0
 icmp=req=1,repl=0,pong=1,drop=0,fail=0,seq=1
 udp=rx=0,tx=0,loop=0,drop=0
 dhcp=idle,ip=0.0.0.0,mask=0.0.0.0,gw=0.0.0.0,server=0.0.0.0,lease=0,discover=0,offer=0,request=0,ack=0,nack=0,timeout=0,mal=0,renew=0,rebind=0,renewed=0,expired=0
 tcp=idle,peer=0.0.0.0:0,syn=0,synack=0,ack=0,data_s=0,data_r=0,fin=0,finack=0,rst_s=0,rst_r=0,timedout=0,mal=0,retx=0,abort=0
 dns=idle,q=0,r=0,err=0,timeout=0
[32mvirelai> [0mecho nat-lan-done
nat-lan-done
[32mvirelai> [0mtimer irq delivered ppi=0x1e irq_ticks=1
smp: secondary runs=1 task=user-el0
smp: secondary runs=2 task=worker
smp: steal runs=1 task=user-el0 from=0
smp: steal runs=2 task=worker from=0
tasks worker advances=64
userspace: el0=1 svc=2 roundtrips=1 arg=2 result=2 rejected=0
tasks worker advances=3456
tasks worker advances=3520
tasks worker advances=3584
tasks worker advances=3648
smp: secondary runs=3 task=user-el0
smp: secondary runs=4 task=worker
tasks worker advances=3712
tasks worker advances=3776
tasks worker advances=3840
tasks worker advances=3904
tasks worker advances=3968
tasks worker advances=4032
tasks worker advances=4096
tasks worker advances=4160
tasks worker advances=4224
tasks worker advances=4288
tasks worker advances=4352
tasks worker advances=4416
tasks worker advances=4480
tasks worker advances=4544
tasks worker advances=4608
tasks worker advances=4672
tasks worker advances=4736
tasks worker advances=4800
tasks worker advances=4864
tasks worker advances=4928
tasks worker advances=4992
tasks worker advances=5056
