VirelaiOS kernel has seized control.
memory-map descriptors=0x000000000000001b descriptor_size=0x0000000000000030 version=0x0000000000000001 key=0x00000000000002c5
map type=0x0000000000000007 base=0x0000000070000000 pages=0x0000000000008000 attr=0x0000000000000008
map type=0x0000000000000004 base=0x0000000078000000 pages=0x0000000000000020 attr=0x0000000000000008
map type=0x0000000000000007 base=0x0000000078020000 pages=0x0000000000005cd4 attr=0x0000000000000008
map type=0x0000000000000002 base=0x000000007dcf4000 pages=0x0000000000000007 attr=0x0000000000000008
map type=0x0000000000000001 base=0x000000007dcfb000 pages=0x0000000000000893 attr=0x0000000000000008
map type=0x0000000000000003 base=0x000000007e58e000 pages=0x0000000000000072 attr=0x0000000000000008
map type=0x0000000000000000 base=0x000000007e600000 pages=0x0000000000000040 attr=0x0000000000000008
map type=0x0000000000000006 base=0x000000007e640000 pages=0x0000000000000050 attr=0x8000000000000008
map type=0x0000000000000007 base=0x000000007e690000 pages=0x0000000000000493 attr=0x0000000000000008
map type=0x0000000000000004 base=0x000000007eb23000 pages=0x0000000000000805 attr=0x0000000000000008
map type=0x0000000000000007 base=0x000000007f328000 pages=0x00000000000000f8 attr=0x0000000000000008
map type=0x0000000000000004 base=0x000000007f420000 pages=0x0000000000000470 attr=0x0000000000000008
map type=0x0000000000000003 base=0x000000007f890000 pages=0x0000000000000200 attr=0x0000000000000008
map type=0x0000000000000005 base=0x000000007fa90000 pages=0x0000000000000090 attr=0x8000000000000008
map type=0x0000000000000007 base=0x000000007fb20000 pages=0x0000000000000030 attr=0x0000000000000008
map type=0x0000000000000006 base=0x000000007fb50000 pages=0x0000000000000020 attr=0x8000000000000008
map type=0x0000000000000007 base=0x000000007fb70000 pages=0x000000000000002f attr=0x0000000000000008
map type=0x0000000000000009 base=0x000000007fb9f000 pages=0x0000000000000001 attr=0x0000000000000008
map type=0x0000000000000007 base=0x000000007fba0000 pages=0x0000000000000019 attr=0x0000000000000008
map type=0x0000000000000004 base=0x000000007fbb9000 pages=0x0000000000000021 attr=0x0000000000000008
map type=0x0000000000000003 base=0x000000007fbda000 pages=0x0000000000000026 attr=0x0000000000000008
map type=0x0000000000000004 base=0x000000007fc00000 pages=0x00000000000003c7 attr=0x0000000000000008
map type=0x0000000000000007 base=0x000000007ffc7000 pages=0x0000000000000010 attr=0x0000000000000008
map type=0x0000000000000003 base=0x000000007ffd7000 pages=0x0000000000000020 attr=0x0000000000000008
map type=0x0000000000000004 base=0x000000007fff7000 pages=0x0000000000000009 attr=0x0000000000000008
map type=0x000000000000000b base=0x0000000001000000 pages=0x0000000000000010 attr=0x8000000000000001
map type=0x000000000000000b base=0x0000000020050000 pages=0x0000000000000001 attr=0x8000000000000001
probe base=0x0000000100020000 layout=virtio-console
 records=0x0000000000000000
interrupts: gic=v3 armed=1 dist=0x0000000010000000 redist=0x0000000010010000 active=0x0000000010010000 fallback=1 ppi=0x000000000000001e edge=0 freq=0x00000000016e3600
host share: absent
kernel terminal state
cvspike: cap @0x0000000000000040 head=0x0000000001105009 t=0x0000000000000001 bar=0x0000000000000000 off=0x0000000000000000
cvspike: cap @0x0000000000000050 head=0x0000000003106009 t=0x0000000000000003 bar=0x0000000000000000 off=0x0000000000001000
cvspike: cap @0x0000000000000060 head=0x0000000002147409 t=0x0000000000000002 bar=0x0000000000000000 off=0x0000000000004000
cvspike: probe dev=0x0000000000000009 common=0x0000000100030000 notify=0x0000000100034000 bar=0x0000000100030000 b0=0x0000000000030004 b2=0x0000000050000000 cp=0x0000000000000040 nc=0x0000000000000003
cvspike: walk console-bar va=0x0000000100020000 l3=0x0000000100020403 ok
cvspike: walk cv-bar va=0x0000000100030000 l3=0x0000000100030403 ok
cvspike: init ok
cvspike: dev=0x0000000000000009 did=0x1082 common=0x0000000100030000 notify=0x0000000100034000 qoff=0x0000000000000000 qoff1=0x0000000000000001 ready=1
cvspike: feat=0x0000000530000000 acc=0x0000000100000000 nd=0 al=0 notify=16bit
cvspike: payload="VIRELAIOS-CV0x42" len=0x0000000000000010
cvspike: q0 xchg=1 n=0x10 echo=ok
cvspike: q0 xchg=2 n=0x10 echo=ok
cvspike: q0 xchg=3 n=0x10 echo=ok
cvspike: q0 xchg=4 n=0x10 echo=ok
cvspike: q0 heads=0x0000000000000000,0x0000000000000002,0x0000000000000004,0x0000000000000006 recycle=1
cvspike: q0 big n=0x3034 echo=ok
cvspike: q0 ok=1
cvspike: q1 log="cvlog-1" ack="ACK:7" n=0x0000000000000005
cvspike: q1 log="cvlog-2" ack="ACK:7" n=0x0000000000000005
cvspike: q1 log="cvlog-3" ack="ACK:7" n=0x0000000000000005
cvspike: q1 ok=3
cvspike: q2 armed rx=1 handle=0x0000000000000000
cvspike: q2 req="CVC-PING-0x42" n=0x000000000000000d req=ok handle=ok
cvspike: q2 rsp="CVC-PING-0x42" ack="OK:13" ok=1
cvspike: q2 ok=1
cvspike: q3 armed bufs=0x0000000000000008
vf: probe 32k ok len=0x8000 cksum=0x0000 free=0020
cvspike: irq=0x00000000000000ca first=0x0000000000000045 spi=0x0000000000000045 armed=0x0000000000000020..0x00000000000000bf
entropy: pre-rearm st=00
entropy: seeded n=64
gpu: pre-rearm st=00
gpu: setup ok scanout=0x0000000000000500x0x00000000000002d0 fmt=0x0000000000000002
roadpops: armed target=fbtext
aslr: boot user stack=0x000000003f210000
VirelaiOS - AArch64 firmware-assisted kernel monitor
VirelaiOS: memory is a map, not a territory.
motd: aarch64 el1 kernel live; scheduler, uaccess, fs, net, gfx, xhci armed.
Type 'help' before touching anything expensive.
[32mvirelai> [0m[AUDIT] task-ring+procs audit armed slots=11 procs=16
text: boot banner presented
exec OLIVER.ELF
exec: loaded OLIVER.ELF size=0x000000000003cbc8 entry=0x0000000000402b1c stack=0x000000002e380000 head=0xff0301d1fe4f03a9
[32mvirelai> [0mecho rx-oliver-rendered
rx-oliver-rendered
[32mvirelai> [0m
syscall: write ok n=23
uaccess: efault ok n=8
oliver: wrote 754 bytes
timer irq delivered ppi=0x1e irq_ticks=1
smp: secondary runs=1 task=user-el0
smp: secondary runs=2 task=worker
smp: steal runs=1 task=user-el0 from=0
smp: steal runs=2 task=worker from=0
tasks worker advances=64
tasks user-exec exited status=754
procs OLIVER.ELF exited status=754
tasks user-exec reaped
userspace: el0=1 svc=2 roundtrips=1 arg=2 result=2 rejected=0
tasks worker advances=3264
smp: secondary runs=3 task=user-el0
smp: secondary runs=4 task=worker
tasks worker advances=3328
tasks worker advances=3392
tasks worker advances=3456
tasks worker advances=3520
tasks worker advances=3584
tasks worker advances=3648
tasks worker advances=3712
tasks worker advances=3776
tasks worker advances=3840
tasks worker advances=3904
tasks worker advances=3968
tasks worker advances=4032
tasks worker advances=4096
tasks worker advances=4160
tasks worker advances=4224
tasks worker advances=4288
tasks worker advances=4352
tasks worker advances=4416
tasks worker advances=4480
tasks worker advances=4544
tasks worker advances=4608
tasks worker advances=4672
tasks worker advances=4736
tasks worker advances=4800
timer heartbeat ticks=5 irq=5 poll=0
smp: steal runs=3 task=user-el0 from=1
tasks worker advances=4864
tasks user-el0 exited status=7
procs user-el0 exited status=7
tasks user-el0 reaped
tasks worker advances=6464
tasks worker advances=6528
tasks worker advances=6592
tasks worker advances=6656
tasks worker advances=6720
tasks worker advances=6784
tasks worker advances=6848
tasks worker advances=6912
tasks worker advances=6976
tasks worker advances=7040
tasks worker advances=7104
tasks worker advances=7168
tasks worker advances=7232
tasks worker advances=7296
tasks worker advances=7360
tasks worker advances=7424
tasks worker advances=7488
tasks worker advances=7552
tasks worker advances=7616
tasks worker advances=7680
tasks worker advances=7744
tasks worker advances=7808
tasks worker advances=7872
tasks worker advances=7936
tasks worker advances=8000
tasks worker advances=8064
tasks worker advances=8128
tasks worker advances=9792
tasks worker advances=9856
tasks worker advances=9920
tasks worker advances=9984
tasks worker advances=10048
tasks worker advances=10112
tasks worker advances=10176
tasks worker advances=10240
tasks worker advances=10304
tasks worker advances=10368
tasks worker advances=10432
tasks worker advances=10496
tasks worker advances=10560
tasks worker advances=10624
tasks worker advances=10688
tasks worker advances=10752
tasks worker advances=10816
tasks worker advances=10880
tasks worker advances=10944
tasks worker advances=11008
tasks worker advances=11072
tasks worker advances=11136
tasks worker advances=11200
tasks worker advances=11264
tasks worker advances=11328
tasks worker advances=11392
tasks worker advances=11456
tasks worker advances=11520
tasks worker advances=13248
tasks worker advances=13312
tasks worker advances=13376
tasks worker advances=13440
tasks worker advances=13504
tasks worker advances=13568
tasks worker advances=13632
tasks worker advances=13696
tasks worker advances=13760
tasks worker advances=13824
tasks worker advances=13888
tasks worker advances=13952
tasks worker advances=14016
tasks worker advances=14080
tasks worker advances=14144
tasks worker advances=14208
tasks worker advances=14272
tasks worker advances=14336
tasks worker advances=14400
tasks worker advances=14464
tasks worker advances=14528
tasks worker advances=14592
tasks worker advances=14656
tasks worker advances=14720
tasks worker advances=14784
tasks worker advances=14848
timer heartbeat ticks=10 irq=10 poll=0
tasks worker advances=14912
tasks worker advances=16576
tasks worker advances=16640
tasks worker advances=16704
tasks worker advances=16768
tasks worker advances=16832
tasks worker advances=16896
tasks worker advances=16960
tasks worker advances=17024
tasks worker advances=17088
tasks worker advances=17152
tasks worker advances=17216
tasks worker advances=17280
tasks worker advances=17344
tasks worker advances=17408
tasks worker advances=17472
tasks worker advances=17536
tasks worker advances=17600
tasks worker advances=17664
tasks worker advances=17728
tasks worker advances=17792
tasks worker advances=17856
tasks worker advances=17920
tasks worker advances=19584
tasks worker advances=19648
tasks worker advances=19712
tasks worker advances=19776
tasks worker advances=19840
tasks worker advances=19904
tasks worker advances=19968
tasks worker advances=20032
tasks worker advances=20096
tasks worker advances=20160
tasks worker advances=20224
tasks worker advances=20288
tasks worker advances=20352
tasks worker advances=20416
tasks worker advances=20480
tasks worker advances=20544
tasks worker advances=20608
tasks worker advances=20672
tasks worker advances=20736
tasks worker advances=20800
tasks worker advances=20864
tasks worker advances=20928
tasks worker advances=20992
tasks worker advances=21056
tasks worker advances=21120
tasks worker advances=21184
tasks worker advances=21248
timer heartbeat ticks=15 irq=15 poll=0
tasks worker advances=21312
tasks worker advances=22912
tasks worker advances=22976
tasks worker advances=23040
tasks worker advances=23104
tasks worker advances=23168
tasks worker advances=23232
tasks worker advances=23296
tasks worker advances=23360
tasks worker advances=23424
tasks worker advances=23488
tasks worker advances=23552
tasks worker advances=23616
tasks worker advances=23680
tasks worker advances=23744
tasks worker advances=23808
tasks worker advances=23872
tasks worker advances=23936
tasks worker advances=24000
tasks worker advances=24064
tasks worker advances=24128
tasks worker advances=24192
tasks worker advances=24256
tasks worker advances=24320
tasks worker advances=24384
tasks worker advances=24448
tasks worker advances=24512
tasks worker advances=24576
tasks worker advances=26304
tasks worker advances=26368
tasks worker advances=26432
tasks worker advances=26496
tasks worker advances=26560
tasks worker advances=26624
tasks worker advances=26688
tasks worker advances=26752
tasks worker advances=26816
tasks worker advances=26880
tasks worker advances=26944
tasks worker advances=27008
tasks worker advances=27072
tasks worker advances=27136
tasks worker advances=27200
tasks worker advances=27264
tasks worker advances=27328
tasks worker advances=27392
tasks worker advances=27456
tasks worker advances=27520
tasks worker advances=27584
tasks worker advances=27648
tasks worker advances=27712
tasks worker advances=27776
tasks worker advances=27840
tasks worker advances=27904
tasks worker advances=27968
tasks worker advances=28032
tasks worker advances=29760
tasks worker advances=29824
tasks worker advances=29888
tasks worker advances=29952
tasks worker advances=30016
tasks worker advances=30080
tasks worker advances=30144
tasks worker advances=30208
tasks worker advances=30272
tasks worker advances=30336
tasks worker advances=30400
tasks worker advances=30464
tasks worker advances=30528
tasks worker advances=30592
tasks worker advances=30656
tasks worker advances=30720
tasks worker advances=30784
tasks worker advances=30848
tasks worker advances=30912
tasks worker advances=30976
tasks worker advances=31040
tasks worker advances=31104
tasks worker advances=31168
tasks worker advances=31232
tasks worker advances=31296
tasks worker advances=31360
tasks worker advances=31424
timer heartbeat ticks=20 irq=20 poll=0
tasks worker advances=31488
tasks worker advances=33216
tasks worker advances=33280
tasks worker advances=33344
tasks worker advances=33408
tasks worker advances=33472
tasks worker advances=33536
tasks worker advances=33600
tasks worker advances=33664
tasks worker advances=33728
tasks worker advances=33792
tasks worker advances=33856
tasks worker advances=33920
tasks worker advances=33984
tasks worker advances=34048
tasks worker advances=34112
tasks worker advances=34176
tasks worker advances=34240
tasks worker advances=34304
tasks worker advances=34368
tasks worker advances=34432
tasks worker advances=34496
tasks worker advances=34560
tasks worker advances=34624
tasks worker advances=34688
tasks worker advances=34752
tasks worker advances=34816
tasks worker advances=34880
tasks worker advances=34944
tasks worker advances=36672
tasks worker advances=36736
tasks worker advances=36800
tasks worker advances=36864
tasks worker advances=36928
tasks worker advances=36992
tasks worker advances=37056
tasks worker advances=37120
tasks worker advances=37184
tasks worker advances=37248
tasks worker advances=37312
tasks worker advances=37376
tasks worker advances=37440
tasks worker advances=37504
tasks worker advances=37568
tasks worker advances=37632
tasks worker advances=37696
tasks worker advances=37760
tasks worker advances=37824
tasks worker advances=37888
tasks worker advances=37952
tasks worker advances=38016
tasks worker advances=38080
tasks worker advances=38144
tasks worker advances=38208
tasks worker advances=38272
tasks worker advances=38336
timer heartbeat ticks=25 irq=25 poll=0
tasks worker advances=38400
tasks worker advances=40128
tasks worker advances=40192
tasks worker advances=40256
tasks worker advances=40320
tasks worker advances=40384
tasks worker advances=40448
tasks worker advances=40512
tasks worker advances=40576
tasks worker advances=40640
tasks worker advances=40704
tasks worker advances=40768
tasks worker advances=40832
tasks worker advances=40896
tasks worker advances=40960
tasks worker advances=41024
tasks worker advances=41088
tasks worker advances=41152
tasks worker advances=41216
tasks worker advances=41280
tasks worker advances=41344
tasks worker advances=41408
tasks worker advances=41472
tasks worker advances=41536
tasks worker advances=41600
tasks worker advances=41664
tasks worker advances=41728
tasks worker advances=41792
tasks worker advances=41856
tasks worker advances=41920
tasks worker advances=43712
tasks worker advances=43776
tasks worker advances=43840
tasks worker advances=43904
tasks worker advances=43968
tasks worker advances=44032
tasks worker advances=44096
tasks worker advances=44160
tasks worker advances=44224
tasks worker advances=44288
tasks worker advances=44352
tasks worker advances=44416
tasks worker advances=44480
tasks worker advances=44544
tasks worker advances=44608
tasks worker advances=44672
tasks worker advances=44736
tasks worker advances=44800
tasks worker advances=44864
tasks worker advances=44928
tasks worker advances=44992
tasks worker advances=45056
tasks worker advances=45120
tasks worker advances=45184
tasks worker advances=45248
tasks worker advances=45312
tasks worker advances=45376
tasks worker advances=45440
tasks worker advances=47040
tasks worker advances=47104
tasks worker advances=47168
tasks worker advances=47232
tasks worker advances=47296
tasks worker advances=47360
tasks worker advances=47424
tasks worker advances=47488
tasks worker advances=47552
tasks worker advances=47616
tasks worker advances=47680
tasks worker advances=47744
tasks worker advances=47808
tasks worker advances=47872
tasks worker advances=47936
tasks worker advances=48000
tasks worker advances=48064
tasks worker advances=48128
tasks worker advances=48192
tasks worker advances=48256
tasks worker advances=48320
tasks worker advances=48384
tasks worker advances=48448
tasks worker advances=48512
timer heartbeat ticks=30 irq=30 poll=0
tasks worker advances=48576
tasks worker advances=50048
tasks worker advances=50112
tasks worker advances=50176
tasks worker advances=50240
tasks worker advances=50304
tasks worker advances=50368
tasks worker advances=50432
tasks worker advances=50496
tasks worker advances=50560
tasks worker advances=50624
tasks worker advances=50688
tasks worker advances=50752
tasks worker advances=50816
tasks worker advances=50880
tasks worker advances=50944
tasks worker advances=51008
tasks worker advances=51072
tasks worker advances=51136
tasks worker advances=51200
tasks worker advances=51264
tasks worker advances=51328
tasks worker advances=51392
tasks worker advances=51456
tasks worker advances=51520
tasks worker advances=51584
tasks worker advances=51648
tasks worker advances=53120
tasks worker advances=53184
tasks worker advances=53248
tasks worker advances=53312
tasks worker advances=53376
tasks worker advances=53440
tasks worker advances=53504
tasks worker advances=53568
tasks worker advances=53632
tasks worker advances=53696
tasks worker advances=53760
tasks worker advances=53824
tasks worker advances=53888
tasks worker advances=53952
tasks worker advances=54016
tasks worker advances=54080
tasks worker advances=54144
tasks worker advances=54208
tasks worker advances=54272
tasks worker advances=54336
tasks worker advances=54400
tasks worker advances=54464
tasks worker advances=54528
tasks worker advances=54592
tasks worker advances=54656
timer heartbeat ticks=35 irq=35 poll=0
tasks worker advances=54720
tasks worker advances=56256
tasks worker advances=56320
tasks worker advances=56384
tasks worker advances=56448
tasks worker advances=56512
tasks worker advances=56576
tasks worker advances=56640
tasks worker advances=56704
tasks worker advances=56768
tasks worker advances=56832
tasks worker advances=56896
tasks worker advances=56960
tasks worker advances=57024
tasks worker advances=57088
tasks worker advances=57152
tasks worker advances=57216
tasks worker advances=57280
tasks worker advances=57344
tasks worker advances=57408
tasks worker advances=57472
tasks worker advances=57536
tasks worker advances=57600
tasks worker advances=57664
tasks worker advances=57728
tasks worker advances=57792
tasks worker advances=59392
tasks worker advances=59456
tasks worker advances=59520
tasks worker advances=59584
tasks worker advances=59648
tasks worker advances=59712
tasks worker advances=59776
tasks worker advances=59840
tasks worker advances=59904
tasks worker advances=59968
tasks worker advances=60032
tasks worker advances=60096
tasks worker advances=60160
tasks worker advances=60224
tasks worker advances=60288
tasks worker advances=60352
tasks worker advances=60416
tasks worker advances=60480
tasks worker advances=60544
tasks worker advances=60608
tasks worker advances=60672
tasks worker advances=60736
tasks worker advances=60800
tasks worker advances=60864
tasks worker advances=60928
tasks worker advances=60992
tasks worker advances=62656
tasks worker advances=62720
tasks worker advances=62784
tasks worker advances=62848
tasks worker advances=62912
tasks worker advances=62976
tasks worker advances=63040
tasks worker advances=63104
tasks worker advances=63168
tasks worker advances=63232
tasks worker advances=63296
tasks worker advances=63360
tasks worker advances=63424
tasks worker advances=63488
tasks worker advances=63552
tasks worker advances=63616
tasks worker advances=63680
tasks worker advances=63744
tasks worker advances=63808
tasks worker advances=63872
tasks worker advances=63936
tasks worker advances=64000
tasks worker advances=64064
tasks worker advances=64128
tasks worker advances=64192
tasks worker advances=64256
timer heartbeat ticks=40 irq=40 poll=0
tasks worker advances=64320
tasks worker advances=65920
tasks worker advances=65984
tasks worker advances=66048
tasks worker advances=66112
tasks worker advances=66176
tasks worker advances=66240
tasks worker advances=66304
tasks worker advances=66368
tasks worker advances=66432
tasks worker advances=66496
tasks worker advances=66560
tasks worker advances=66624
tasks worker advances=66688
tasks worker advances=66752
tasks worker advances=66816
tasks worker advances=66880
tasks worker advances=66944
tasks worker advances=67008
tasks worker advances=67072
tasks worker advances=67136
tasks worker advances=67200
tasks worker advances=67264
tasks worker advances=67328
tasks worker advances=67392
tasks worker advances=67456
tasks worker advances=67520
tasks worker advances=69120
tasks worker advances=69184
tasks worker advances=69248
tasks worker advances=69312
tasks worker advances=69376
tasks worker advances=69440
tasks worker advances=69504
tasks worker advances=69568
tasks worker advances=69632
tasks worker advances=69696
tasks worker advances=69760
tasks worker advances=69824
tasks worker advances=69888
tasks worker advances=69952
tasks worker advances=70016
tasks worker advances=70080
tasks worker advances=70144
tasks worker advances=70208
tasks worker advances=70272
tasks worker advances=70336
tasks worker advances=70400
tasks worker advances=70464
tasks worker advances=70528
tasks worker advances=70592
tasks worker advances=70656
timer heartbeat ticks=45 irq=45 poll=0
tasks worker advances=70720
tasks worker advances=72320
tasks worker advances=72384
tasks worker advances=72448
tasks worker advances=72512
tasks worker advances=72576
tasks worker advances=72640
tasks worker advances=72704
tasks worker advances=72768
tasks worker advances=72832
tasks worker advances=72896
tasks worker advances=72960
tasks worker advances=73024
tasks worker advances=73088
tasks worker advances=73152
tasks worker advances=73216
tasks worker advances=73280
tasks worker advances=73344
tasks worker advances=73408
tasks worker advances=73472
tasks worker advances=73536
tasks worker advances=73600
tasks worker advances=73664
tasks worker advances=73728
tasks worker advances=73792
tasks worker advances=73856
tasks worker advances=73920
tasks worker advances=75584
tasks worker advances=75648
tasks worker advances=75712
tasks worker advances=75776
tasks worker advances=75840
tasks worker advances=75904
tasks worker advances=75968
tasks worker advances=76032
tasks worker advances=76096
tasks worker advances=76160
tasks worker advances=76224
tasks worker advances=76288
tasks worker advances=76352
tasks worker advances=76416
tasks worker advances=76480
tasks worker advances=76544
tasks worker advances=76608
tasks worker advances=76672
tasks worker advances=76736
tasks worker advances=76800
tasks worker advances=76864
tasks worker advances=76928
tasks worker advances=76992
tasks worker advances=77056
tasks worker advances=77120
tasks worker advances=77184
tasks worker advances=78784
tasks worker advances=78848
tasks worker advances=78912
tasks worker advances=78976
tasks worker advances=79040
tasks worker advances=79104
tasks worker advances=79168
tasks worker advances=79232
tasks worker advances=79296
tasks worker advances=79360
tasks worker advances=79424
tasks worker advances=79488
tasks worker advances=79552
tasks worker advances=79616
tasks worker advances=79680
tasks worker advances=79744
tasks worker advances=79808
tasks worker advances=79872
tasks worker advances=79936
tasks worker advances=80000
tasks worker advances=80064
tasks worker advances=80128
tasks worker advances=80192
tasks worker advances=80256
timer heartbeat ticks=50 irq=50 poll=0
tasks worker advances=80320
tasks worker advances=81920
tasks worker advances=81984
tasks worker advances=82048
tasks worker advances=82112
tasks worker advances=82176
tasks worker advances=82240
tasks worker advances=82304
tasks worker advances=82368
tasks worker advances=82432
tasks worker advances=82496
tasks worker advances=82560
tasks worker advances=82624
tasks worker advances=82688
tasks worker advances=82752
tasks worker advances=82816
tasks worker advances=82880
tasks worker advances=82944
tasks worker advances=84544
tasks worker advances=84608
tasks worker advances=84672
tasks worker advances=84736
tasks worker advances=84800
tasks worker advances=84864
tasks worker advances=84928
tasks worker advances=84992
tasks worker advances=85056
tasks worker advances=85120
tasks worker advances=85184
tasks worker advances=85248
tasks worker advances=85312
tasks worker advances=85376
tasks worker advances=85440
tasks worker advances=85504
tasks worker advances=85568
tasks worker advances=85632
tasks worker advances=85696
timer heartbeat ticks=55 irq=55 poll=0
tasks worker advances=85760
tasks worker advances=87360
tasks worker advances=87424
tasks worker advances=87488
tasks worker advances=87552
tasks worker advances=87616
tasks worker advances=87680
tasks worker advances=87744
tasks worker advances=87808
tasks worker advances=87872
tasks worker advances=87936
tasks worker advances=88000
tasks worker advances=88064
tasks worker advances=88128
tasks worker advances=88192
tasks worker advances=88256
tasks worker advances=88320
tasks worker advances=88384
tasks worker advances=88448
tasks worker advances=88512
tasks worker advances=88576
tasks worker advances=88640
tasks worker advances=88704
tasks worker advances=88768
tasks worker advances=88832
tasks worker advances=88896
tasks worker advances=90496
tasks worker advances=90560
tasks worker advances=90624
tasks worker advances=90688
tasks worker advances=90752
tasks worker advances=90816
tasks worker advances=90880
tasks worker advances=90944
tasks worker advances=91008
tasks worker advances=91072
tasks worker advances=91136
tasks worker advances=91200
tasks worker advances=91264
tasks worker advances=91328
tasks worker advances=91392
tasks worker advances=91456
tasks worker advances=91520
tasks worker advances=91584
tasks worker advances=91648
tasks worker advances=91712
tasks worker advances=91776
tasks worker advances=91840
tasks worker advances=91904
tasks worker advances=91968
tasks worker advances=92032
tasks worker advances=92096
tasks worker advances=93696
tasks worker advances=93760
tasks worker advances=93824
tasks worker advances=93888
tasks worker advances=93952
tasks worker advances=94016
tasks worker advances=94080
tasks worker advances=94144
tasks worker advances=94208
tasks worker advances=94272
tasks worker advances=94336
tasks worker advances=94400
tasks worker advances=94464
tasks worker advances=94528
tasks worker advances=94592
tasks worker advances=94656
tasks worker advances=94720
tasks worker advances=94784
tasks worker advances=94848
tasks worker advances=94912
tasks worker advances=94976
tasks worker advances=95040
tasks worker advances=95104
tasks worker advances=95168
tasks worker advances=95232
timer heartbeat ticks=60 irq=60 poll=0
tasks worker advances=95296
tasks worker advances=96896
tasks worker advances=96960
tasks worker advances=97024
tasks worker advances=97088
tasks worker advances=97152
tasks worker advances=97216
tasks worker advances=97280
tasks worker advances=97344
tasks worker advances=97408
tasks worker advances=97472
tasks worker advances=97536
tasks worker advances=97600
tasks worker advances=97664
tasks worker advances=97728
tasks worker advances=97792
tasks worker advances=97856
tasks worker advances=97920
tasks worker advances=97984
tasks worker advances=98048
tasks worker advances=98112
tasks worker advances=98176
tasks worker advances=98240
tasks worker advances=98304
tasks worker advances=99840
tasks worker advances=99904
tasks worker advances=99968
tasks worker advances=100032
tasks worker advances=100096
tasks worker advances=100160
tasks worker advances=100224
tasks worker advances=100288
tasks worker advances=100352
tasks worker advances=100416
tasks worker advances=100480
tasks worker advances=100544
tasks worker advances=100608
tasks worker advances=100672
tasks worker advances=100736
tasks worker advances=100800
tasks worker advances=100864
tasks worker advances=100928
tasks worker advances=100992
tasks worker advances=101056
tasks worker advances=101120
tasks worker advances=101184
tasks worker advances=101248
tasks worker advances=101312
timer heartbeat ticks=65 irq=65 poll=0
tasks worker advances=101376
tasks worker advances=102912
tasks worker advances=102976
tasks worker advances=103040
tasks worker advances=103104
tasks worker advances=103168
tasks worker advances=103232
tasks worker advances=103296
tasks worker advances=103360
tasks worker advances=103424
tasks worker advances=103488
tasks worker advances=103552
tasks worker advances=103616
tasks worker advances=103680
tasks worker advances=103744
tasks worker advances=103808
tasks worker advances=103872
tasks worker advances=103936
tasks worker advances=104000
tasks worker advances=104064
tasks worker advances=104128
tasks worker advances=104192
tasks worker advances=105536
tasks worker advances=105600
tasks worker advances=105664
tasks worker advances=105728
tasks worker advances=105792
tasks worker advances=105856
tasks worker advances=105920
tasks worker advances=105984
tasks worker advances=106048
tasks worker advances=106112
tasks worker advances=106176
tasks worker advances=106240
tasks worker advances=106304
tasks worker advances=106368
tasks worker advances=106432
tasks worker advances=106496
tasks worker advances=106560
tasks worker advances=106624
tasks worker advances=106688
tasks worker advances=106752
tasks worker advances=106816
tasks worker advances=106880
tasks worker advances=106944
tasks worker advances=107008
tasks worker advances=107072
tasks worker advances=107136
tasks worker advances=107200
tasks worker advances=107264
tasks worker advances=108864
tasks worker advances=108928
tasks worker advances=108992
tasks worker advances=109056
tasks worker advances=109120
tasks worker advances=109184
tasks worker advances=109248
tasks worker advances=109312
tasks worker advances=109376
tasks worker advances=109440
tasks worker advances=109504
tasks worker advances=109568
tasks worker advances=109632
tasks worker advances=109696
tasks worker advances=109760
tasks worker advances=109824
tasks worker advances=109888
tasks worker advances=109952
tasks worker advances=110016
tasks worker advances=110080
tasks worker advances=110144
tasks worker advances=110208
tasks worker advances=110272
tasks worker advances=110336
tasks worker advances=110400
tasks worker advances=110464
tasks worker advances=110528
tasks worker advances=110592
timer heartbeat ticks=70 irq=70 poll=0
tasks worker advances=110656
tasks worker advances=112384
tasks worker advances=112448
tasks worker advances=112512
tasks worker advances=112576
tasks worker advances=112640
tasks worker advances=112704
tasks worker advances=112768
tasks worker advances=112832
tasks worker advances=112896
tasks worker advances=112960
tasks worker advances=113024
tasks worker advances=113088
tasks worker advances=113152
tasks worker advances=113216
tasks worker advances=113280
tasks worker advances=113344
tasks worker advances=113408
tasks worker advances=113472
tasks worker advances=113536
tasks worker advances=113600
tasks worker advances=113664
tasks worker advances=113728
tasks worker advances=113792
tasks worker advances=113856
tasks worker advances=113920
tasks worker advances=113984
tasks worker advances=114048
tasks worker advances=114112
tasks worker advances=114176
tasks worker advances=115904
tasks worker advances=115968
tasks worker advances=116032
tasks worker advances=116096
tasks worker advances=116160
tasks worker advances=116224
tasks worker advances=116288
tasks worker advances=116352
tasks worker advances=116416
tasks worker advances=116480
tasks worker advances=116544
tasks worker advances=116608
tasks worker advances=116672
tasks worker advances=116736
tasks worker advances=116800
tasks worker advances=116864
tasks worker advances=116928
tasks worker advances=116992
tasks worker advances=117056
tasks worker advances=117120
tasks worker advances=117184
tasks worker advances=117248
tasks worker advances=117312
tasks worker advances=117376
tasks worker advances=117440
tasks worker advances=117504
tasks worker advances=117568
timer heartbeat ticks=75 irq=75 poll=0
tasks worker advances=117632
tasks worker advances=119232
tasks worker advances=119296
tasks worker advances=119360
tasks worker advances=119424
tasks worker advances=119488
tasks worker advances=119552
tasks worker advances=119616
tasks worker advances=119680
tasks worker advances=119744
tasks worker advances=119808
tasks worker advances=119872
tasks worker advances=119936
tasks worker advances=120000
tasks worker advances=120064
tasks worker advances=120128
tasks worker advances=120192
tasks worker advances=120256
tasks worker advances=120320
tasks worker advances=120384
tasks worker advances=120448
tasks worker advances=120512
tasks worker advances=120576
tasks worker advances=120640
tasks worker advances=120704
tasks worker advances=120768
tasks worker advances=120832
tasks worker advances=120896
tasks worker advances=122496
tasks worker advances=122560
tasks worker advances=122624
tasks worker advances=122688
tasks worker advances=122752
tasks worker advances=122816
tasks worker advances=122880
tasks worker advances=122944
tasks worker advances=123008
tasks worker advances=123072
tasks worker advances=123136
tasks worker advances=123200
tasks worker advances=123264
tasks worker advances=123328
tasks worker advances=123392
tasks worker advances=123456
tasks worker advances=123520
tasks worker advances=123584
tasks worker advances=123648
tasks worker advances=123712
tasks worker advances=123776
tasks worker advances=123840
tasks worker advances=123904
tasks worker advances=123968
tasks worker advances=124032
tasks worker advances=124096
tasks worker advances=124160
tasks worker advances=125824
tasks worker advances=125888
tasks worker advances=125952
tasks worker advances=126016
tasks worker advances=126080
tasks worker advances=126144
tasks worker advances=126208
tasks worker advances=126272
tasks worker advances=126336
tasks worker advances=126400
tasks worker advances=126464
tasks worker advances=126528
tasks worker advances=126592
tasks worker advances=126656
tasks worker advances=126720
tasks worker advances=126784
tasks worker advances=126848
tasks worker advances=126912
tasks worker advances=126976
tasks worker advances=127040
tasks worker advances=127104
tasks worker advances=127168
tasks worker advances=127232
tasks worker advances=127296
tasks worker advances=127360
tasks worker advances=127424
timer heartbeat ticks=80 irq=80 poll=0
tasks worker advances=127488
tasks worker advances=129152
tasks worker advances=129216
tasks worker advances=129280
tasks worker advances=129344
tasks worker advances=129408
tasks worker advances=129472
tasks worker advances=129536
tasks worker advances=129600
tasks worker advances=129664
tasks worker advances=129728
tasks worker advances=129792
tasks worker advances=129856
tasks worker advances=129920
tasks worker advances=129984
tasks worker advances=130048
tasks worker advances=130112
tasks worker advances=130176
tasks worker advances=130240
tasks worker advances=130304
tasks worker advances=130368
tasks worker advances=130432
tasks worker advances=130496
tasks worker advances=130560
tasks worker advances=130624
tasks worker advances=130688
tasks worker advances=130752
tasks worker advances=130816
tasks worker advances=130880
tasks worker advances=132608
tasks worker advances=132672
tasks worker advances=132736
tasks worker advances=132800
tasks worker advances=132864
tasks worker advances=132928
tasks worker advances=132992
tasks worker advances=133056
tasks worker advances=133120
tasks worker advances=133184
tasks worker advances=133248
tasks worker advances=133312
tasks worker advances=133376
tasks worker advances=133440
tasks worker advances=133504
tasks worker advances=133568
tasks worker advances=133632
tasks worker advances=133696
tasks worker advances=133760
tasks worker advances=133824
tasks worker advances=133888
tasks worker advances=133952
tasks worker advances=134016
tasks worker advances=134080
tasks worker advances=134144
tasks worker advances=134208
timer heartbeat ticks=85 irq=85 poll=0
tasks worker advances=134272
tasks worker advances=135936
tasks worker advances=136000
tasks worker advances=136064
tasks worker advances=136128
tasks worker advances=136192
tasks worker advances=136256
tasks worker advances=136320
tasks worker advances=136384
tasks worker advances=136448
tasks worker advances=136512
tasks worker advances=136576
tasks worker advances=136640
tasks worker advances=136704
tasks worker advances=136768
tasks worker advances=136832
tasks worker advances=136896
tasks worker advances=136960
tasks worker advances=137024
tasks worker advances=137088
tasks worker advances=137152
tasks worker advances=137216
tasks worker advances=137280
tasks worker advances=137344
tasks worker advances=137408
tasks worker advances=137472
tasks worker advances=137536
tasks worker advances=139264
tasks worker advances=139328
tasks worker advances=139392
tasks worker advances=139456
tasks worker advances=139520
tasks worker advances=139584
tasks worker advances=139648
tasks worker advances=139712
tasks worker advances=139776
tasks worker advances=139840
tasks worker advances=139904
tasks worker advances=139968
tasks worker advances=140032
tasks worker advances=140096
tasks worker advances=140160
tasks worker advances=140224
tasks worker advances=140288
tasks worker advances=140352
tasks worker advances=140416
tasks worker advances=140480
tasks worker advances=140544
tasks worker advances=140608
tasks worker advances=140672
tasks worker advances=140736
tasks worker advances=140800
tasks worker advances=140864
tasks worker advances=140928
tasks worker advances=140992
tasks worker advances=142592
tasks worker advances=142656
tasks worker advances=142720
tasks worker advances=142784
tasks worker advances=142848
tasks worker advances=142912
tasks worker advances=142976
tasks worker advances=143040
tasks worker advances=143104
tasks worker advances=143168
tasks worker advances=143232
tasks worker advances=143296
tasks worker advances=143360
tasks worker advances=143424
tasks worker advances=143488
tasks worker advances=143552
tasks worker advances=143616
tasks worker advances=143680
tasks worker advances=143744
tasks worker advances=143808
tasks worker advances=143872
tasks worker advances=143936
tasks worker advances=144000
tasks worker advances=144064
tasks worker advances=144128
timer heartbeat ticks=90 irq=90 poll=0
tasks worker advances=144192
tasks worker advances=145856
tasks worker advances=145920
tasks worker advances=145984
tasks worker advances=146048
tasks worker advances=146112
tasks worker advances=146176
tasks worker advances=146240
tasks worker advances=146304
tasks worker advances=146368
tasks worker advances=146432
tasks worker advances=146496
tasks worker advances=146560
tasks worker advances=146624
tasks worker advances=146688
tasks worker advances=146752
tasks worker advances=146816
tasks worker advances=146880
tasks worker advances=146944
tasks worker advances=147008
tasks worker advances=147072
tasks worker advances=147136
tasks worker advances=147200
tasks worker advances=147264
tasks worker advances=147328
tasks worker advances=147392
tasks worker advances=147456
tasks worker advances=147520
tasks worker advances=147584
tasks worker advances=149248
tasks worker advances=149312
tasks worker advances=149376
tasks worker advances=149440
tasks worker advances=149504
tasks worker advances=149568
tasks worker advances=149632
tasks worker advances=149696
tasks worker advances=149760
tasks worker advances=149824
tasks worker advances=149888
tasks worker advances=149952
tasks worker advances=150016
tasks worker advances=150080
tasks worker advances=150144
tasks worker advances=150208
tasks worker advances=150272
tasks worker advances=150336
tasks worker advances=150400
tasks worker advances=150464
tasks worker advances=150528
tasks worker advances=150592
tasks worker advances=150656
tasks worker advances=150720
tasks worker advances=150784
tasks worker advances=150848
timer heartbeat ticks=95 irq=95 poll=0
tasks worker advances=150912
tasks worker advances=152576
tasks worker advances=152640
tasks worker advances=152704
tasks worker advances=152768
tasks worker advances=152832
tasks worker advances=152896
tasks worker advances=152960
tasks worker advances=153024
tasks worker advances=153088
tasks worker advances=153152
tasks worker advances=153216
tasks worker advances=153280
tasks worker advances=153344
tasks worker advances=153408
tasks worker advances=153472
tasks worker advances=153536
tasks worker advances=153600
tasks worker advances=153664
tasks worker advances=153728
tasks worker advances=153792
tasks worker advances=153856
tasks worker advances=153920
tasks worker advances=153984
tasks worker advances=154048
tasks worker advances=154112
tasks worker advances=155136
tasks worker advances=155200
tasks worker advances=155264
tasks worker advances=155328
tasks worker advances=155392
tasks worker advances=155456
tasks worker advances=155520
tasks worker advances=155584
tasks worker advances=155648
tasks worker advances=155712
tasks worker advances=155776
tasks worker advances=155840
tasks worker advances=155904
tasks worker advances=155968
tasks worker advances=156032
tasks worker advances=156096
tasks worker advances=156160
tasks worker advances=156224
tasks worker advances=156288
tasks worker advances=156352
tasks worker advances=156416
tasks worker advances=156480
tasks worker advances=156544
tasks worker advances=156608
tasks worker advances=158272
tasks worker advances=158336
tasks worker advances=158400
tasks worker advances=158464
tasks worker advances=158528
tasks worker advances=158592
tasks worker advances=158656
tasks worker advances=158720
tasks worker advances=158784
tasks worker advances=158848
tasks worker advances=158912
tasks worker advances=158976
tasks worker advances=159040
tasks worker advances=159104
tasks worker advances=159168
tasks worker advances=159232
tasks worker advances=159296
tasks worker advances=159360
tasks worker advances=159424
tasks worker advances=159488
tasks worker advances=159552
tasks worker advances=159616
tasks worker advances=159680
tasks worker advances=159744
tasks worker advances=159808
tasks worker advances=159872
timer heartbeat ticks=100 irq=100 poll=0
tasks worker advances=159936
tasks worker advances=161600
tasks worker advances=161664
tasks worker advances=161728
tasks worker advances=161792
tasks worker advances=161856
tasks worker advances=161920
tasks worker advances=161984
tasks worker advances=162048
tasks worker advances=162112
tasks worker advances=162176
tasks worker advances=162240
tasks worker advances=162304
tasks worker advances=162368
tasks worker advances=162432
tasks worker advances=162496
tasks worker advances=162560
tasks worker advances=162624
tasks worker advances=162688
tasks worker advances=162752
tasks worker advances=162816
tasks worker advances=162880
tasks worker advances=162944
tasks worker advances=163008
tasks worker advances=163072
tasks worker advances=163136
tasks worker advances=163200
tasks worker advances=164736
tasks worker advances=164800
tasks worker advances=164864
tasks worker advances=164928
tasks worker advances=164992
tasks worker advances=165056
tasks worker advances=165120
tasks worker advances=165184
tasks worker advances=165248
tasks worker advances=165312
tasks worker advances=165376
tasks worker advances=165440
tasks worker advances=165504
tasks worker advances=165568
tasks worker advances=165632
tasks worker advances=165696
tasks worker advances=165760
tasks worker advances=165824
tasks worker advances=165888
tasks worker advances=165952
tasks worker advances=166016
tasks worker advances=166080
tasks worker advances=166144
tasks worker advances=166208
timer heartbeat ticks=105 irq=105 poll=0
tasks worker advances=166272
tasks worker advances=167808
tasks worker advances=167872
tasks worker advances=167936
tasks worker advances=168000
tasks worker advances=168064
tasks worker advances=168128
tasks worker advances=168192
tasks worker advances=168256
tasks worker advances=168320
tasks worker advances=168384
tasks worker advances=168448
tasks worker advances=168512
tasks worker advances=168576
tasks worker advances=168640
tasks worker advances=168704
tasks worker advances=168768
tasks worker advances=168832
tasks worker advances=168896
tasks worker advances=168960
tasks worker advances=169024
tasks worker advances=169088
tasks worker advances=169152
tasks worker advances=169216
tasks worker advances=169280
tasks worker advances=169344
tasks worker advances=169408
tasks worker advances=170944
tasks worker advances=171008
tasks worker advances=171072
tasks worker advances=171136
tasks worker advances=171200
tasks worker advances=171264
tasks worker advances=171328
tasks worker advances=171392
tasks worker advances=171456
tasks worker advances=171520
tasks worker advances=171584
tasks worker advances=171648
tasks worker advances=171712
tasks worker advances=171776
tasks worker advances=171840
tasks worker advances=171904
tasks worker advances=171968
tasks worker advances=172032
tasks worker advances=172096
tasks worker advances=172160
tasks worker advances=172224
tasks worker advances=172288
tasks worker advances=172352
tasks worker advances=172416
tasks worker advances=172480
tasks worker advances=172544
tasks worker advances=172608
tasks worker advances=172672
tasks worker advances=174400
tasks worker advances=174464
tasks worker advances=174528
tasks worker advances=174592
tasks worker advances=174656
tasks worker advances=174720
tasks worker advances=174784
tasks worker advances=174848
tasks worker advances=174912
tasks worker advances=174976
tasks worker advances=175040
tasks worker advances=175104
tasks worker advances=175168
tasks worker advances=175232
tasks worker advances=175296
tasks worker advances=175360
tasks worker advances=175424
tasks worker advances=175488
tasks worker advances=175552
tasks worker advances=175616
tasks worker advances=175680
tasks worker advances=175744
tasks worker advances=175808
tasks worker advances=175872
timer heartbeat ticks=110 irq=110 poll=0
tasks worker advances=175936
tasks worker advances=177344
tasks worker advances=177408
tasks worker advances=177472
tasks worker advances=177536
tasks worker advances=177600
tasks worker advances=177664
tasks worker advances=177728
tasks worker advances=177792
tasks worker advances=177856
tasks worker advances=177920
tasks worker advances=177984
tasks worker advances=178048
tasks worker advances=178112
tasks worker advances=178176
tasks worker advances=178240
tasks worker advances=178304
tasks worker advances=178368
tasks worker advances=178432
tasks worker advances=178496
tasks worker advances=178560
tasks worker advances=178624
tasks worker advances=178688
tasks worker advances=178752
tasks worker advances=178816
tasks worker advances=180480
tasks worker advances=180544
tasks worker advances=180608
tasks worker advances=180672
tasks worker advances=180736
tasks worker advances=180800
tasks worker advances=180864
tasks worker advances=180928
tasks worker advances=180992
tasks worker advances=181056
tasks worker advances=181120
tasks worker advances=181184
tasks worker advances=181248
tasks worker advances=181312
tasks worker advances=181376
tasks worker advances=181440
tasks worker advances=181504
tasks worker advances=181568
tasks worker advances=181632
tasks worker advances=181696
tasks worker advances=181760
tasks worker advances=181824
tasks worker advances=181888
tasks worker advances=181952
tasks worker advances=182016
tasks worker advances=182080
timer heartbeat ticks=115 irq=115 poll=0
tasks worker advances=182144
tasks worker advances=183872
tasks worker advances=183936
tasks worker advances=184000
tasks worker advances=184064
tasks worker advances=184128
tasks worker advances=184192
tasks worker advances=184256
tasks worker advances=184320
tasks worker advances=184384
tasks worker advances=184448
tasks worker advances=184512
tasks worker advances=184576
tasks worker advances=184640
tasks worker advances=184704
tasks worker advances=184768
tasks worker advances=184832
tasks worker advances=184896
tasks worker advances=184960
tasks worker advances=185024
tasks worker advances=185088
tasks worker advances=185152
tasks worker advances=185216
tasks worker advances=185280
tasks worker advances=185344
tasks worker advances=185408
tasks worker advances=185472
tasks worker advances=187200
tasks worker advances=187264
tasks worker advances=187328
tasks worker advances=187392
tasks worker advances=187456
tasks worker advances=187520
tasks worker advances=187584
tasks worker advances=187648
tasks worker advances=187712
tasks worker advances=187776
tasks worker advances=187840
tasks worker advances=187904
tasks worker advances=187968
tasks worker advances=188032
tasks worker advances=188096
tasks worker advances=188160
tasks worker advances=188224
tasks worker advances=188288
tasks worker advances=188352
tasks worker advances=188416
tasks worker advances=188480
tasks worker advances=188544
tasks worker advances=188608
tasks worker advances=188672
tasks worker advances=188736
tasks worker advances=188800
tasks worker advances=188864
tasks worker advances=188928
tasks worker advances=190656
tasks worker advances=190720
tasks worker advances=190784
tasks worker advances=190848
tasks worker advances=190912
tasks worker advances=190976
tasks worker advances=191040
tasks worker advances=191104
tasks worker advances=191168
tasks worker advances=191232
tasks worker advances=191296
tasks worker advances=191360
tasks worker advances=191424
tasks worker advances=191488
tasks worker advances=191552
tasks worker advances=191616
tasks worker advances=191680
tasks worker advances=191744
tasks worker advances=191808
tasks worker advances=191872
tasks worker advances=191936
tasks worker advances=192000
tasks worker advances=192064
tasks worker advances=192128
tasks worker advances=192192
timer heartbeat ticks=120 irq=120 poll=0
tasks worker advances=192256
tasks worker advances=193920
tasks worker advances=193984
tasks worker advances=194048
tasks worker advances=194112
tasks worker advances=194176
tasks worker advances=194240
tasks worker advances=194304
tasks worker advances=194368
tasks worker advances=194432
tasks worker advances=194496
tasks worker advances=194560
tasks worker advances=194624
tasks worker advances=194688
tasks worker advances=194752
tasks worker advances=194816
tasks worker advances=194880
tasks worker advances=194944
tasks worker advances=195008
tasks worker advances=195072
tasks worker advances=195136
tasks worker advances=195200
tasks worker advances=195264
tasks worker advances=195328
tasks worker advances=195392
tasks worker advances=195456
tasks worker advances=195520
tasks worker advances=195584
tasks worker advances=197184
tasks worker advances=197248
tasks worker advances=197312
tasks worker advances=197376
tasks worker advances=197440
tasks worker advances=197504
tasks worker advances=197568
tasks worker advances=197632
tasks worker advances=197696
tasks worker advances=197760
tasks worker advances=197824
tasks worker advances=197888
tasks worker advances=197952
tasks worker advances=198016
tasks worker advances=198080
tasks worker advances=198144
tasks worker advances=198208
tasks worker advances=198272
tasks worker advances=198336
tasks worker advances=198400
tasks worker advances=198464
tasks worker advances=198528
tasks worker advances=198592
tasks worker advances=198656
tasks worker advances=198720
tasks worker advances=198784
tasks worker advances=198848
timer heartbeat ticks=125 irq=125 poll=0
tasks worker advances=198912
tasks worker advances=200640
tasks worker advances=200704
tasks worker advances=200768
tasks worker advances=200832
tasks worker advances=200896
tasks worker advances=200960
tasks worker advances=201024
tasks worker advances=201088
tasks worker advances=201152
tasks worker advances=201216
tasks worker advances=201280
tasks worker advances=201344
tasks worker advances=201408
tasks worker advances=201472
tasks worker advances=201536
tasks worker advances=201600
tasks worker advances=201664
tasks worker advances=201728
tasks worker advances=201792
tasks worker advances=201856
tasks worker advances=201920
tasks worker advances=201984
tasks worker advances=202048
tasks worker advances=202112
tasks worker advances=202176
tasks worker advances=202240
tasks worker advances=202304
tasks worker advances=204032
tasks worker advances=204096
tasks worker advances=204160
tasks worker advances=204224
tasks worker advances=204288
tasks worker advances=204352
tasks worker advances=204416
tasks worker advances=204480
tasks worker advances=204544
tasks worker advances=204608
tasks worker advances=204672
tasks worker advances=204736
tasks worker advances=204800
tasks worker advances=204864
tasks worker advances=204928
tasks worker advances=204992
tasks worker advances=205056
tasks worker advances=205120
tasks worker advances=205184
tasks worker advances=205248
tasks worker advances=205312
tasks worker advances=205376
tasks worker advances=205440
tasks worker advances=205504
tasks worker advances=205568
tasks worker advances=205632
tasks worker advances=205696
tasks worker advances=207296
tasks worker advances=207360
tasks worker advances=207424
tasks worker advances=207488
tasks worker advances=207552
tasks worker advances=207616
tasks worker advances=207680
tasks worker advances=207744
tasks worker advances=207808
tasks worker advances=207872
tasks worker advances=207936
tasks worker advances=208000
tasks worker advances=208064
tasks worker advances=208128
tasks worker advances=208192
tasks worker advances=208256
tasks worker advances=208320
tasks worker advances=208384
tasks worker advances=208448
tasks worker advances=208512
tasks worker advances=208576
tasks worker advances=208640
tasks worker advances=208704
tasks worker advances=208768
tasks worker advances=208832
tasks worker advances=208896
timer heartbeat ticks=130 irq=130 poll=0
tasks worker advances=208960
tasks worker advances=209984
tasks worker advances=210048
tasks worker advances=210112
tasks worker advances=210176
tasks worker advances=210240
tasks worker advances=210304
tasks worker advances=210368
tasks worker advances=210432
tasks worker advances=210496
tasks worker advances=210560
tasks worker advances=210624
tasks worker advances=210688
tasks worker advances=210752
tasks worker advances=210816
tasks worker advances=210880
tasks worker advances=210944
tasks worker advances=212416
tasks worker advances=212480
tasks worker advances=212544
tasks worker advances=212608
tasks worker advances=212672
tasks worker advances=212736
tasks worker advances=212800
tasks worker advances=212864
tasks worker advances=212928
tasks worker advances=212992
tasks worker advances=213056
tasks worker advances=213120
tasks worker advances=213184
tasks worker advances=213248
tasks worker advances=213312
tasks worker advances=213376
tasks worker advances=213440
tasks worker advances=213504
tasks worker advances=213568
tasks worker advances=213632
tasks worker advances=213696
tasks worker advances=213760
tasks worker advances=213824
tasks worker advances=213888
timer heartbeat ticks=135 irq=135 poll=0
tasks worker advances=213952
tasks worker advances=215616
tasks worker advances=215680
tasks worker advances=215744
tasks worker advances=215808
tasks worker advances=215872
tasks worker advances=215936
tasks worker advances=216000
tasks worker advances=216064
tasks worker advances=216128
tasks worker advances=216192
tasks worker advances=216256
tasks worker advances=216320
tasks worker advances=216384
tasks worker advances=216448
tasks worker advances=216512
tasks worker advances=216576
tasks worker advances=216640
tasks worker advances=216704
tasks worker advances=216768
tasks worker advances=216832
tasks worker advances=216896
tasks worker advances=216960
tasks worker advances=217024
tasks worker advances=217088
tasks worker advances=217152
tasks worker advances=217216
tasks worker advances=218752
tasks worker advances=218816
tasks worker advances=218880
tasks worker advances=218944
tasks worker advances=219008
tasks worker advances=219072
tasks worker advances=219136
tasks worker advances=219200
tasks worker advances=219264
tasks worker advances=219328
tasks worker advances=219392
tasks worker advances=219456
tasks worker advances=219520
tasks worker advances=219584
tasks worker advances=219648
tasks worker advances=219712
tasks worker advances=219776
tasks worker advances=219840
tasks worker advances=219904
tasks worker advances=219968
tasks worker advances=220032
tasks worker advances=220096
tasks worker advances=220160
tasks worker advances=220224
tasks worker advances=220288
tasks worker advances=220352
tasks worker advances=222016
tasks worker advances=222080
tasks worker advances=222144
tasks worker advances=222208
tasks worker advances=222272
tasks worker advances=222336
tasks worker advances=222400
tasks worker advances=222464
tasks worker advances=222528
tasks worker advances=222592
tasks worker advances=222656
tasks worker advances=222720
tasks worker advances=222784
tasks worker advances=222848
tasks worker advances=222912
tasks worker advances=222976
tasks worker advances=223040
tasks worker advances=223104
tasks worker advances=223168
tasks worker advances=223232
tasks worker advances=223296
tasks worker advances=223360
tasks worker advances=223424
tasks worker advances=223488
tasks worker advances=223552
timer heartbeat ticks=140 irq=140 poll=0
tasks worker advances=223616
tasks worker advances=225088
tasks worker advances=225152
tasks worker advances=225216
tasks worker advances=225280
tasks worker advances=225344
tasks worker advances=225408
tasks worker advances=225472
tasks worker advances=225536
tasks worker advances=225600
tasks worker advances=225664
tasks worker advances=225728
tasks worker advances=225792
tasks worker advances=225856
tasks worker advances=225920
tasks worker advances=225984
tasks worker advances=226048
tasks worker advances=226112
tasks worker advances=226176
tasks worker advances=226240
tasks worker advances=226304
tasks worker advances=226368
tasks worker advances=226432
tasks worker advances=226496
tasks worker advances=226560
tasks worker advances=226624
tasks worker advances=226688
tasks worker advances=226752
tasks worker advances=226816
tasks worker advances=228416
tasks worker advances=228480
tasks worker advances=228544
tasks worker advances=228608
tasks worker advances=228672
tasks worker advances=228736
tasks worker advances=228800
tasks worker advances=228864
tasks worker advances=228928
tasks worker advances=228992
tasks worker advances=229056
tasks worker advances=229120
tasks worker advances=229184
tasks worker advances=229248
tasks worker advances=229312
tasks worker advances=229376
tasks worker advances=229440
tasks worker advances=229504
tasks worker advances=229568
tasks worker advances=229632
tasks worker advances=229696
tasks worker advances=229760
tasks worker advances=229824
tasks worker advances=229888
timer heartbeat ticks=145 irq=145 poll=0
tasks worker advances=229952
tasks worker advances=231552
tasks worker advances=231616
tasks worker advances=231680
tasks worker advances=231744
tasks worker advances=231808
tasks worker advances=231872
tasks worker advances=231936
tasks worker advances=232000
tasks worker advances=232064
tasks worker advances=232128
tasks worker advances=232192
tasks worker advances=232256
tasks worker advances=232320
tasks worker advances=232384
tasks worker advances=232448
tasks worker advances=232512
tasks worker advances=232576
tasks worker advances=232640
tasks worker advances=232704
tasks worker advances=232768
tasks worker advances=232832
tasks worker advances=232896
tasks worker advances=232960
tasks worker advances=233024
tasks worker advances=233088
tasks worker advances=233152
tasks worker advances=234816
tasks worker advances=234880
tasks worker advances=234944
tasks worker advances=235008
tasks worker advances=235072
tasks worker advances=235136
tasks worker advances=235200
tasks worker advances=235264
tasks worker advances=235328
tasks worker advances=235392
tasks worker advances=235456
tasks worker advances=235520
tasks worker advances=235584
tasks worker advances=235648
tasks worker advances=235712
tasks worker advances=235776
tasks worker advances=235840
tasks worker advances=235904
tasks worker advances=235968
tasks worker advances=236032
tasks worker advances=236096
tasks worker advances=236160
tasks worker advances=236224
tasks worker advances=236288
tasks worker advances=236352
tasks worker advances=236416
tasks worker advances=236480
tasks worker advances=238144
tasks worker advances=238208
tasks worker advances=238272
tasks worker advances=238336
tasks worker advances=238400
tasks worker advances=238464
tasks worker advances=238528
tasks worker advances=238592
tasks worker advances=238656
tasks worker advances=238720
tasks worker advances=238784
tasks worker advances=238848
tasks worker advances=238912
tasks worker advances=238976
tasks worker advances=239040
tasks worker advances=239104
tasks worker advances=239168
tasks worker advances=239232
tasks worker advances=239296
tasks worker advances=239360
tasks worker advances=239424
tasks worker advances=239488
timer heartbeat ticks=150 irq=150 poll=0
tasks worker advances=239552
tasks worker advances=241024
tasks worker advances=241088
tasks worker advances=241152
tasks worker advances=241216
tasks worker advances=241280
tasks worker advances=241344
tasks worker advances=241408
tasks worker advances=241472
tasks worker advances=241536
tasks worker advances=241600
tasks worker advances=241664
tasks worker advances=241728
tasks worker advances=241792
tasks worker advances=241856
tasks worker advances=241920
tasks worker advances=241984
tasks worker advances=242048
tasks worker advances=242112
tasks worker advances=242176
tasks worker advances=242240
tasks worker advances=242304
tasks worker advances=242368
tasks worker advances=242432
tasks worker advances=242496
tasks worker advances=242560
tasks worker advances=242624
tasks worker advances=244288
tasks worker advances=244352
tasks worker advances=244416
tasks worker advances=244480
tasks worker advances=244544
tasks worker advances=244608
tasks worker advances=244672
tasks worker advances=244736
tasks worker advances=244800
tasks worker advances=244864
tasks worker advances=244928
tasks worker advances=244992
tasks worker advances=245056
tasks worker advances=245120
tasks worker advances=245184
tasks worker advances=245248
tasks worker advances=245312
tasks worker advances=245376
tasks worker advances=245440
tasks worker advances=245504
tasks worker advances=245568
tasks worker advances=245632
tasks worker advances=245696
tasks worker advances=245760
tasks worker advances=245824
tasks worker advances=245888
timer heartbeat ticks=155 irq=155 poll=0
tasks worker advances=245952
tasks worker advances=247616
tasks worker advances=247680
tasks worker advances=247744
tasks worker advances=247808
tasks worker advances=247872
tasks worker advances=247936
tasks worker advances=248000
tasks worker advances=248064
tasks worker advances=248128
tasks worker advances=248192
tasks worker advances=248256
tasks worker advances=248320
tasks worker advances=248384
tasks worker advances=248448
tasks worker advances=248512
tasks worker advances=248576
tasks worker advances=248640
tasks worker advances=248704
tasks worker advances=248768
tasks worker advances=248832
tasks worker advances=248896
tasks worker advances=248960
tasks worker advances=249024
tasks worker advances=249088
tasks worker advances=249152
tasks worker advances=249216
tasks worker advances=249280
tasks worker advances=250816
tasks worker advances=250880
tasks worker advances=250944
tasks worker advances=251008
tasks worker advances=251072
tasks worker advances=251136
tasks worker advances=251200
tasks worker advances=251264
tasks worker advances=251328
tasks worker advances=251392
tasks worker advances=251456
tasks worker advances=251520
tasks worker advances=251584
tasks worker advances=251648
tasks worker advances=251712
tasks worker advances=251776
tasks worker advances=251840
tasks worker advances=251904
tasks worker advances=251968
tasks worker advances=252032
tasks worker advances=252096
tasks worker advances=252160
tasks worker advances=252224
tasks worker advances=252288
tasks worker advances=252352
tasks worker advances=253824
tasks worker advances=253888
tasks worker advances=253952
tasks worker advances=254016
tasks worker advances=254080
tasks worker advances=254144
tasks worker advances=254208
tasks worker advances=254272
tasks worker advances=254336
tasks worker advances=254400
tasks worker advances=254464
tasks worker advances=254528
tasks worker advances=254592
tasks worker advances=254656
tasks worker advances=254720
tasks worker advances=254784
tasks worker advances=254848
tasks worker advances=254912
tasks worker advances=254976
tasks worker advances=255040
tasks worker advances=255104
tasks worker advances=255168
tasks worker advances=255232
tasks worker advances=255296
timer heartbeat ticks=160 irq=160 poll=0
tasks worker advances=255360
tasks worker advances=256832
tasks worker advances=256896
tasks worker advances=256960
tasks worker advances=257024
tasks worker advances=257088
tasks worker advances=257152
tasks worker advances=257216
tasks worker advances=257280
tasks worker advances=257344
tasks worker advances=257408
tasks worker advances=257472
tasks worker advances=257536
tasks worker advances=257600
tasks worker advances=257664
tasks worker advances=257728
tasks worker advances=257792
tasks worker advances=257856
tasks worker advances=257920
tasks worker advances=257984
tasks worker advances=258048
tasks worker advances=258112
tasks worker advances=258176
tasks worker advances=259776
tasks worker advances=259840
tasks worker advances=259904
tasks worker advances=259968
tasks worker advances=260032
tasks worker advances=260096
tasks worker advances=260160
tasks worker advances=260224
tasks worker advances=260288
tasks worker advances=260352
tasks worker advances=260416
tasks worker advances=260480
tasks worker advances=260544
tasks worker advances=260608
tasks worker advances=260672
tasks worker advances=260736
tasks worker advances=260800
tasks worker advances=260864
tasks worker advances=260928
tasks worker advances=260992
tasks worker advances=261056
tasks worker advances=261120
tasks worker advances=261184
tasks worker advances=261248
tasks worker advances=261312
timer heartbeat ticks=165 irq=165 poll=0
tasks worker advances=261376
tasks worker advances=263104
tasks worker advances=263168
tasks worker advances=263232
tasks worker advances=263296
tasks worker advances=263360
tasks worker advances=263424
tasks worker advances=263488
tasks worker advances=263552
tasks worker advances=263616
tasks worker advances=263680
tasks worker advances=263744
tasks worker advances=263808
tasks worker advances=263872
tasks worker advances=263936
tasks worker advances=264000
tasks worker advances=264064
tasks worker advances=264128
tasks worker advances=264192
tasks worker advances=264256
tasks worker advances=264320
tasks worker advances=264384
tasks worker advances=264448
tasks worker advances=264512
tasks worker advances=264576
tasks worker advances=264640
tasks worker advances=264704
tasks worker advances=264768
tasks worker advances=264832
tasks worker advances=266560
tasks worker advances=266624
tasks worker advances=266688
tasks worker advances=266752
tasks worker advances=266816
tasks worker advances=266880
tasks worker advances=266944
tasks worker advances=267008
tasks worker advances=267072
tasks worker advances=267136
tasks worker advances=267200
tasks worker advances=267264
tasks worker advances=267328
tasks worker advances=267392
tasks worker advances=267456
tasks worker advances=267520
tasks worker advances=267584
tasks worker advances=267648
tasks worker advances=267712
tasks worker advances=267776
tasks worker advances=267840
tasks worker advances=267904
tasks worker advances=267968
tasks worker advances=268032
tasks worker advances=268096
tasks worker advances=268160
tasks worker advances=268224
tasks worker advances=268288
tasks worker advances=269888
tasks worker advances=269952
tasks worker advances=270016
tasks worker advances=270080
tasks worker advances=270144
tasks worker advances=270208
tasks worker advances=270272
tasks worker advances=270336
tasks worker advances=270400
tasks worker advances=270464
tasks worker advances=270528
tasks worker advances=270592
tasks worker advances=270656
tasks worker advances=270720
tasks worker advances=270784
tasks worker advances=270848
tasks worker advances=270912
tasks worker advances=270976
tasks worker advances=271040
tasks worker advances=271104
tasks worker advances=271168
tasks worker advances=271232
timer heartbeat ticks=170 irq=170 poll=0
tasks worker advances=271296
tasks worker advances=273024
tasks worker advances=273088
tasks worker advances=273152
tasks worker advances=273216
tasks worker advances=273280
tasks worker advances=273344
tasks worker advances=273408
tasks worker advances=273472
tasks worker advances=273536
tasks worker advances=273600
tasks worker advances=273664
tasks worker advances=273728
tasks worker advances=273792
tasks worker advances=273856
tasks worker advances=273920
tasks worker advances=273984
tasks worker advances=274048
tasks worker advances=274112
tasks worker advances=274176
tasks worker advances=274240
tasks worker advances=274304
tasks worker advances=274368
tasks worker advances=274432
tasks worker advances=274496
tasks worker advances=274560
tasks worker advances=274624
tasks worker advances=274688
tasks worker advances=276352
tasks worker advances=276416
tasks worker advances=276480
tasks worker advances=276544
tasks worker advances=276608
tasks worker advances=276672
tasks worker advances=276736
tasks worker advances=276800
tasks worker advances=276864
tasks worker advances=276928
tasks worker advances=276992
tasks worker advances=277056
tasks worker advances=277120
tasks worker advances=277184
tasks worker advances=277248
tasks worker advances=277312
tasks worker advances=277376
tasks worker advances=277440
tasks worker advances=277504
tasks worker advances=277568
tasks worker advances=277632
tasks worker advances=277696
tasks worker advances=277760
tasks worker advances=277824
tasks worker advances=277888
tasks worker advances=277952
timer heartbeat ticks=175 irq=175 poll=0
tasks worker advances=278016
tasks worker advances=279744
tasks worker advances=279808
tasks worker advances=279872
tasks worker advances=279936
tasks worker advances=280000
tasks worker advances=280064
tasks worker advances=280128
tasks worker advances=280192
tasks worker advances=280256
tasks worker advances=280320
tasks worker advances=280384
tasks worker advances=280448
tasks worker advances=280512
tasks worker advances=280576
tasks worker advances=280640
tasks worker advances=280704
tasks worker advances=280768
tasks worker advances=280832
tasks worker advances=280896
tasks worker advances=280960
tasks worker advances=281024
tasks worker advances=281088
tasks worker advances=281152
tasks worker advances=281216
tasks worker advances=281280
tasks worker advances=281344
tasks worker advances=281408
tasks worker advances=281472
tasks worker advances=283200
tasks worker advances=283264
tasks worker advances=283328
tasks worker advances=283392
tasks worker advances=283456
tasks worker advances=283520
tasks worker advances=283584
tasks worker advances=283648
tasks worker advances=283712
tasks worker advances=283776
tasks worker advances=283840
tasks worker advances=283904
tasks worker advances=283968
tasks worker advances=284032
tasks worker advances=284096
tasks worker advances=284160
tasks worker advances=284224
tasks worker advances=284288
tasks worker advances=284352
tasks worker advances=284416
tasks worker advances=284480
tasks worker advances=284544
tasks worker advances=284608
tasks worker advances=284672
tasks worker advances=284736
tasks worker advances=284800
tasks worker advances=284864
tasks worker advances=284928
tasks worker advances=286720
tasks worker advances=286784
tasks worker advances=286848
tasks worker advances=286912
tasks worker advances=286976
tasks worker advances=287040
tasks worker advances=287104
tasks worker advances=287168
tasks worker advances=287232
tasks worker advances=287296
tasks worker advances=287360
tasks worker advances=287424
tasks worker advances=287488
tasks worker advances=287552
tasks worker advances=287616
tasks worker advances=287680
tasks worker advances=287744
tasks worker advances=287808
tasks worker advances=287872
tasks worker advances=287936
tasks worker advances=288000
tasks worker advances=288064
tasks worker advances=288128
tasks worker advances=288192
tasks worker advances=288256
tasks worker advances=288320
tasks worker advances=288384
tasks worker advances=288448
