VirelaiOS kernel has seized control.
memory-map descriptors=0x000000000000001b descriptor_size=0x0000000000000030 version=0x0000000000000001 key=0x000000000000029b
map type=0x0000000000000007 base=0x0000000070000000 pages=0x0000000000008000 attr=0x0000000000000008
map type=0x0000000000000004 base=0x0000000078000000 pages=0x0000000000000020 attr=0x0000000000000008
map type=0x0000000000000007 base=0x0000000078020000 pages=0x000000000000594f attr=0x0000000000000008
map type=0x0000000000000002 base=0x000000007d96f000 pages=0x0000000000000007 attr=0x0000000000000008
map type=0x0000000000000001 base=0x000000007d976000 pages=0x0000000000000c18 attr=0x0000000000000008
map type=0x0000000000000003 base=0x000000007e58e000 pages=0x0000000000000072 attr=0x0000000000000008
map type=0x0000000000000000 base=0x000000007e600000 pages=0x0000000000000040 attr=0x0000000000000008
map type=0x0000000000000006 base=0x000000007e640000 pages=0x0000000000000050 attr=0x8000000000000008
map type=0x0000000000000007 base=0x000000007e690000 pages=0x00000000000008ef attr=0x0000000000000008
map type=0x0000000000000004 base=0x000000007ef7f000 pages=0x0000000000000001 attr=0x0000000000000008
map type=0x0000000000000007 base=0x000000007ef80000 pages=0x000000000000002b attr=0x0000000000000008
map type=0x0000000000000004 base=0x000000007efab000 pages=0x00000000000008e5 attr=0x0000000000000008
map type=0x0000000000000003 base=0x000000007f890000 pages=0x0000000000000200 attr=0x0000000000000008
map type=0x0000000000000005 base=0x000000007fa90000 pages=0x0000000000000090 attr=0x8000000000000008
map type=0x0000000000000007 base=0x000000007fb20000 pages=0x0000000000000030 attr=0x0000000000000008
map type=0x0000000000000006 base=0x000000007fb50000 pages=0x0000000000000020 attr=0x8000000000000008
map type=0x0000000000000007 base=0x000000007fb70000 pages=0x000000000000002f attr=0x0000000000000008
map type=0x0000000000000009 base=0x000000007fb9f000 pages=0x0000000000000001 attr=0x0000000000000008
map type=0x0000000000000007 base=0x000000007fba0000 pages=0x0000000000000019 attr=0x0000000000000008
map type=0x0000000000000004 base=0x000000007fbb9000 pages=0x0000000000000021 attr=0x0000000000000008
map type=0x0000000000000003 base=0x000000007fbda000 pages=0x0000000000000026 attr=0x0000000000000008
map type=0x0000000000000004 base=0x000000007fc00000 pages=0x00000000000003c7 attr=0x0000000000000008
map type=0x0000000000000007 base=0x000000007ffc7000 pages=0x0000000000000010 attr=0x0000000000000008
map type=0x0000000000000003 base=0x000000007ffd7000 pages=0x0000000000000020 attr=0x0000000000000008
map type=0x0000000000000004 base=0x000000007fff7000 pages=0x0000000000000009 attr=0x0000000000000008
map type=0x000000000000000b base=0x0000000001000000 pages=0x0000000000000010 attr=0x8000000000000001
map type=0x000000000000000b base=0x0000000020050000 pages=0x0000000000000001 attr=0x8000000000000001
probe base=0x0000000100010000 layout=virtio-console
 records=0x0000000000000000
interrupts: gic=v3 armed=1 dist=0x0000000010000000 redist=0x0000000010010000 active=0x0000000010010000 fallback=1 ppi=0x000000000000001e edge=0 freq=0x00000000016e3600
host share: absent
kernel terminal state
cvspike: cap @0x0000000000000040 head=0x0000000001105009 t=0x0000000000000001 bar=0x0000000000000000 off=0x0000000000000000
cvspike: cap @0x0000000000000050 head=0x0000000003106009 t=0x0000000000000003 bar=0x0000000000000000 off=0x0000000000001000
cvspike: cap @0x0000000000000060 head=0x0000000002147409 t=0x0000000000000002 bar=0x0000000000000000 off=0x0000000000004000
cvspike: probe dev=0x0000000000000008 common=0x0000000100030000 notify=0x0000000100034000 bar=0x0000000100030000 b0=0x0000000000030004 b2=0x0000000050000000 cp=0x0000000000000040 nc=0x0000000000000003
cvspike: walk console-bar va=0x0000000100010000 l3=0x0000000100010403 ok
cvspike: walk cv-bar va=0x0000000100030000 l3=0x0000000100030403 ok
cvspike: init ok
cvspike: dev=0x0000000000000008 did=0x1082 common=0x0000000100030000 notify=0x0000000100034000 qoff=0x0000000000000000 qoff1=0x0000000000000001 ready=1
cvspike: feat=0x0000000530000000 acc=0x0000000100000000 nd=0 al=0 notify=16bit
cvspike: payload="VIRELAIOS-CV0x42" len=0x0000000000000010
cvspike: q0 xchg=1 n=0x10 echo=ok
cvspike: q0 xchg=2 n=0x10 echo=ok
cvspike: q0 xchg=3 n=0x10 echo=ok
cvspike: q0 xchg=4 n=0x10 echo=ok
cvspike: q0 heads=0x0000000000000000,0x0000000000000002,0x0000000000000004,0x0000000000000006 recycle=1
cvspike: q0 big n=0x3034 echo=ok
cvspike: q0 ok=1
cvspike: q1 log="cvlog-1" ack="ACK:7" n=0x0000000000000005
cvspike: q1 log="cvlog-2" ack="ACK:7" n=0x0000000000000005
cvspike: q1 log="cvlog-3" ack="ACK:7" n=0x0000000000000005
cvspike: q1 ok=3
cvspike: q2 armed rx=1 handle=0x0000000000000000
cvspike: q2 req="CVC-PING-0x42" n=0x000000000000000d req=ok handle=ok
cvspike: q2 rsp="CVC-PING-0x42" ack="OK:13" ok=1
cvspike: q2 ok=1
cvspike: q3 armed bufs=0x0000000000000008
vf: probe 32k ok len=0x8000 cksum=0x0000 free=0020
cvspike: irq=0x00000000000000c1 first=0x0000000000000045 spi=0x0000000000000045 armed=0x0000000000000020..0x00000000000000bf
entropy: pre-rearm st=00
entropy: seeded n=64
net: pre-rearm st=0f
net: rx-armed
aslr: boot user stack=0x000000004beb0000
VirelaiOS - AArch64 firmware-assisted kernel monitor
VirelaiOS: the elephant has left the building.
motd: aarch64 el1 kernel live; scheduler, uaccess, fs, net, gfx, xhci armed.
Type 'help' before touching anything expensive.
[32mvirelai> [0m[AUDIT] task-ring+procs audit armed slots=11 procs=16
net ip 10.0.0.1
net ip: ip=10.0.0.1
[32mvirelai> [0mnet arp 10.0.0.2
net arp: request for 10.0.0.2 sent (42 bytes)
[32mvirelai> [0mexec SSH.BIN tbuddy@10.0.0.2:2222 echo VIRELAI-INTEROP-OK
exec: loaded SSH.BIN size=0x000000000000f000 entry=0x0000000000400000 stack=0x000000005e170000 head=0xfd7bbaa9e2031eaa data=0x000000000001c6c0 datapages=29
[32mvirelai> [0mecho ssh-relay-launched
ssh-relay-launched
[32mvirelai> [0m
syscall: write ok n=23
uaccess: efault ok n=8
ssh: target user=tbuddy host=10.0.0.2 port=2222 mode=exec
ssh: connected
ssh: kex-error Closed
ssh: fail stage=kex rc=3
timer irq delivered ppi=0x1e irq_ticks=1
smp: secondary runs=1 task=user-el0
smp: secondary runs=2 task=worker
smp: steal runs=1 task=user-el0 from=0
smp: steal runs=2 task=worker from=0
tasks worker advances=64
tasks user-exec exited status=3
procs SSH.BIN exited status=3
tasks user-exec reaped
userspace: el0=1 svc=2 roundtrips=1 arg=2 result=2 rejected=0
smp: secondary runs=3 task=user-el0
smp: secondary runs=4 task=worker
tasks worker advances=4224
tasks worker advances=4288
tasks worker advances=4352
tasks worker advances=4416
tasks worker advances=4480
tasks worker advances=4544
tasks worker advances=4608
tasks worker advances=4672
tasks worker advances=4736
tasks worker advances=4800
tasks worker advances=4864
tasks worker advances=4928
tasks worker advances=4992
tasks worker advances=5056
tasks worker advances=5120
tasks worker advances=5184
tasks worker advances=5248
tasks worker advances=5312
tasks worker advances=5376
tasks worker advances=5440
tasks worker advances=5504
tasks worker advances=5568
tasks worker advances=5632
tasks worker advances=5696
tasks worker advances=5760
tasks worker advances=5824
tasks worker advances=5888
tasks worker advances=5952
tasks worker advances=6016
tasks worker advances=6080
tasks worker advances=6144
tasks worker advances=6208
timer heartbeat ticks=5 irq=5 poll=0
smp: steal runs=3 task=user-el0 from=1
tasks worker advances=6272
tasks user-el0 exited status=7
procs user-el0 exited status=7
tasks user-el0 reaped
tasks worker advances=8448
tasks worker advances=8512
tasks worker advances=8576
tasks worker advances=8640
tasks worker advances=8704
tasks worker advances=8768
tasks worker advances=8832
tasks worker advances=8896
tasks worker advances=8960
tasks worker advances=9024
tasks worker advances=9088
tasks worker advances=9152
tasks worker advances=9216
tasks worker advances=9280
tasks worker advances=9344
tasks worker advances=9408
tasks worker advances=9472
tasks worker advances=9536
tasks worker advances=9600
tasks worker advances=9664
tasks worker advances=9728
tasks worker advances=9792
tasks worker advances=9856
tasks worker advances=9920
tasks worker advances=9984
tasks worker advances=10048
tasks worker advances=10112
tasks worker advances=10176
tasks worker advances=10240
tasks worker advances=10304
tasks worker advances=10368
tasks worker advances=10432
tasks worker advances=10496
tasks worker advances=10560
tasks worker advances=12672
tasks worker advances=12736
tasks worker advances=12800
tasks worker advances=12864
tasks worker advances=12928
tasks worker advances=12992
tasks worker advances=13056
tasks worker advances=13120
tasks worker advances=13184
tasks worker advances=13248
tasks worker advances=13312
tasks worker advances=13376
tasks worker advances=13440
tasks worker advances=13504
tasks worker advances=13568
tasks worker advances=13632
tasks worker advances=13696
tasks worker advances=13760
tasks worker advances=13824
tasks worker advances=13888
tasks worker advances=13952
tasks worker advances=14016
tasks worker advances=14080
tasks worker advances=14144
tasks worker advances=14208
tasks worker advances=14272
tasks worker advances=14336
tasks worker advances=14400
tasks worker advances=14464
tasks worker advances=14528
tasks worker advances=14592
tasks worker advances=14656
tasks worker advances=14720
tasks worker advances=14784
tasks worker advances=14848
tasks worker advances=16960
tasks worker advances=17024
tasks worker advances=17088
tasks worker advances=17152
tasks worker advances=17216
tasks worker advances=17280
tasks worker advances=17344
tasks worker advances=17408
tasks worker advances=17472
tasks worker advances=17536
tasks worker advances=17600
tasks worker advances=17664
tasks worker advances=17728
tasks worker advances=17792
tasks worker advances=17856
tasks worker advances=17920
tasks worker advances=17984
tasks worker advances=18048
tasks worker advances=18112
tasks worker advances=18176
tasks worker advances=18240
tasks worker advances=18304
tasks worker advances=18368
tasks worker advances=18432
tasks worker advances=18496
tasks worker advances=18560
tasks worker advances=18624
tasks worker advances=18688
tasks worker advances=18752
tasks worker advances=18816
tasks worker advances=18880
tasks worker advances=18944
tasks worker advances=19008
timer heartbeat ticks=10 irq=10 poll=0
tasks worker advances=19072
tasks worker advances=21184
tasks worker advances=21248
tasks worker advances=21312
tasks worker advances=21376
tasks worker advances=21440
tasks worker advances=21504
tasks worker advances=21568
tasks worker advances=21632
tasks worker advances=21696
tasks worker advances=21760
tasks worker advances=21824
tasks worker advances=21888
tasks worker advances=21952
tasks worker advances=22016
tasks worker advances=22080
tasks worker advances=22144
tasks worker advances=22208
tasks worker advances=22272
tasks worker advances=22336
tasks worker advances=22400
tasks worker advances=22464
tasks worker advances=22528
tasks worker advances=22592
tasks worker advances=22656
tasks worker advances=22720
tasks worker advances=22784
tasks worker advances=22848
tasks worker advances=22912
tasks worker advances=22976
tasks worker advances=23040
tasks worker advances=23104
tasks worker advances=23168
tasks worker advances=23232
tasks worker advances=25344
tasks worker advances=25408
tasks worker advances=25472
tasks worker advances=25536
tasks worker advances=25600
tasks worker advances=25664
tasks worker advances=25728
tasks worker advances=25792
tasks worker advances=25856
tasks worker advances=25920
tasks worker advances=25984
tasks worker advances=26048
tasks worker advances=26112
tasks worker advances=26176
tasks worker advances=26240
tasks worker advances=26304
tasks worker advances=26368
tasks worker advances=26432
tasks worker advances=26496
tasks worker advances=26560
tasks worker advances=26624
tasks worker advances=26688
tasks worker advances=26752
tasks worker advances=26816
tasks worker advances=26880
tasks worker advances=26944
tasks worker advances=27008
tasks worker advances=27072
tasks worker advances=27136
tasks worker advances=27200
tasks worker advances=27264
tasks worker advances=27328
tasks worker advances=27392
timer heartbeat ticks=15 irq=15 poll=0
tasks worker advances=27456
tasks worker advances=29568
tasks worker advances=29632
tasks worker advances=29696
tasks worker advances=29760
tasks worker advances=29824
tasks worker advances=29888
tasks worker advances=29952
tasks worker advances=30016
tasks worker advances=30080
tasks worker advances=30144
tasks worker advances=30208
tasks worker advances=30272
tasks worker advances=30336
tasks worker advances=30400
tasks worker advances=30464
tasks worker advances=30528
tasks worker advances=30592
tasks worker advances=30656
tasks worker advances=30720
tasks worker advances=30784
tasks worker advances=30848
tasks worker advances=30912
tasks worker advances=30976
tasks worker advances=31040
tasks worker advances=31104
tasks worker advances=31168
tasks worker advances=31232
tasks worker advances=31296
tasks worker advances=31360
tasks worker advances=31424
tasks worker advances=31488
tasks worker advances=31552
tasks worker advances=31616
tasks worker advances=33728
tasks worker advances=33792
tasks worker advances=33856
tasks worker advances=33920
tasks worker advances=33984
tasks worker advances=34048
tasks worker advances=34112
tasks worker advances=34176
tasks worker advances=34240
tasks worker advances=34304
tasks worker advances=34368
tasks worker advances=34432
tasks worker advances=34496
tasks worker advances=34560
tasks worker advances=34624
tasks worker advances=34688
tasks worker advances=34752
tasks worker advances=34816
tasks worker advances=34880
tasks worker advances=34944
tasks worker advances=35008
tasks worker advances=35072
tasks worker advances=35136
tasks worker advances=35200
tasks worker advances=35264
tasks worker advances=35328
tasks worker advances=35392
tasks worker advances=35456
tasks worker advances=35520
tasks worker advances=35584
tasks worker advances=35648
tasks worker advances=35712
tasks worker advances=35776
tasks worker advances=35840
tasks worker advances=37888
tasks worker advances=37952
tasks worker advances=38016
tasks worker advances=38080
tasks worker advances=38144
tasks worker advances=38208
tasks worker advances=38272
tasks worker advances=38336
tasks worker advances=38400
tasks worker advances=38464
tasks worker advances=38528
tasks worker advances=38592
tasks worker advances=38656
tasks worker advances=38720
tasks worker advances=38784
tasks worker advances=38848
tasks worker advances=38912
tasks worker advances=38976
tasks worker advances=39040
tasks worker advances=39104
tasks worker advances=39168
tasks worker advances=39232
tasks worker advances=39296
tasks worker advances=39360
[...] head of 2495-line file: the remainder is post-failure idle kernel output; full raw file kept on disk
