  disk: artifacts/disk.img (base, read-only) + throwaway ASIF overlay in /var/folders/p_/h710w89x7b16x249r_061lkw0000gn/T/virelai-overlay-10332F1B-5EFF-4213-9617-0CA0E093F56E
  custom virtio: ENABLED — VID 0x1af4 DID 0x1082 (virtio deviceID 0x42), class 0x00/0x00, 6 queue(s) incl. push-echo, INPUT, SNAPSHOT, and the M34 FILE channel (queue 5) serving "artifacts/m51-interop/share" (--cvc-file)
CUSTOM-VIRTIO: device created (didCreateDevice)
VIRELAIOS VM runner
  host: arm64 (Apple silicon), macOS 27.0
  disk: --overlay-base
  memory: 256 MiB, cpus: 2
  mode: scripted input (non-interactive; claim 6684)
  serial log: artifacts/m51-interop/runs/nat-01/vm-serial.log  (guest output teed to log)
  script: artifacts/m51-interop/runs/nat-01/script-1.txt  (forwarded once after the configured serial marker appears)
  script2: artifacts/m51-interop/runs/nat-01/script-2.txt  (claim 4613: forwarded once after script2-after appears)
  script2-after: "nat-tcp-probe-ready"  (forward script2 once after this serial text appears)
  script-expect: "interop-nat-done"  (exit 0 iff observed in the serial log)
  script-expect-tail: 1.5s  (claim 4912: hold the VM after the match so post-marker kernel output reaches the serial log; 0 = stop immediately)
  via-virtio: ENABLED (claim 9588, issue #523 item 3) — keyboard injection rides the custom-virtio INPUT queue as HID-shaped 16-byte messages; NO NSEvent/CGEvent synthesis and no window/view required (attacks #179 synthesized-drop and #151 activation wall)
  net-nat: ENABLED (milestone five card N7, claim 4678) — VZNATNetworkDeviceAttachment attached (host router + NAT; no capture file — guest-observed counters are the gate's evidence)
script: waiting for marker "kernel terminal state" (script 100 bytes, settle 0.5s, deadline 150s)
script2: waiting for marker "nat-tcp-probe-ready" (script 151 bytes, settle 0.5s, deadline 150s)
CUSTOM-VIRTIO: device reset
VirelaiOS kernel has seized control.
memory-map descriptors=0x000000000000001b descriptor_size=0x0000000000000030 version=0x0000000000000001 key=0x000000000000029b
map type=0x0000000000000007 base=0x0000000070000000 pages=0x0000000000008000 attr=0x0000000000000008
map type=0x0000000000000004 base=0x0000000078000000 pages=0x0000000000000020 attr=0x0000000000000008
map type=0x0000000000000007 base=0x0000000078020000 pages=0x000000000000594f attr=0x0000000000000008
map type=0x0000000000000002 base=0x000000007d96f000 pages=0x0000000000000007 attr=0x0000000000000008
map type=0x0000000000000001 base=0x000000007d976000 pages=0x0000000000000c18 attr=0x0000000000000008
map type=0x0000000000000003 base=0x000000007e58e000 pages=0x0000000000000072 attr=0x0000000000000008
map type=0x0000000000000000 base=0x000000007e600000 pages=0x0000000000000040 attr=0x0000000000000008
map type=0x0000000000000006 base=0x000000007e640000 pages=0x0000000000000050 attr=0x8000000000000008
map type=0x0000000000000007 base=0x000000007e690000 pages=0x00000000000008ef attr=0x0000000000000008
map type=0x0000000000000004 base=0x000000007ef7f000 pages=0x0000000000000001 attr=0x0000000000000008
map type=0x0000000000000007 base=0x000000007ef80000 pages=0x000000000000002b attr=0x0000000000000008
map type=0x0000000000000004 base=0x000000007efab000 pages=0x00000000000008e5 attr=0x0000000000000008
map type=0x0000000000000003 base=0x000000007f890000 pages=0x0000000000000200 attr=0x0000000000000008
map type=0x0000000000000005 base=0x000000007fa90000 pages=0x0000000000000090 attr=0x8000000000000008
map type=0x0000000000000007 base=0x000000007fb20000 pages=0x0000000000000030 attr=0x0000000000000008
map type=0x0000000000000006 base=0x000000007fb50000 pages=0x0000000000000020 attr=0x8000000000000008
map type=0x0000000000000007 base=0x000000007fb70000 pages=0x000000000000002f attr=0x0000000000000008
map type=0x0000000000000009 base=0x000000007fb9f000 pages=0x0000000000000001 attr=0x0000000000000008
map type=0x0000000000000007 base=0x000000007fba0000 pages=0x0000000000000019 attr=0x0000000000000008
map type=0x0000000000000004 base=0x000000007fbb9000 pages=0x0000000000000021 attr=0x0000000000000008
map type=0x0000000000000003 base=0x000000007fbda000 pages=0x0000000000000026 attr=0x0000000000000008
map type=0x0000000000000004 base=0x000000007fc00000 pages=0x00000000000003c7 attr=0x0000000000000008
map type=0x0000000000000007 base=0x000000007ffc7000 pages=0x0000000000000010 attr=0x0000000000000008
map type=0x0000000000000003 base=0x000000007ffd7000 pages=0x0000000000000020 attr=0x0000000000000008
map type=0x0000000000000004 base=0x000000007fff7000 pages=0x0000000000000009 attr=0x0000000000000008
map type=0x000000000000000b base=0x0000000001000000 pages=0x0000000000000010 attr=0x8000000000000001
map type=0x000000000000000b base=0x0000000020050000 pages=0x0000000000000001 attr=0x8000000000000001
probe base=0x0000000100010000 layout=virtio-console
 records=0x0000000000000000
interrupts: gic=v3 armed=1 dist=0x0000000010000000 redist=0x0000000010010000 active=0x0000000010010000 fallback=1 ppi=0x000000000000001e edge=0 freq=0x00000000016e3600
host share: absent
kernel terminal state
cvspike: cap @0x0000000000000040 head=0x0000000001105009 t=0x0000000000000001 bar=0x0000000000000000 off=0x0000000000000000
cvspike: cap @0x0000000000000050 head=0x0000000003106009 t=0x0000000000000003 bar=0x0000000000000000 off=0x0000000000001000
cvspike: cap @0x0000000000000060 head=0x0000000002147409 t=0x0000000000000002 bar=0x0000000000000000 off=0x0000000000004000
cvspike: probe dev=0x0000000000000008 common=0x0000000100030000 notify=0x0000000100034000 bar=0x0000000100030000 b0=0x0000000000030004 b2=0x0000000050000000 cp=0x0000000000000040 nc=0x0000000000000003
cvspike: walk console-bar va=0x0000000100010000 l3=0x0000000100010403 ok
cvspike: walk cv-bar va=0x0000000100030000 l3=0x0000000100030403 ok
CUSTOM-VIRTIO: device reset
CUSTOM-VIRTIO: guest set DRIVER_OK — negotiation complete, queues ready
cvspike: init ok
cvspike: dev=0x0000000000000008 did=0x1082 common=0x0000000100030000 notify=0x0000000100034000 qoff=0x0000000000000000 qoff1=0x0000000000000001 ready=1
cvspike: feat=0x0000000530000000 acc=0x0000000100000000 nd=0 al=0 notify=16bit
cvspike: payload="VIRELAIOS-CV0x42" len=0x0000000000000010
CUSTOM-VIRTIO: guest notified queue 0 (size 32)
CUSTOM-VIRTIO: dequeued 16 byte(s) (read 16): hex=[56 49 52 45 4c 41 49 4f 53 2d 43 56 30 78 34 32] ascii="VIRELAIOS-CV0x42"
CUSTOM-VIRTIO: echoed 16 byte(s) into 16 byte(s) of write buffers
CUSTOM-VIRTIO: returned element to queue 0 — used ring advanced, device interrupt asserted
CUSTOM-VIRTIO: dequeued 16 byte(s) (read 16): hex=[56 49 52 45 4c 41 49 4f 53 2d 43 56 30 78 34 32] ascii="VIRELAIOS-CV0x42"
CUSTOM-VIRTIO: echoed 16 byte(s) into 16 byte(s) of write buffers
CUSTOM-VIRTIO: returned element to queue 0 — used ring advanced, device interrupt asserted
cvspike: q0 xchg=1 n=0x10 echo=CUSTOM-VIRTIO: dequeued 16 byte(s) (read 16): hex=[56 49 52 45 4c 41 49 4f 53 2d 43 56 30 78 34 32] ascii="VIRELAIOS-CV0x42"
CUSTOM-VIRTIO: echoed 16 byte(s) into 16 byte(s) of write buffers
ok
cvspike: q0 xchg=CUSTOM-VIRTIO: returned element to queue 0 — used ring advanced, device interrupt asserted
2 n=0x10 echo=ok
CUSTOM-VIRTIO: dequeued 16 byte(s) (read 16): hex=[56 49 52 45 4c 41 49 4f 53 2d 43 56 30 78 34 32] ascii="VIRELAIOS-CV0x42"cvspike: q0 xchg=
3 n=0x10 echo=CUSTOM-VIRTIO: echoed 16 byte(s) into 16 byte(s) of write buffers
ok
cvspike: q0 xchg=CUSTOM-VIRTIO: returned element to queue 0 — used ring advanced, device interrupt asserted
4 n=0x10 echo=ok
CUSTOM-VIRTIO: dequeued 16 byte(s) (read 16): hex=[56 49 52 45 4c 41 49 4f 53 2d 43 56 30 78 34 32] ascii="VIRELAIOS-CV0x42"
CUSTOM-VIRTIO: echoed 16 byte(s) into 16 byte(s) of write buffers
CUSTOM-VIRTIO: returned element to queue 0 — used ring advanced, device interrupt asserted
CUSTOM-VIRTIO: dequeued 16 byte(s) (read 16): hex=[56 49 52 45 4c 41 49 4f 53 2d 43 56 30 78 34 32] ascii="VIRELAIOS-CV0x42"
CUSTOM-VIRTIO: echoed 16 byte(s) into 16 byte(s) of write buffers
CUSTOM-VIRTIO: returned element to queue 0 — used ring advanced, device interrupt asserted
CUSTOM-VIRTIO: dequeued 16 byte(s) (read 16): hex=[56 49 52 45 4c 41 49 4f 53 2d 43 56 30 78 34 32] ascii="VIRELAIOS-CV0x42"
CUSTOM-VIRTIO: echoed 16 byte(s) into 16 byte(s) of write buffers
CUSTOM-VIRTIO: returned element to queue 0 — used ring advanced, device interrupt asserted
CUSTOM-VIRTIO: dequeued 16 byte(s) (read 16): hex=[56 49 52 45 4c 41 49 4f 53 2d 43 56 30 78 34 32] ascii="VIRELAIOS-CV0x42"
CUSTOM-VIRTIO: echoed 16 byte(s) into 16 byte(s) of write buffers
CUSTOM-VIRTIO: returned element to queue 0 — used ring advanced, device interrupt asserted
CUSTOM-VIRTIO: guest notified queue 0 (size 32)
CUSTOM-VIRTIO: guest notified queue 0 (size 32)
CUSTOM-VIRTIO: guest notified queue 0 (size 32)
CUSTOM-VIRTIO: guest notified queue 0 (size 32)
CUSTOM-VIRTIO: guest notified queue 0 (size 32)
CUSTOM-VIRTIO: guest notified queue 0 (size 32)
CUSTOM-VIRTIO: guest notified queue 0 (size 32)
cvspike: q0 heads=0x0000000000000000,0x0000000000000002,0x0000000000000004,0x0000000000000006 recycle=1
CUSTOM-VIRTIO: guest notified queue 0 (size 32)
CUSTOM-VIRTIO: dequeued 12340 byte(s) (read 12340): hex=[01 02 03 04 05 06 07 08 09 0a 0b 0c 0d 0e 0f 10..1a 1b 1c 1d 1e 1f 20 21 22 23 24 25 26 27 28 29 sum=0x0017a8c7] ascii="<binary>"
CUSTOM-VIRTIO: echoed 12340 byte(s) into 12340 byte(s) of write buffers
CUSTOM-VIRTIO: returned element to queue 0 — used ring advanced, device interrupt asserted
cvspike: q0 big n=0x3034 echo=ok
cvspike: q0 ok=1
CUSTOM-VIRTIO: guest notified queue 1 (size 32)
CUSTOM-VIRTIO-LOG: cvlog-1
CUSTOM-VIRTIO: log ack written (5 byte(s) into 32 byte(s) of write buffers)
CUSTOM-VIRTIO: returned element to queue 1 — used ring advanced, device interrupt asserted
cvspike: q1 log="cvlog-1" ack="ACK:7" n=0x0000000000000005
CUSTOM-VIRTIO: guest notified queue 1 (size 32)
CUSTOM-VIRTIO-LOG: cvlog-2
CUSTOM-VIRTIO: log ack written (5 byte(s) into 32 byte(s) of write buffers)
CUSTOM-VIRTIO: returned element to queue 1 — used ring advanced, device interrupt asserted
cvspike: q1 log="cvlog-2" ack="ACK:7" n=0x0000000000000005
CUSTOM-VIRTIO: guest notified queue 1 (size 32)
CUSTOM-VIRTIO-LOG: cvlog-3
CUSTOM-VIRTIO: log ack written (5 byte(s) into 32 byte(s) of write buffers)
CUSTOM-VIRTIO: returned element to queue 1 — used ring advanced, device interrupt asserted
cvspike: q1 log="cvlog-3" ack="ACK:7" n=0x0000000000000005
cvspike: q1 ok=3
cvspike: q2 armed rx=1 handle=0x0000000000000000
CUSTOM-VIRTIO: guest notified queue 2 (size 32)
CUSTOM-VIRTIO-PUSH: queue 2 notified with the rx buffer armed (idle — waiting for the guest's armed signal)
CUSTOM-VIRTIO: guest notified queue 1 (size 32)
CUSTOM-VIRTIO-LOG: cvc-push-armed
CUSTOM-VIRTIO-PUSH: host enqueued req="CVC-PING-0x42" (13 byte(s)) into the pre-armed rx buffer
CUSTOM-VIRTIO: log ack written (6 byte(s) into 32 byte(s) of write buffers)
CUSTOM-VIRTIO: returned element to queue 1 — used ring advanced, device interrupt asserted
cvspike: q2 req="CVC-PING-0x42" n=0x000000000000000d req=ok handle=ok
CUSTOM-VIRTIO: guest notified queue 2 (size 32)
CUSTOM-VIRTIO-PUSH: reply verified rsp="CVC-PING-0x42" (byte-exact), wrote ack="OK:13"
cvspike: q2 rsp="CVC-PING-0x42" ack="OK:13" ok=1
cvspike: q2 ok=1
cvspike: q3 armed bufs=0xCUSTOM-VIRTIO: guest notified queue 3 (size 32)
0000000000000008
CUSTOM-VIRTIO-INPUT: queue 3 notified (guest rx pool cycling)
CUSTOM-VIRTIO: guest notified queue 1 (size 32)
CUSTOM-VIRTIO-LOG: cvconsole-ready
CUSTOM-VIRTIO: log ack written (6 byte(s) into 32 byte(s) of write buffers)
CUSTOM-VIRTIO: returned element to queue 1 — used ring advanced, device interrupt asserted
CUSTOM-VIRTIO: guest notified queue 5 (size 32)
VF-PROBE: wrote 32768/32768 bytes (write buffers 32768)
CUSTOM-VIRTIO: guest notified queue 5 (size 32)
VF-PROBE: wrote 32768/32768 bytes (write buffers 32768)
vf: probe 32k ok len=0x8000 cksum=0x0000 free=0020
CUSTOM-VIRTIO: guest notified queue 5 (size 32)
VF-FILE: STAT SECRETS.TXT → file size=91
VF-FILE: READ SECRETS.TXT off=0 → 91 byte(s)
CUSTOM-VIRTIO: guest notified queue 5 (size 32)
CUSTOM-VIRTIO: guest notified queue 5 (size 32)
CUSTOM-VIRTIO: guest notified queue 5 (size 32)
cvspike: irq=0x00000000000000c1 first=0x0000000000000045 spi=0x0000000000000045 armed=0x0000000000000020..0x00000000000000bf
entropy: pre-rearm st=00
entropy: seeded n=64
net: pre-rearm st=0f
net: rx-armed
aslr: boot user stack=0x0000000046c10000
VirelaiOS - AArch64 firmware-assisted kernel monitor
VirelaiOS: the elephant has left the building.
motd: aarch64 el1 kernel live; scheduler, uaccess, fs, net, gfx, xhci armed.
CUSTOM-VIRTIO: guest notified queue 5 (size 32)
Type 'help' before touching anything expensive.
CUSTOM-VIRTIO: guest notified queue 5 (size 32)
CUSTOM-VIRTIO: guest notified queue 5 (size 32)
CUSTOM-VIRTIO: guest notified queue 5 (size 32)
CUSTOM-VIRTIO: guest notified queue 5 (size 32)
[32mvirelai> [0m[AUDIT] task-ring+procs audit armed slots=11 procs=16
script: marker "kernel terminal state" seen at t=0.5s (serial log 5507 bytes) — settle 0.5s, then forward
script: forwarded 100 bytes to the serial attachment (write took 0.000s)
net ip 192.168.64.5
net ip: ip=192.168.64.5
CUSTOM-VIRTIO: guest notified queue 5 (size 32)
VF-FILE: OPEN HISTORY.TXT → h=0 append=false create=true
VF-FILE: TRUNCATE h=0 size=0 → status 0
VF-FILE: WRITE h=0 → 20 byte(s), cursor advanced
VF-FILE: CLOSE h=0 → status 0
CUSTOM-VIRTIO: guest notified queue 5 (size 32)
CUSTOM-VIRTIO: guest notified queue 5 (size 32)
CUSTOM-VIRTIO: guest notified queue 5 (size 32)
CUSTOM-VIRTIO: guest notified queue 5 (size 32)
[32mvirelai> [0mnet arp 192.168.64.1
net arp: request for 192.168.64.1 sent (42 bytes)
CUSTOM-VIRTIO: guest notified queue 5 (size 32)
VF-FILE: STAT HISTORY.TXT → file size=20
VF-FILE: READ HISTORY.TXT off=0 → 20 byte(s)
VF-FILE: OPEN HISTORY.TXT → h=0 append=false create=true
VF-FILE: TRUNCATE h=0 size=0 → status 0
VF-FILE: WRITE h=0 → 41 byte(s), cursor advanced
VF-FILE: CLOSE h=0 → status 0
CUSTOM-VIRTIO: guest notified queue 5 (size 32)
CUSTOM-VIRTIO: guest notified queue 5 (size 32)
CUSTOM-VIRTIO: guest notified queue 5 (size 32)
CUSTOM-VIRTIO: guest notified queue 5 (size 32)
CUSTOM-VIRTIO: guest notified queue 5 (size 32)
[32mvirelai> [0mnet tcp connect 192.168.64.1 2222
net tcp: syn sent (peer=192.168.64.1:2222, seq=0xd3efec75, 54 bytes)
CUSTOM-VIRTIO: guest notified queue 5 (size 32)
VF-FILE: STAT HISTORY.TXT → file size=41
VF-FILE: READ HISTORY.TXT off=0 → 41 byte(s)
VF-FILE: OPEN HISTORY.TXT → h=0 append=false create=true
VF-FILE: TRUNCATE h=0 size=0 → status 0
VF-FILE: WRITE h=0 → 75 byte(s), cursor advanced
VF-FILE: CLOSE h=0 → status 0
CUSTOM-VIRTIO: guest notified queue 5 (size 32)
CUSTOM-VIRTIO: guest notified queue 5 (size 32)
CUSTOM-VIRTIO: guest notified queue 5 (size 32)
[32mvirelai> CUSTOM-VIRTIO: guest notified queue 5 (size 32)
[0mechCUSTOM-VIRTIO: guest notified queue 5 (size 32)o
 nat-tcp-probe-ready
nat-tcp-probe-ready
CUSTOM-VIRTIO: guest notified queue 5 (size 32)
VF-FILE: STAT HISTORY.TXT → file size=75
VF-FILE: READ HISTORY.TXT off=0 → 75 byte(s)
VF-FILE: OPEN HISTORY.TXT → h=0 append=false create=true
VF-FILE: TRUNCATE h=0 size=0 → status 0
VF-FILE: WRITE h=0 → 100 byte(s), cursor advanced
VF-FILE: CLOSE h=0 → status 0
CUSTOM-VIRTIO: guest notified queue 5 (size 32)
CUSTOM-VIRTIO: guest notified queue 5 (size 32)
CUSTOM-VIRTIO: guest notified queue 5 (size 32)
CUSTOM-VIRTIO: guest notified queue 5 (size 32)
CUSTOM-VIRTIO: guest notified queue 5 (size 32)
[32mvirelai> [0m
syscall: write ok n=23
uaccess: efault ok n=8
script2: marker "nat-tcp-probe-ready" seen at t=1.5s (serial log 5889 bytes) — settle 0.5s, then forward
script2: forwarded 151 bytes to the serial attachment (write took 0.000s)
script: serial input pipe drained (bytes left the host pipe — any stall is VZ delivery or guest RX)
net tcp
net tcp: waiting for SYN-ACK (peer=192.168.64.1:2222)
CUSTOM-VIRTIO: guest notified queue 5 (size 32)
VF-FILE: STAT HISTORY.TXT → file size=100
VF-FILE: READ HISTORY.TXT off=0 → 100 byte(s)
VF-FILE: OPEN HISTORY.TXT → h=0 append=false create=true
VF-FILE: TRUNCATE h=0 size=0 → status 0
VF-FILE: WRITE h=0 → 108 byte(s), cursor advanced
VF-FILE: CLOSE h=0 → status 0
CUSTOM-VIRTIO: guest notified queue 5 (size 32)
CUSTOM-VIRTIO: guest notified queue 5 (size 32)
CUSTOM-VIRTIO: guest notified queue 5 (size 32)[32m
virelai> [0mCUSTOM-VIRTIO: guest notified queue 5 (size 32)
nCUSTOM-VIRTIO: guest notified queue 5 (size 32)
et tcp
net tcp: waiting for SYN-ACK (peer=192.168.64.1:2222)
CUSTOM-VIRTIO: guest notified queue 5 (size 32)
VF-FILE: STAT HISTORY.TXT → file size=108
VF-FILE: READ HISTORY.TXT off=0 → 108 byte(s)
VF-FILE: OPEN HISTORY.TXT → h=0 append=false create=true
VF-FILE: TRUNCATE h=0 size=0 → status 0
VF-FILE: WRITE h=0 → 116 byte(s), cursor advanced
VF-FILE: CLOSE h=0 → status 0
CUSTOM-VIRTIO: guest notified queue 5 (size 32)
CUSTOM-VIRTIO: guest notified queue 5 (size 32)
[32mvirelai> CUSTOM-VIRTIO: guest notified queue 5 (size 32)[0m
CUSTOM-VIRTIO: guest notified queue 5 (size 32)
CUSTOM-VIRTIO: guest notified queue 5 (size 32)
net tcp
net tcp: waiting for SYN-ACK (peer=192.168.64.1:2222)
CUSTOM-VIRTIO: guest notified queue 5 (size 32)
VF-FILE: STAT HISTORY.TXT → file size=116
VF-FILE: READ HISTORY.TXT off=0 → 116 byte(s)
VF-FILE: OPEN HISTORY.TXT → h=0 append=false create=true
VF-FILE: TRUNCATE h=0 size=0 → status 0
VF-FILE: WRITE h=0 → 124 byte(s), cursor advanced
VF-FILE: CLOSE h=0 → status 0
CUSTOM-VIRTIO: guest notified queue 5 (size 32)
CUSTOM-VIRTIO: guest notified queue 5 (size 32)
CUSTOM-VIRTIO: guest notified queue 5 (size 32)
CUSTOM-VIRTIO: guest notified queue 5 (size 32)
CUSTOM-VIRTIO: guest notified queue 5 (size 32)
[32mvirelai> [0mnet tcp
net tcp: waiting for SYN-ACK (peer=192.168.64.1:2222)
CUSTOM-VIRTIO: guest notified queue 5 (size 32)
VF-FILE: STAT HISTORY.TXT → file size=124
VF-FILE: READ HISTORY.TXT off=0 → 124 byte(s)
VF-FILE: OPEN HISTORY.TXT → h=0 append=false create=true
VF-FILE: TRUNCATE h=0 size=0 → status 0
VF-FILE: WRITE h=0 → 132 byte(s), cursor advanced
VF-FILE: CLOSE h=0 → status 0
CUSTOM-VIRTIO: guest notified queue 5 (size 32)
CUSTOM-VIRTIO: guest notified queue 5 (size 32)
CUSTOM-VIRTIO: guest notified queue 5 (size 32)
CUSTOM-VIRTIO: guest notified queue 5 (size 32)
CUSTOM-VIRTIO: guest notified queue 5 (size 32)
[32mvirelai> [0mnet tcp
net tcp: waiting for SYN-ACK (peer=192.168.64.1:2222)
CUSTOM-VIRTIO: guest notified queue 5 (size 32)
VF-FILE: STAT HISTORY.TXT → file size=132
VF-FILE: READ HISTORY.TXT off=0 → 132 byte(s)
VF-FILE: OPEN HISTORY.TXT → h=0 append=false create=true
VF-FILE: TRUNCATE h=0 size=0 → status 0
VF-FILE: WRITE h=0 → 140 byte(s), cursor advanced
VF-FILE: CLOSE h=0 → status 0
CUSTOM-VIRTIO: guest notified queue 5 (size 32)
CUSTOM-VIRTIO: guest notified queue 5 (size 32)
CUSTOM-VIRTIO: guest notified queue 5 (size 32)
CUSTOM-VIRTIO: guest notified queue 5 (size 32)[32m
CUSTOM-VIRTIO: guest notified queue 5 (size 32)
virelai> [0mnet tcp recv
error: not established (net tcp connect <addr> <port> first)
CUSTOM-VIRTIO: guest notified queue 5 (size 32)
VF-FILE: STAT HISTORY.TXT → file size=140
VF-FILE: READ HISTORY.TXT off=0 → 140 byte(s)
VF-FILE: OPEN HISTORY.TXT → h=0 append=false create=true
VF-FILE: TRUNCATE h=0 size=0 → status 0
VF-FILE: WRITE h=0 → 153 byte(s), cursor advanced
VF-FILE: CLOSE h=0 → status 0
CUSTOM-VIRTIO: guest notified queue 5 (size 32)
CUSTOM-VIRTIO: guest notified queue 5 (size 32)
CUSTOM-VIRTIO: guest notified queue 5 (size 32)
CUSTOM-VIRTIO: guest notified queue 5 (size 32)
CUSTOM-VIRTIO: guest notified queue 5 (size 32)
[32mvirelai> [0mnet tcp reset
net tcp: reset sent (seq=0xd3efec76, 54 bytes)
CUSTOM-VIRTIO: guest notified queue 5 (size 32)
VF-FILE: STAT HISTORY.TXT → file size=153
VF-FILE: READ HISTORY.TXT off=0 → 153 byte(s)
VF-FILE: OPEN HISTORY.TXT → h=0 append=false create=true
VF-FILE: TRUNCATE h=0 size=0 → status 0
VF-FILE: WRITE h=0 → 167 byte(s), cursor advanced
VF-FILE: CLOSE h=0 → status 0
CUSTOM-VIRTIO: guest notified queue 5 (size 32)
CUSTOM-VIRTIO: guest notified queue 5 (size 32)[32mvirelai> 
CUSTOM-VIRTIO: guest notified queue 5 (size 32)
CUSTOM-VIRTIO: guest notified queue 5 (size 32)
CUSTOM-VIRTIO: guest notified queue 5 (size 32)
[0mexec SSH.BIN tbuddy@192.168.64.1:2222 echo VIRELAI-INTEROP-OK
CUSTOM-VIRTIO: guest notified queue 5 (size 32)
VF-FILE: STAT SSH.BIN → file size=61488
VF-FILE: READ SSH.BIN off=0 → 32765 byte(s)
CUSTOM-VIRTIO: guest notified queue 5 (size 32)
CUSTOM-VIRTIO: guest notified queue 5 (size 32)
VF-FILE: READ SSH.BIN off=32765 → 28723 byte(s)
exec: loaded SSH.BIN size=0x000000000000f000 entry=0x0000000000400000 stack=0x000000007a810000 head=0xfd7bbaa9e2031eaa data=0x000000000001c6c0 datapages=29
CUSTOM-VIRTIO: guest notified queue 5 (size 32)
VF-FILE: STAT HISTORY.TXT → file size=167
VF-FILE: READ HISTORY.TXT off=0 → 167 byte(s)
VF-FILE: OPEN HISTORY.TXT → h=0 append=false create=true
VF-FILE: TRUNCATE h=0 size=0 → status 0
VF-FILE: WRITE h=0 → 229 byte(s), cursor advanced
VF-FILE: CLOSE h=0 → status 0
CUSTOM-VIRTIO: guest notified queue 5 (size 32)
CUSTOM-VIRTIO: guest notified queue 5 (size 32)
CUSTOM-VIRTIO: guest notified queue 5 (size 32)
CUSTOM-VIRTIO: guest notified queue 5 (size 32)
CUSTOM-VIRTIO: guest notified queue 5 (size 32)
[32mvirelai> [0mecho interop-nat-done
interop-nat-done
CUSTOM-VIRTIO: guest notified queue 5 (size 32)
VF-FILE: STAT HISTORY.TXT → file size=229
VF-FILE: READ HISTORY.TXT off=0 → 229 byte(s)
VF-FILE: OPEN HISTORY.TXT → h=0 append=false create=true
VF-FILE: TRUNCATE h=0 size=0 → status 0
VF-FILE: WRITE h=0 → 251 byte(s), cursor advanced
VF-FILE: CLOSE h=0 → status 0
CUSTOM-VIRTIO: guest notified queue 5 (size 32)
[32mvirelai> CUSTOM-VIRTIO: guest notified queue 5 (size 32)
CUSTOM-VIRTIO: guest notified queue 5 (size 32)
[0mCUSTOM-VIRTIO: guest notified queue 5 (size 32)
timer irq delivered ppi=0xCUSTOM-VIRTIO: guest notified queue 5 (size 32)
1e irq_ticks=1
smp: secondary runs=1 task=user-el0
smp: secondary runs=2 task=worker
smp: steal runs=1 task=user-el0 from=0
smp: steal runs=2 task=worker from=0
tasks worker advances=64
userspace: el0=1 svc=2 roundtrips=1 arg=2 result=2 rejected=0
tasks worker advances=3456
tasks worker advances=3520
tasks worker advances=3584
tasks worker advances=3648
tasks worker advances=3712
smp: secondary runs=3 task=user-el0
script-expect: transcript 'interop-nat-done' observed — holding the VM for the 1.5s tail window so post-marker kernel output (reap lines) reaches the serial log
script2: serial input pipe drained (bytes left the host pipe — any stall is VZ delivery or guest RX)
ssh: target user=tbuddy host=192.168.64.1 port=2222 mode=exec
SUCCESS: expected transcript 'interop-nat-done' observed in the serial log (claim-4912 tail window 1.5s elapsed; post-marker output captured).
CUSTOM-VIRTIO: device stopped
