VirelaiOS kernel has seized control.
memory-map descriptors=0x0000000000000019 descriptor_size=0x0000000000000030 version=0x0000000000000001 key=0x00000000000002a8
map type=0x0000000000000007 base=0x0000000070000000 pages=0x0000000000008000 attr=0x0000000000000008
map type=0x0000000000000004 base=0x0000000078000000 pages=0x0000000000000020 attr=0x0000000000000008
map type=0x0000000000000007 base=0x0000000078020000 pages=0x000000000000594d attr=0x0000000000000008
map type=0x0000000000000002 base=0x000000007d96d000 pages=0x0000000000000007 attr=0x0000000000000008
map type=0x0000000000000001 base=0x000000007d974000 pages=0x0000000000000c1a attr=0x0000000000000008
map type=0x0000000000000003 base=0x000000007e58e000 pages=0x0000000000000072 attr=0x0000000000000008
map type=0x0000000000000000 base=0x000000007e600000 pages=0x0000000000000040 attr=0x0000000000000008
map type=0x0000000000000006 base=0x000000007e640000 pages=0x0000000000000050 attr=0x8000000000000008
map type=0x0000000000000007 base=0x000000007e690000 pages=0x000000000000091b attr=0x0000000000000008
map type=0x0000000000000004 base=0x000000007efab000 pages=0x00000000000008e5 attr=0x0000000000000008
map type=0x0000000000000003 base=0x000000007f890000 pages=0x0000000000000200 attr=0x0000000000000008
map type=0x0000000000000005 base=0x000000007fa90000 pages=0x0000000000000090 attr=0x8000000000000008
map type=0x0000000000000007 base=0x000000007fb20000 pages=0x0000000000000030 attr=0x0000000000000008
map type=0x0000000000000006 base=0x000000007fb50000 pages=0x0000000000000020 attr=0x8000000000000008
map type=0x0000000000000007 base=0x000000007fb70000 pages=0x000000000000002f attr=0x0000000000000008
map type=0x0000000000000009 base=0x000000007fb9f000 pages=0x0000000000000001 attr=0x0000000000000008
map type=0x0000000000000007 base=0x000000007fba0000 pages=0x0000000000000019 attr=0x0000000000000008
map type=0x0000000000000004 base=0x000000007fbb9000 pages=0x0000000000000021 attr=0x0000000000000008
map type=0x0000000000000003 base=0x000000007fbda000 pages=0x0000000000000026 attr=0x0000000000000008
map type=0x0000000000000004 base=0x000000007fc00000 pages=0x00000000000003c7 attr=0x0000000000000008
map type=0x0000000000000007 base=0x000000007ffc7000 pages=0x0000000000000010 attr=0x0000000000000008
map type=0x0000000000000003 base=0x000000007ffd7000 pages=0x0000000000000020 attr=0x0000000000000008
map type=0x0000000000000004 base=0x000000007fff7000 pages=0x0000000000000009 attr=0x0000000000000008
map type=0x000000000000000b base=0x0000000001000000 pages=0x0000000000000010 attr=0x8000000000000001
map type=0x000000000000000b base=0x0000000020050000 pages=0x0000000000000001 attr=0x8000000000000001
probe base=0x0000000100010000 layout=virtio-console
 records=0x0000000000000000
interrupts: gic=v3 armed=1 dist=0x0000000010000000 redist=0x0000000010010000 active=0x0000000010010000 fallback=1 ppi=0x000000000000001e edge=0 freq=0x00000000016e3600
host share: absent
kernel terminal state
cvspike: cap @0x0000000000000040 head=0x0000000001105009 t=0x0000000000000001 bar=0x0000000000000000 off=0x0000000000000000
cvspike: cap @0x0000000000000050 head=0x0000000003106009 t=0x0000000000000003 bar=0x0000000000000000 off=0x0000000000001000
cvspike: cap @0x0000000000000060 head=0x0000000002147409 t=0x0000000000000002 bar=0x0000000000000000 off=0x0000000000004000
cvspike: probe dev=0x0000000000000008 common=0x0000000100020000 notify=0x0000000100024000 bar=0x0000000100020000 b0=0x0000000000020004 b2=0x0000000050000000 cp=0x0000000000000040 nc=0x0000000000000003
cvspike: walk console-bar va=0x0000000100010000 l3=0x0000000100010403 ok
cvspike: walk cv-bar va=0x0000000100020000 l3=0x0000000100020403 ok
cvspike: init ok
cvspike: dev=0x0000000000000008 did=0x1082 common=0x0000000100020000 notify=0x0000000100024000 qoff=0x0000000000000000 qoff1=0x0000000000000001 ready=1
cvspike: feat=0x0000000530000000 acc=0x0000000100000000 nd=0 al=0 notify=16bit
cvspike: payload="VIRELAIOS-CV0x42" len=0x0000000000000010
cvspike: q0 xchg=1 n=0x10 echo=ok
cvspike: q0 xchg=2 n=0x10 echo=ok
cvspike: q0 xchg=3 n=0x10 echo=ok
cvspike: q0 xchg=4 n=0x10 echo=ok
cvspike: q0 heads=0x0000000000000000,0x0000000000000002,0x0000000000000004,0x0000000000000006 recycle=1
cvspike: q0 big n=0x3034 echo=ok
cvspike: q0 ok=1
cvspike: q1 log="cvlog-1" ack="ACK:7" n=0x0000000000000005
cvspike: q1 log="cvlog-2" ack="ACK:7" n=0x0000000000000005
cvspike: q1 log="cvlog-3" ack="ACK:7" n=0x0000000000000005
cvspike: q1 ok=3
cvspike: q2 armed rx=1 handle=0x0000000000000000
cvspike: q2 req="CVC-PING-0x42" n=0x000000000000000d req=ok handle=ok
cvspike: q2 rsp="CVC-PING-0x42" ack="OK:13" ok=1
cvspike: q2 ok=1
cvspike: q3 armed bufs=0x0000000000000008
vf: probe 32k ok len=0x8000 cksum=0x0000 free=0020
cvspike: irq=0x00000000000000cf first=0x0000000000000045 spi=0x0000000000000045 armed=0x0000000000000020..0x00000000000000bf
entropy: pre-rearm st=00
entropy: seeded n=64
aslr: boot user stack=0x0000000055d00000
VirelaiOS - AArch64 firmware-assisted kernel monitor
VirelaiOS: the elephant has left the building.
motd: aarch64 el1 kernel live; scheduler, uaccess, fs, net, gfx, xhci armed.
Type 'help' before touching anything expensive.
[32mvirelai> [0m[AUDIT] task-ring+procs audit armed slots=11 procs=16
exec GOARGS.ELF alpha beta
exec: loaded GOARGS.ELF size=0x000000000006b674 entry=0x000000000007a620 stack=0x0000000068420000 head=0x7f454c4602010100 data=0x000000000002f230 datapages=49
[32mvirelai> [0mecho go-args-done
go-args-done
[32mvirelai> [0m
syscall: write ok n=23
uaccess: efault ok n=8
go-args n=3 [GOARGS.ELF] [alpha] [beta]
