bash tools/gate/fleet.sh run "live-jobs"
=== fleet run: 1 member(s): live-jobs

--- [1/1] spec live-jobs
=== vgate live-jobs: background jobs with real exit status on VZ ===
spec: /Users/tbuddy/t3/zig/virelaios-buffy-execrace/tools/gate/specs/live-jobs.spec
revision: 283dfa09c6dd939f21c03cdb4883879e1830a318 branch=agent/buffy-execrace/fleet-exec-race dirty-files=7
elf2bin: ./.zig-cache/o/544d97d193bb3c6602be8a1d755e2e1c/user-schedring -> /Users/tbuddy/t3/zig/virelaios-buffy-execrace/.zig-cache/o/3010e10fdd1f1dde74ce13f35897ea3d/SCHEDRING.BIN: entry_offset=0x18 image_size=213 (content 189 bytes from 1 PT_LOAD segment(s))
elf2bin: ./.zig-cache/o/41fe5b9ae9b564d166b4c344f3ad13b8/user-sb4dam -> /Users/tbuddy/t3/zig/virelaios-buffy-execrace/.zig-cache/o/063d05207f92d7b0f8f658dd3708312d/SB4DAM.BIN: entry_offset=0x18 image_size=434 (content 410 bytes from 2 PT_LOAD segment(s))
elf2bin: ./.zig-cache/o/eb5e6ff93d7d7b33a926de004609f57a/user-sb6new -> /Users/tbuddy/t3/zig/virelaios-buffy-execrace/.zig-cache/o/c31f33e55f43e53d0caa3f3bfc0a6751/SB6NEW.BIN: entry_offset=0x18 image_size=1273 (content 1249 bytes from 2 PT_LOAD segment(s))
elf2bin: ./.zig-cache/o/2c549f7c59f0399873c69504e18f6154/user-smpst-win -> /Users/tbuddy/t3/zig/virelaios-buffy-execrace/.zig-cache/o/412e68f9c576aba9107d74c0aa6f36c0/SMPWIN.BIN: entry_offset=0x30 image_size=4144 text=4096 data=0 (bss tail 4) from 3 PT_LOAD segment(s)
elf2bin: ./.zig-cache/o/d4b79f951819002beaf09b8eaeb8111c/user-traceroute -> /Users/tbuddy/t3/zig/virelaios-buffy-execrace/.zig-cache/o/e83c9922485b0660bc38a593bbe57c83/TRACEROUTE.BIN: entry_offset=0x18 image_size=2464 (content 2440 bytes from 2 PT_LOAD segment(s))
elf2bin: ./.zig-cache/o/4ee18613d863f22277cd4001e3f4e09a/user-sshpacket -> /Users/tbuddy/t3/zig/virelaios-buffy-execrace/.zig-cache/o/7a9c80b4fe85be2e46d704a28e777414/SSHPACKET.BIN: entry_offset=0x30 image_size=4144 text=4096 data=0 (bss tail 35000) from 3 PT_LOAD segment(s)
elf2bin: ./.zig-cache/o/d6cf2a5af6384f8fac529a442c543352/user-netprof -> /Users/tbuddy/t3/zig/virelaios-buffy-execrace/.zig-cache/o/9d65a7a4f49cfdd319ad19d89e902bb7/NETPROF.BIN: entry_offset=0x18 image_size=4345 (content 4321 bytes from 2 PT_LOAD segment(s))
elf2bin: ./.zig-cache/o/fcaf33450ef983ced666374caa424a1b/user-type -> /Users/tbuddy/t3/zig/virelaios-buffy-execrace/.zig-cache/o/93e7751ad1f6208b9be2eb7aebe0c333/TYPE.BIN: entry_offset=0x18 image_size=232 (content 208 bytes from 1 PT_LOAD segment(s))
elf2bin: ./.zig-cache/o/a3dd3cdec07bcfd907a852fdab2bcb5f/user-dns -> /Users/tbuddy/t3/zig/virelaios-buffy-execrace/.zig-cache/o/caff498c61c343667a670f4d3cc11c74/DNS.BIN: entry_offset=0x18 image_size=4711 (content 4687 bytes from 2 PT_LOAD segment(s))
elf2bin: ./.zig-cache/o/8489c52d762037c7fda2e98c8d3db936/user-netstat -> /Users/tbuddy/t3/zig/virelaios-buffy-execrace/.zig-cache/o/fdc137e923d38efea506d4cd1a6ec0e4/NETSTAT.BIN: entry_offset=0x30 image_size=16432 text=16384 data=0 (bss tail 81824) from 3 PT_LOAD segment(s)
elf2bin: ./.zig-cache/o/54d69cbef4de446ed780938a2d24f613/user-dir -> /Users/tbuddy/t3/zig/virelaios-buffy-execrace/.zig-cache/o/7623788e2002fe65e3cc0baa8a6ca2dc/DIR.BIN: entry_offset=0x18 image_size=248 (content 224 bytes from 1 PT_LOAD segment(s))
elf2bin: ./.zig-cache/o/b416ed297da1b3377510eb1cb82ccb65/user-udp -> /Users/tbuddy/t3/zig/virelaios-buffy-execrace/.zig-cache/o/5a69db5ff6214fecfb63173f609e96f7/UDP.BIN: entry_offset=0x18 image_size=605 (content 581 bytes from 1 PT_LOAD segment(s))
elf2bin: ./.zig-cache/o/d6c695824e03aea5b289dbcc22a055f8/user-wndstub -> /Users/tbuddy/t3/zig/virelaios-buffy-execrace/.zig-cache/o/f6b2479098de0b43f44dcb5c5e0380e6/WNDSTUB.BIN: entry_offset=0x18 image_size=230 (content 206 bytes from 1 PT_LOAD segment(s))
elf2bin: ./.zig-cache/o/c29a39bf99ff30ccf4b667486b258213/user-status43 -> /Users/tbuddy/t3/zig/virelaios-buffy-execrace/.zig-cache/o/9f2a6156e1a791e0a6ad615c7341ab5f/STATUS43.BIN: entry_offset=0x18 image_size=134 (content 110 bytes from 1 PT_LOAD segment(s))
elf2bin: ./.zig-cache/o/5b47de1a3dccb8f0eeee7bf4ca4229bc/user-winloop -> /Users/tbuddy/t3/zig/virelaios-buffy-execrace/.zig-cache/o/071955fc8a4277a3f6f84eba7b81305c/WINLOOP.BIN: entry_offset=0x18 image_size=417 (content 393 bytes from 1 PT_LOAD segment(s))
elf2bin: ./.zig-cache/o/e1dfba22fe37f0543682d75f296e3ad3/user-ttyed -> /Users/tbuddy/t3/zig/virelaios-buffy-execrace/.zig-cache/o/b09f68130a2f2a800270f7a706e28e03/TTYED.BIN: entry_offset=0x18 image_size=8477 (content 8453 bytes from 2 PT_LOAD segment(s))
elf2bin: ./.zig-cache/o/0bec6158728d4ee3949f02c779468682/user-sysmon -> /Users/tbuddy/t3/zig/virelaios-buffy-execrace/.zig-cache/o/e8e66d57d586177d722fce3d05ea7b27/SYSMON.BIN: entry_offset=0x30 image_size=20576 text=20480 data=48 (bss tail 81584) from 3 PT_LOAD segment(s)
elf2bin: ./.zig-cache/o/d0b290bd0dcba42925eae370cce4cae3/user-hello -> /Users/tbuddy/t3/zig/virelaios-buffy-execrace/.zig-cache/o/6b78c843c32b63ee81c15bb66d196bda/USER.BIN: entry_offset=0x18 image_size=397 (content 373 bytes from 1 PT_LOAD segment(s))
elf2bin: ./.zig-cache/o/c82b608d6a1022cbb26a4ea29c8b8b42/user-win -> /Users/tbuddy/t3/zig/virelaios-buffy-execrace/.zig-cache/o/086f38048720f3391ea4055320c680b7/WIN.BIN: entry_offset=0x18 image_size=364 (content 340 bytes from 1 PT_LOAD segment(s))
elf2bin: ./.zig-cache/o/dde36e0acff72c730c4e17e4e8d6b0f1/user-blkd -> /Users/tbuddy/t3/zig/virelaios-buffy-execrace/.zig-cache/o/22b03e75b8c613178b54a2150977a2e7/BLKD.BIN: entry_offset=0x18 image_size=247 (content 223 bytes from 1 PT_LOAD segment(s))
elf2bin: ./.zig-cache/o/2f0ac74dbc38c5ce523de31762bb8b09/user-sexitest -> /Users/tbuddy/t3/zig/virelaios-buffy-execrace/.zig-cache/o/0cfc145129e5a8671d5230e67e0ae4a5/SEXITEST.BIN: entry_offset=0x18 image_size=3088 (content 3064 bytes from 2 PT_LOAD segment(s))
elf2bin: ./.zig-cache/o/d9afe553cf4a9f462897b08d2e158ff9/user-settings -> /Users/tbuddy/t3/zig/virelaios-buffy-execrace/.zig-cache/o/3d63ee37a7c70393894cc8b18ed9f8c2/SETTINGS.BIN: entry_offset=0x30 image_size=20576 text=20480 data=48 (bss tail 81584) from 3 PT_LOAD segment(s)
elf2bin: ./.zig-cache/o/2d2ab3ea516d7d31c2405ab1bad27e4d/user-sh -> /Users/tbuddy/t3/zig/virelaios-buffy-execrace/.zig-cache/o/d0d479bffbe3a575f4e594f90ff0360c/SH.BIN: entry_offset=0x30 image_size=98360 text=98304 data=8 (bss tail 85824) from 3 PT_LOAD segment(s)
elf2bin: ./.zig-cache/o/cf365b623326e8e131a45a4f65fcff82/user-sb2-wm -> /Users/tbuddy/t3/zig/virelaios-buffy-execrace/.zig-cache/o/cc6ecba7313f918c5e45689a863511e0/SB2WM.BIN: entry_offset=0x18 image_size=1824 (content 1800 bytes from 2 PT_LOAD segment(s))
elf2bin: ./.zig-cache/o/451877a82e30913e593bccd9a0fc26de/user-file-browser -> /Users/tbuddy/t3/zig/virelaios-buffy-execrace/.zig-cache/o/d6eca69f997bafa90a2dfe618373d40b/FILE.BIN: entry_offset=0x30 image_size=49248 text=49152 data=48 (bss tail 81584) from 3 PT_LOAD segment(s)
elf2bin: ./.zig-cache/o/ea74cfc569aad310928d27deabb9f551/user-devcons -> /Users/tbuddy/t3/zig/virelaios-buffy-execrace/.zig-cache/o/160747e3c03b78514270bb866207a306/DEVCONS.BIN: entry_offset=0x30 image_size=16492 text=16384 data=60 (bss tail 118508) from 3 PT_LOAD segment(s)
elf2bin: ./.zig-cache/o/a82ce1f1db86c4c13e13ec2050fda7ee/virelai-kernel -> /Users/tbuddy/t3/zig/virelaios-buffy-execrace/.zig-cache/o/279f0f4fb078f9bb73319bc64ba1e0d5/KERNEL.BIN: entry_offset=0x28 image_size=12496664 (4 PT_LOAD segment(s), 117 absolute reloc(s))
elf2bin: ./.zig-cache/o/e380e868a1c8c156076efdc68573f9e3/user-guard -> /Users/tbuddy/t3/zig/virelaios-buffy-execrace/.zig-cache/o/c017ee7494ef3aeeeec1dea6dbb8fa0b/GUARD.BIN: entry_offset=0x18 image_size=88 (content 64 bytes from 1 PT_LOAD segment(s))
elf2bin: ./.zig-cache/o/e0a54648aaf17ce3748bd113764d33a1/user-keytest -> /Users/tbuddy/t3/zig/virelaios-buffy-execrace/.zig-cache/o/0c21758a5931ba51165522b1b32cb031/KEYTEST.BIN: entry_offset=0x18 image_size=645 (content 621 bytes from 1 PT_LOAD segment(s))
elf2bin: ./.zig-cache/o/76583c40ed22539a90c32d5d3f625b50/user-winclose -> /Users/tbuddy/t3/zig/virelaios-buffy-execrace/.zig-cache/o/8df5328db7fbaf0ec5bca17a96c0a6f4/WINCLOSE.BIN: entry_offset=0x18 image_size=261 (content 237 bytes from 1 PT_LOAD segment(s))
elf2bin: ./.zig-cache/o/ebc73555ea38daba29b98edc4b035d33/user-sb5wm -> /Users/tbuddy/t3/zig/virelaios-buffy-execrace/.zig-cache/o/c2ebcd40e5125b9371dfc225106abbb1/SB5WM.BIN: entry_offset=0x18 image_size=2256 (content 2232 bytes from 2 PT_LOAD segment(s))
elf2bin: ./.zig-cache/o/add038350f1a5aa960afa900bc8c27fc/user-sb6wm -> /Users/tbuddy/t3/zig/virelaios-buffy-execrace/.zig-cache/o/20c7abe6bc63b1d838ae667f9c893f65/SB6WM.BIN: entry_offset=0x18 image_size=2600 (content 2576 bytes from 2 PT_LOAD segment(s))
elf2bin: ./.zig-cache/o/a3a3a977bb0495cade7ccea98a5f6f50/user-tool -> /Users/tbuddy/t3/zig/virelaios-buffy-execrace/.zig-cache/o/73cc4f0d4aa7519714ba0c9d87e71bdb/TOOL.BIN: entry_offset=0x30 image_size=12336 text=12288 data=0 (bss tail 45608) from 3 PT_LOAD segment(s)
elf2bin: ./.zig-cache/o/9f84d74097d31b01342fad1cc0b33cd1/user-wnd -> /Users/tbuddy/t3/zig/virelaios-buffy-execrace/.zig-cache/o/ecfea99b0eb809a122d430f545681b7d/WND.BIN: entry_offset=0x30 image_size=54504 text=53248 data=1208 (bss tail 193864) from 3 PT_LOAD segment(s)
elf2bin: ./.zig-cache/o/85a4cd9400fa005cbfe576e998acc2ea/user-winmove -> /Users/tbuddy/t3/zig/virelaios-buffy-execrace/.zig-cache/o/3da9316b910ea44fc370412b0fc38fd9/WINMOVE.BIN: entry_offset=0x18 image_size=1340 (content 1316 bytes from 1 PT_LOAD segment(s))
elf2bin: ./.zig-cache/o/dfda978cd7d286384f2c9d3af551571f/user-spin -> /Users/tbuddy/t3/zig/virelaios-buffy-execrace/.zig-cache/o/92ec82b7a3eff27f4baa52f3f8081420/SPIN.BIN: entry_offset=0x18 image_size=132 (content 108 bytes from 1 PT_LOAD segment(s))
elf2bin: ./.zig-cache/o/b136dec05badf1289085ba564beb06d9/user-sb2-own -> /Users/tbuddy/t3/zig/virelaios-buffy-execrace/.zig-cache/o/f213332b31003054aa5a1490b9d5f0ed/SB2OWN.BIN: entry_offset=0x18 image_size=979 (content 955 bytes from 2 PT_LOAD segment(s))
elf2bin: ./.zig-cache/o/815a396c3450f6acad5ff6dfe5a2aa35/user-sb3-wm -> /Users/tbuddy/t3/zig/virelaios-buffy-execrace/.zig-cache/o/06c07728babe65f74f4457d4b774a2e5/SB3WM.BIN: entry_offset=0x18 image_size=1960 (content 1936 bytes from 2 PT_LOAD segment(s))
elf2bin: ./.zig-cache/o/1b085398c74ece005539f8aa0d7cf96d/user-resmon -> /Users/tbuddy/t3/zig/virelaios-buffy-execrace/.zig-cache/o/b7afed0c988e0b7eb7ee5c9850f982e1/RESMON.BIN: entry_offset=0x30 image_size=12336 text=12288 data=0 (bss tail 82800) from 3 PT_LOAD segment(s)
elf2bin: ./.zig-cache/o/2a87073889716615e58807b85df4645e/user-ps -> /Users/tbuddy/t3/zig/virelaios-buffy-execrace/.zig-cache/o/7cf268e94bc4c91866a2ee61dde73b56/PS.BIN: entry_offset=0x30 image_size=12336 text=12288 data=0 (bss tail 82800) from 3 PT_LOAD segment(s)
elf2bin: ./.zig-cache/o/37a262416819a2fa73bb98179b6dfcc9/user-counter -> /Users/tbuddy/t3/zig/virelaios-buffy-execrace/.zig-cache/o/d4cc14a9996d42f7ac5f4abf31576c1d/COUNTER.BIN: entry_offset=0x18 image_size=940 (content 916 bytes from 1 PT_LOAD segment(s))
elf2bin: ./.zig-cache/o/a26de40f97088f6c61ad5be41178a57c/user-ttyecho -> /Users/tbuddy/t3/zig/virelaios-buffy-execrace/.zig-cache/o/d120717308fb3a4ca325a1ba8dba6e76/TTYECHO.BIN: entry_offset=0x18 image_size=1280 (content 1256 bytes from 2 PT_LOAD segment(s))
elf2bin: ./.zig-cache/o/7a82a9e348b0ff1be6be1a0f421d918b/user-cryptod -> /Users/tbuddy/t3/zig/virelaios-buffy-execrace/.zig-cache/o/6598cb08417fe8abb1f315ca48e6d99f/CRYPTOD.BIN: entry_offset=0x18 image_size=2464 (content 2440 bytes from 2 PT_LOAD segment(s))
elf2bin: ./.zig-cache/o/4500050e4c12c471ad4a50b4a91f3736/user-fetch -> /Users/tbuddy/t3/zig/virelaios-buffy-execrace/.zig-cache/o/f1e171085ee12252f3d8da6ce2e81947/FETCH.BIN: entry_offset=0x18 image_size=2979 (content 2955 bytes from 2 PT_LOAD segment(s))
elf2bin: ./.zig-cache/o/650559db67fa6e9474f971cb942b62ad/user-asm -> /Users/tbuddy/t3/zig/virelaios-buffy-execrace/.zig-cache/o/b6fb04dbe9880d4f4353be16bcac0ae3/ASM.BIN: entry_offset=0x18 image_size=12690 (content 12666 bytes from 2 PT_LOAD segment(s))
elf2bin: ./.zig-cache/o/ce3f12fa6c4b2d4765c075921340de6d/user-wasm -> /Users/tbuddy/t3/zig/virelaios-buffy-execrace/.zig-cache/o/4769f98055355e33a94ae4e392ad2030/WASM.BIN: entry_offset=0x30 image_size=63456 text=32768 data=30640 (bss tail 152728) from 3 PT_LOAD segment(s)
elf2bin: ./.zig-cache/o/715dcf7614b404a09f46a0f6d4786e75/user-edit -> /Users/tbuddy/t3/zig/virelaios-buffy-execrace/.zig-cache/o/c98c993c7af2d12ed68d554c721d5f2e/EDIT.BIN: entry_offset=0x30 image_size=246160 text=49152 data=196960 (bss tail 115880) from 3 PT_LOAD segment(s)
elf2bin: ./.zig-cache/o/f8a4bf640aabd1bf6920e657a4e12997/user-sb6old -> /Users/tbuddy/t3/zig/virelaios-buffy-execrace/.zig-cache/o/5c09e153a6f63f9ba37475fe477726c6/SB6OLD.BIN: entry_offset=0x18 image_size=476 (content 452 bytes from 2 PT_LOAD segment(s))
elf2bin: ./.zig-cache/o/f6326ae90911d25d718eb9030dceb8ed/user-tcp -> /Users/tbuddy/t3/zig/virelaios-buffy-execrace/.zig-cache/o/c0523f5dd14b7d1bdd4e5b0eb0e2be09/TCP.BIN: entry_offset=0x18 image_size=267 (content 243 bytes from 1 PT_LOAD segment(s))
elf2bin: ./.zig-cache/o/3d48b34cef5e9e29309c8cebb2e319dc/user-harden -> /Users/tbuddy/t3/zig/virelaios-buffy-execrace/.zig-cache/o/305b1338cd9f137dfc6f42d4558387d7/HARDEN.BIN: entry_offset=0x18 image_size=714 (content 690 bytes from 2 PT_LOAD segment(s))
elf2bin: ./.zig-cache/o/22f2c412cf0535893b4619ba797e5b28/user-chime -> /Users/tbuddy/t3/zig/virelaios-buffy-execrace/.zig-cache/o/59ccb670bddffb8ee3ef4891bc6d5314/CHIME.BIN: entry_offset=0x18 image_size=8688 (content 8664 bytes from 2 PT_LOAD segment(s))
elf2bin: ./.zig-cache/o/5f423cd2bcff39b5eeedd7ae1789d015/user-smpst-file -> /Users/tbuddy/t3/zig/virelaios-buffy-execrace/.zig-cache/o/f74cc4ece21b550bbbcc717579c3e206/SMPFILE.BIN: entry_offset=0x30 image_size=4144 text=4096 data=0 (bss tail 4) from 3 PT_LOAD segment(s)
elf2bin: ./.zig-cache/o/b10cbf559546efa9371a23225b3f062a/user-calc -> /Users/tbuddy/t3/zig/virelaios-buffy-execrace/.zig-cache/o/2538ff01b7a6a96d3873b673dc712b21/CALC.BIN: entry_offset=0x30 image_size=82016 text=81920 data=48 (bss tail 81592) from 3 PT_LOAD segment(s)
elf2bin: ./.zig-cache/o/8471f38a195eccfe52a66d3dc6a2bea8/user-chat -> /Users/tbuddy/t3/zig/virelaios-buffy-execrace/.zig-cache/o/518a819313fc2c2dd6e9f8ef6d653bbe/CHAT.BIN: entry_offset=0x30 image_size=12336 text=12288 data=0 (bss tail 81584) from 3 PT_LOAD segment(s)
elf2bin: ./.zig-cache/o/59796706660e032ceaa043497a6c2b3d/user-download -> /Users/tbuddy/t3/zig/virelaios-buffy-execrace/.zig-cache/o/6e01a1d602ef1c2370391fb612ee1b8a/DOWNLOAD.BIN: entry_offset=0x18 image_size=3255 (content 3231 bytes from 2 PT_LOAD segment(s))
elf2bin: ./.zig-cache/o/e32cffb77c0972a1b684d6e612f58780/user-notepad -> /Users/tbuddy/t3/zig/virelaios-buffy-execrace/.zig-cache/o/2f656290f6f7217aec981c07c3b0a34f/NOTEPAD.BIN: entry_offset=0x30 image_size=28768 text=28672 data=48 (bss tail 81584) from 3 PT_LOAD segment(s)
elf2bin: ./.zig-cache/o/bec49f9cf0b11c241718b79df661508c/user-m21demo -> /Users/tbuddy/t3/zig/virelaios-buffy-execrace/.zig-cache/o/44bdb223c762982f59d00c29f0ef4858/M21DEMO.BIN: entry_offset=0x18 image_size=593 (content 569 bytes from 1 PT_LOAD segment(s))
elf2bin: ./.zig-cache/o/e739e6e5b18653a2d17fc4f9ed44894f/user-smpst-ev -> /Users/tbuddy/t3/zig/virelaios-buffy-execrace/.zig-cache/o/a4c82675c653ea38dc839f9d5b490f4b/SMPEV.BIN: entry_offset=0x30 image_size=4144 text=4096 data=0 (bss tail 4) from 3 PT_LOAD segment(s)
elf2bin: ./.zig-cache/o/b9525bd0dac19d67d54d4587e4ffe0bc/user-jingle -> /Users/tbuddy/t3/zig/virelaios-buffy-execrace/.zig-cache/o/6157a8815453148894b81ce72fb8590a/JINGLE.BIN: entry_offset=0x18 image_size=8624 (content 8600 bytes from 2 PT_LOAD segment(s))
elf2bin: ./.zig-cache/o/0790511b2272b0bfddda3017de3ac53f/user-wmrpc -> /Users/tbuddy/t3/zig/virelaios-buffy-execrace/.zig-cache/o/d28c6704e98ac66d08cf15eea2a24e34/WMRPC.BIN: entry_offset=0x18 image_size=4366 (content 4342 bytes from 2 PT_LOAD segment(s))
elf2bin: ./.zig-cache/o/1bdf58eb4561796c0752b3179bce4e8e/user-peer -> /Users/tbuddy/t3/zig/virelaios-buffy-execrace/.zig-cache/o/a97d46dadfaab1418458bf73b141274c/PEER.BIN: entry_offset=0x18 image_size=623 (content 599 bytes from 1 PT_LOAD segment(s))
elf2bin: ./.zig-cache/o/89ad2072ca22e4640c9b3d52b5eef2b8/user-sb5own -> /Users/tbuddy/t3/zig/virelaios-buffy-execrace/.zig-cache/o/f355a87d9336e0340bdddab706bc7594/SB5OWN.BIN: entry_offset=0x18 image_size=1141 (content 1117 bytes from 2 PT_LOAD segment(s))
elf2bin: ./.zig-cache/o/4ec49522a44bd496ce89941faac8c6ab/user-sb3-own -> /Users/tbuddy/t3/zig/virelaios-buffy-execrace/.zig-cache/o/f3e663e67a2ba757ba52dc2158a9d4e2/SB3OWN.BIN: entry_offset=0x18 image_size=1127 (content 1103 bytes from 2 PT_LOAD segment(s))
elf2bin: ./.zig-cache/o/ca195d2eceb96a9752526933ef9794fb/user-sexiburg -> /Users/tbuddy/t3/zig/virelaios-buffy-execrace/.zig-cache/o/aed2fd40e84805fb3eab4d9d9c7f883d/SEXIBURG.BIN: entry_offset=0x30 image_size=45104 text=45056 data=0 (bss tail 109392) from 3 PT_LOAD segment(s)
elf2bin: ./.zig-cache/o/3200644be6c6c9c64293af4c7e569a3a/user-ssh -> /Users/tbuddy/t3/zig/virelaios-buffy-execrace/.zig-cache/o/3658f684dc1b0a7b06ebaa76d1b97f44/SSH.BIN: entry_offset=0x30 image_size=61488 text=61440 data=0 (bss tail 116160) from 3 PT_LOAD segment(s)
elf2bin: ./.zig-cache/o/578dedec6b876ac1b259cb0bbc34557c/user-httpd -> /Users/tbuddy/t3/zig/virelaios-buffy-execrace/.zig-cache/o/83d31f364a0fb573ed6220c523b612a4/HTTPD.BIN: entry_offset=0x18 image_size=15305 (content 15281 bytes from 2 PT_LOAD segment(s))
elf2bin: ./.zig-cache/o/21e07034dd523443073e25392aaffc22/user-smp1 -> /Users/tbuddy/t3/zig/virelaios-buffy-execrace/.zig-cache/o/31f49d32f571c65ef4cd8ba6fac6a152/SMP1.BIN: entry_offset=0x18 image_size=159 (content 135 bytes from 1 PT_LOAD segment(s))
elf2bin: ./.zig-cache/o/d093f97120e181b03b5da708138f1750/user-smpst-net -> /Users/tbuddy/t3/zig/virelaios-buffy-execrace/.zig-cache/o/06990b4b6f1602b54c39796f40adfaa5/SMPNET.BIN: entry_offset=0x30 image_size=4144 text=4096 data=0 (bss tail 4) from 3 PT_LOAD segment(s)
elf2bin: ./.zig-cache/o/dd8bd0e2258ff58585aeda96da65f84f/user-disas -> /Users/tbuddy/t3/zig/virelaios-buffy-execrace/.zig-cache/o/8644dcba8893298d95621d7d4e577afe/DISAS.BIN: entry_offset=0x18 image_size=6496 (content 6472 bytes from 2 PT_LOAD segment(s))
elf2bin: ./.zig-cache/o/de16fcf156deac2dd85a82409d5cc598/user-vmtest -> /Users/tbuddy/t3/zig/virelaios-buffy-execrace/.zig-cache/o/d369cb79e65686a749e7b4ce33765353/VMTEST.BIN: entry_offset=0x18 image_size=968 (content 944 bytes from 2 PT_LOAD segment(s))
elf2bin: ./.zig-cache/o/72c886fbf41911f813c8fef28c0c2cb3/user-hardening-victim -> /Users/tbuddy/t3/zig/virelaios-buffy-execrace/.zig-cache/o/4bbb7e7c045ef4f0b880a7af2e55b6f1/VICTIM.BIN: entry_offset=0x30 image_size=4144 text=4096 data=0 (bss tail 1112) from 3 PT_LOAD segment(s)
elf2bin: ./.zig-cache/o/69e7e911bbd64b98204f8b4d55045a49/user-tabhold -> /Users/tbuddy/t3/zig/virelaios-buffy-execrace/.zig-cache/o/3cae90de843db5c13c34b13ca1c792f4/TABHOLD.BIN: entry_offset=0x18 image_size=2440 (content 2416 bytes from 2 PT_LOAD segment(s))
elf2bin: ./.zig-cache/o/81306e6d2af1a169e5ed328b1da63070/user-timertest -> /Users/tbuddy/t3/zig/virelaios-buffy-execrace/.zig-cache/o/056ab7d1fecdea299e046dda34dbe99e/TIMER.BIN: entry_offset=0x18 image_size=1129 (content 1105 bytes from 2 PT_LOAD segment(s))
elf2bin: ./.zig-cache/o/cb42fcb4faf202f14617528acbbc7e7e/user-globals -> /Users/tbuddy/t3/zig/virelaios-buffy-execrace/.zig-cache/o/855197b022a9aac0ebdc322c47d070e1/GLOBALS.BIN: entry_offset=0x30 image_size=28728 text=28672 data=8 (bss tail 4104) from 3 PT_LOAD segment(s)
elf2bin: ./.zig-cache/o/0a584d257a46faf51630c4a2daaf509f/user-tabwm -> /Users/tbuddy/t3/zig/virelaios-buffy-execrace/.zig-cache/o/9b52bc6ccaefcedc782aa5b89c0799b8/TABWM.BIN: entry_offset=0x30 image_size=45152 text=45056 data=48 (bss tail 96792) from 3 PT_LOAD segment(s)
elf2bin: ./.zig-cache/o/0f36a2d2125b73b943573a2da3c92b18/user-desktop -> /Users/tbuddy/t3/zig/virelaios-buffy-execrace/.zig-cache/o/e25eb3bad7af1427a915dbe3afcf4a18/DESKTOP.BIN: entry_offset=0x30 image_size=20528 text=20480 data=0 (bss tail 81584) from 3 PT_LOAD segment(s)
elf2bin: ./.zig-cache/o/946a4911a1600e85af8940c2deb4a330/user-ping -> /Users/tbuddy/t3/zig/virelaios-buffy-execrace/.zig-cache/o/af9170363eac925fd2b1bad021515c5a/PING.BIN: entry_offset=0x18 image_size=5670 (content 5646 bytes from 2 PT_LOAD segment(s))
elf2bin: ./.zig-cache/o/ccc575b075304e07908feff26cf8dea3/user-savetext -> /Users/tbuddy/t3/zig/virelaios-buffy-execrace/.zig-cache/o/4af98716f37fbe66c4efe88b01493aee/SAVETEXT.BIN: entry_offset=0x18 image_size=225 (content 201 bytes from 1 PT_LOAD segment(s))
elf2bin: ./.zig-cache/o/8cfcfc36b09cd6c648ec0ce21e42f086/user-zc -> /Users/tbuddy/t3/zig/virelaios-buffy-execrace/.zig-cache/o/60d17fdb062f7a7caced7653f0fa1f06/ZC.BIN: entry_offset=0x30 image_size=32816 text=32768 data=0 (bss tail 216184) from 3 PT_LOAD segment(s)
elf2bin: ./.zig-cache/o/c5b8a179727899bed672d4abbc4bbad9/user-top -> /Users/tbuddy/t3/zig/virelaios-buffy-execrace/.zig-cache/o/a3f462b41f2302a6fde34c0c49da2284/TOP.BIN: entry_offset=0x30 image_size=28768 text=28672 data=48 (bss tail 81584) from 3 PT_LOAD segment(s)
elf2bin: ./.zig-cache/o/b583f65c3ce217d29f3b599456068c20/user-view -> /Users/tbuddy/t3/zig/virelaios-buffy-execrace/.zig-cache/o/26c0d62f501545fd257bf857908ca3c3/VIEW.BIN: entry_offset=0x30 image_size=28904 text=28672 data=184 (bss tail 89880) from 3 PT_LOAD segment(s)
elf2bin: ./.zig-cache/o/0c58d2ed3d13a51688396ab46dcbf43c/user-term -> /Users/tbuddy/t3/zig/virelaios-buffy-execrace/.zig-cache/o/fa4281e8e0c89037754f27182a99a546/TERM.BIN: entry_offset=0x30 image_size=94264 text=94208 data=8 (bss tail 78712) from 3 PT_LOAD segment(s)
elf2bin: ./.zig-cache/o/a82ce1f1db86c4c13e13ec2050fda7ee/virelai-kernel -> /Users/tbuddy/t3/zig/virelaios-buffy-execrace/.zig-cache/o/279f0f4fb078f9bb73319bc64ba1e0d5/KERNEL.BIN: entry_offset=0x28 image_size=12496664 (4 PT_LOAD segment(s), 117 absolute reloc(s))
make-image: building FAT32+GPT boot image 'artifacts/disk.img' (0 MiB)...
mkfat32: wrote artifacts/disk.img.tmp (174592 EFI + 12496664 kernel bytes)
make-image: verifying image contents...
size: 35364864 bytes (69072 sectors)
LBA0: MBR present
GPT: valid signature, header crc32=0xde33e5c4
GPT: ESP partition at LBA 2048, 67024 sectors
FAT: boot sig ok, label='VIRELAIOS', 512-byte sectors, 1 sector/cluster, 32 reserved, 2 FATs x 516 sectors, root cluster 2
FAT: directory tree:
  EFI/
    BOOT/
      BOOTAA64.EFI  (174592 bytes)
  KERNEL.BIN  (12496664 bytes)
make-image: done.
Building for production...
[Planning deferred tasks]
[14 / 26]
[15 / 27] VFWire
[26 / 62]
[33 / 62]
[35 / 62]
[39 / 62]
[42 / 62]
[47 / 62]
[48 / 62]
[49 / 62]
[50 / 62]
[51 / 62] VFWire
[58 / 63] VMRunner-product
[77 / 107]
[81 / 107]
[86 / 107]
[91 / 107]
[94 / 107]
[96 / 107]
[98 / 107]
[99 / 107]
[101 / 107]
[102 / 107]
[103 / 107] VMRunner-product
/Users/tbuddy/t3/zig/virelaios-buffy-execrace/host/vm-runner/Sources/VMRunner/main.swift:1987:79: [1;33mwarning: [1;39m'activateIgnoringOtherApps' was deprecated in macOS 14.0: ignoringOtherApps is deprecated in macOS 14 and will have no effect.[0;0m [#]8;;https://docs.swift.org/compiler/documentation/diagnostics/deprecated-declaration\DeprecatedDeclaration]8;;\]
[0;36m1985 |[0;0m         NSApp.activate(ignoringOtherApps: true)
[0;36m1986 |[0;0m         NSApp.activate()
[0;36m1987 |[0;0m         NSRunningApplication.current.activate(options: [.activateAllWindows, .activateIgnoringOtherApps])
     [0;36m|[0;0m                                                                               `- [1;33mwarning: [1;39m'activateIgnoringOtherApps' was deprecated in macOS 14.0: ignoringOtherApps is deprecated in macOS 14 and will have no effect.[0;0m [#]8;;https://docs.swift.org/compiler/documentation/diagnostics/deprecated-declaration\DeprecatedDeclaration]8;;\]
[0;36m1988 |[0;0m         // Re-assert after the run loop has a chance to complete the
[0;36m1989 |[0;0m         // activation (async on macOS), so the first synthesized event

/Users/tbuddy/t3/zig/virelaios-buffy-execrace/host/vm-runner/Sources/VMRunner/main.swift:1995:83: [1;33mwarning: [1;39m'activateIgnoringOtherApps' was deprecated in macOS 14.0: ignoringOtherApps is deprecated in macOS 14 and will have no effect.[0;0m [#]8;;https://docs.swift.org/compiler/documentation/diagnostics/deprecated-declaration\DeprecatedDeclaration]8;;\]
[0;36m1993 |[0;0m             NSApp.activate(ignoringOtherApps: true)
[0;36m1994 |[0;0m             NSApp.activate()
[0;36m1995 |[0;0m             NSRunningApplication.current.activate(options: [.activateAllWindows, .activateIgnoringOtherApps])
     [0;36m|[0;0m                                                                                   `- [1;33mwarning: [1;39m'activateIgnoringOtherApps' was deprecated in macOS 14.0: ignoringOtherApps is deprecated in macOS 14 and will have no effect.[0;0m [#]8;;https://docs.swift.org/compiler/documentation/diagnostics/deprecated-declaration\DeprecatedDeclaration]8;;\]
[0;36m1996 |[0;0m             pmo("diag key-after-activate=\(window.isKeyWindow) main=\(window.isMainWindow) active=\(NSApp.isActive) visible=\(window.isVisible) onscreen=\(window.isOnActiveSpace)")
[0;36m1997 |[0;0m         }

/Users/tbuddy/t3/zig/virelaios-buffy-execrace/host/vm-runner/Sources/VMRunner/main.swift:2555:6: [1;33mwarning: [1;39mconcurrently-executed global function 'requestTeeStop()' must be marked as '@Sendable'; this is an error in the Swift 6 language mode[0;0m
[0;36m2553 |[0;0m var teeStopRequested = false
[0;36m2554 |[0;0m 
[0;36m2555 |[0;0m func requestTeeStop() {
     [0;36m|[0;0m      `- [1;33mwarning: [1;39mconcurrently-executed global function 'requestTeeStop()' must be marked as '@Sendable'; this is an error in the Swift 6 language mode[0;0m
[0;36m2556 |[0;0m     teeStopLock.lock()
[0;36m2557 |[0;0m     teeStopRequested = true

/Users/tbuddy/t3/zig/virelaios-buffy-execrace/host/vm-runner/Sources/VMRunner/main.swift:2694:6: [1;33mwarning: [1;39mconcurrently-executed global function 'hexDecode' must be marked as '@Sendable'; this is an error in the Swift 6 language mode[0;0m
[0;36m2692 |[0;0m }
[0;36m2693 |[0;0m 
[0;36m2694 |[0;0m func hexDecode(_ s: String) -> [UInt8]? {
     [0;36m|[0;0m      `- [1;33mwarning: [1;39mconcurrently-executed global function 'hexDecode' must be marked as '@Sendable'; this is an error in the Swift 6 language mode[0;0m
[0;36m2695 |[0;0m     let chars = Array(s.utf8)
[0;36m2696 |[0;0m     guard chars.count % 2 == 0 else { return nil }

/Users/tbuddy/t3/zig/virelaios-buffy-execrace/host/vm-runner/Sources/VMRunner/main.swift:2683:6: [1;33mwarning: [1;39mconcurrently-executed global function 'hexString' must be marked as '@Sendable'; this is an error in the Swift 6 language mode[0;0m
[0;36m2681 |[0;0m // answer. Lower-case hex of a byte array; the inverse decode; and the
[0;36m2682 |[0;0m // `VIRELAIOS-AUTH/1 <scheme> <hex-challenge>` line parser/answer.
[0;36m2683 |[0;0m func hexString(_ bytes: [UInt8]) -> String {
     [0;36m|[0;0m      `- [1;33mwarning: [1;39mconcurrently-executed global function 'hexString' must be marked as '@Sendable'; this is an error in the Swift 6 language mode[0;0m
[0;36m2684 |[0;0m     let digits = Array("0123456789abcdef")
[0;36m2685 |[0;0m     var out = ""

/Users/tbuddy/t3/zig/virelaios-buffy-execrace/host/vm-runner/Sources/VMRunner/main.swift:5905:22: [1;33mwarning: [1;39mno calls to throwing functions occur within 'try' expression[0;0m [#]8;;https://docs.swift.org/compiler/documentation/diagnostics/unnecessary-effect-marker\UnnecessaryEffectMarker]8;;\]
[0;36m5903 |[0;0m             // injected newlines, so the capture stays byte-faithful.
[0;36m5904 |[0;0m             if let h = cvcConsoleFileHandle {
[0;36m5905 |[0;0m                 do { try h.write(Data(bytes)) } catch {
     [0;36m|[0;0m                      `- [1;33mwarning: [1;39mno calls to throwing functions occur within 'try' expression[0;0m [#]8;;https://docs.swift.org/compiler/documentation/diagnostics/unnecessary-effect-marker\UnnecessaryEffectMarker]8;;\]
[0;36m5906 |[0;0m                     print("CUSTOM-VIRTIO-CONSOLE: file write FAILED: \(error)")
[0;36m5907 |[0;0m                 }

/Users/tbuddy/t3/zig/virelaios-buffy-execrace/host/vm-runner/Sources/VMRunner/main.swift:5905:49: [1;33mwarning: [1;39m'catch' block is unreachable because no errors are thrown in 'do' block[0;0m
[0;36m5903 |[0;0m             // injected newlines, so the capture stays byte-faithful.
[0;36m5904 |[0;0m             if let h = cvcConsoleFileHandle {
[0;36m5905 |[0;0m                 do { try h.write(Data(bytes)) } catch {
     [0;36m|[0;0m                                                 `- [1;33mwarning: [1;39m'catch' block is unreachable because no errors are thrown in 'do' block[0;0m
[0;36m5906 |[0;0m                     print("CUSTOM-VIRTIO-CONSOLE: file write FAILED: \(error)")
[0;36m5907 |[0;0m                 }

[#DeprecatedDeclaration]: <https://docs.swift.org/compiler/documentation/diagnostics/deprecated-declaration>
[#UnnecessaryEffectMarker]: <https://docs.swift.org/compiler/documentation/diagnostics/unnecessary-effect-marker>
[105 / 107] VMRunner-product
[106 / 107] VMRunner-product
Build complete! (14.79 sec)
host/vm-runner/.build/release/VMRunner: replacing existing signature
gate-run: share armed (empty) at /var/folders/p_/h710w89x7b16x249r_061lkw0000gn/T//virelai-live-jobs.9zoD4W/share
mkhello-elf: wrote /var/folders/p_/h710w89x7b16x249r_061lkw0000gn/T//virelai-live-jobs.9zoD4W/share/HELLO.ELF (142 bytes; entry=0x400000 filesz=58)
mkhello-elf: wrote /var/folders/p_/h710w89x7b16x249r_061lkw0000gn/T//virelai-live-jobs.9zoD4W/share/CRASH.ELF (332 bytes; BRK inside 'crasher' at +4 -> tombstone note '(in crasher+0x4)')
Generated /var/folders/p_/h710w89x7b16x249r_061lkw0000gn/T//virelai-live-jobs.9zoD4W/share/LIBUI.SO (1240 bytes)
Generated /var/folders/p_/h710w89x7b16x249r_061lkw0000gn/T//virelai-live-jobs.9zoD4W/share/LIBFONT.SO (456 bytes)
Generated /var/folders/p_/h710w89x7b16x249r_061lkw0000gn/T//virelai-live-jobs.9zoD4W/share/PLUGIN.SO (480 bytes)
Generated /var/folders/p_/h710w89x7b16x249r_061lkw0000gn/T//virelai-live-jobs.9zoD4W/share/DYNAPP.ELF (8192 bytes)
Generated /var/folders/p_/h710w89x7b16x249r_061lkw0000gn/T//virelai-live-jobs.9zoD4W/share/CALC.ELF (8192 bytes)
Generated /var/folders/p_/h710w89x7b16x249r_061lkw0000gn/T//virelai-live-jobs.9zoD4W/share/NOTEPAD.ELF (8192 bytes)
Generated /var/folders/p_/h710w89x7b16x249r_061lkw0000gn/T//virelai-live-jobs.9zoD4W/share/FILE.ELF (8192 bytes)
Generated /var/folders/p_/h710w89x7b16x249r_061lkw0000gn/T//virelai-live-jobs.9zoD4W/share/DESKTOP.ELF (8192 bytes)
gate-run: share seeded at /var/folders/p_/h710w89x7b16x249r_061lkw0000gn/T//virelai-live-jobs.9zoD4W/share (99 files, 23 APPS.TXT entries)
run dir: /var/folders/p_/h710w89x7b16x249r_061lkw0000gn/T//virelai-live-jobs.9zoD4W

=== live-jobs run 01 ===
01: runner-rc=0
  serial-contains [VirelaiOS kernel]=1
  serial-contains [fg: job 1 still running]=1
  serial-contains [jobs-done]=1
jobs lines ok
  python [01] PASS
01: PASS

=== result ===
vgate live-jobs: PASS (1/1 runs)
--- [1/1] PASS live-jobs (35s)

FLEET RESULT: 1/1 PASS
