DipshitOS kernel has seized control.
memory-map descriptors=0x0000000000000019 descriptor_size=0x0000000000000030 version=0x0000000000000001 key=0x00000000000002ff
map type=0x0000000000000007 base=0x0000000070000000 pages=0x0000000000008000 attr=0x0000000000000008
map type=0x0000000000000004 base=0x0000000078000000 pages=0x0000000000000020 attr=0x0000000000000008
map type=0x0000000000000007 base=0x0000000078020000 pages=0x0000000000005b54 attr=0x0000000000000008
map type=0x0000000000000002 base=0x000000007db74000 pages=0x0000000000000007 attr=0x0000000000000008
map type=0x0000000000000001 base=0x000000007db7b000 pages=0x0000000000000a13 attr=0x0000000000000008
map type=0x0000000000000003 base=0x000000007e58e000 pages=0x0000000000000072 attr=0x0000000000000008
map type=0x0000000000000000 base=0x000000007e600000 pages=0x0000000000000040 attr=0x0000000000000008
map type=0x0000000000000006 base=0x000000007e640000 pages=0x0000000000000050 attr=0x8000000000000008
map type=0x0000000000000007 base=0x000000007e690000 pages=0x0000000000000489 attr=0x0000000000000008
map type=0x0000000000000004 base=0x000000007eb19000 pages=0x0000000000000d77 attr=0x0000000000000008
map type=0x0000000000000003 base=0x000000007f890000 pages=0x0000000000000200 attr=0x0000000000000008
map type=0x0000000000000005 base=0x000000007fa90000 pages=0x0000000000000090 attr=0x8000000000000008
map type=0x0000000000000007 base=0x000000007fb20000 pages=0x0000000000000030 attr=0x0000000000000008
map type=0x0000000000000006 base=0x000000007fb50000 pages=0x0000000000000020 attr=0x8000000000000008
map type=0x0000000000000007 base=0x000000007fb70000 pages=0x000000000000002f attr=0x0000000000000008
map type=0x0000000000000009 base=0x000000007fb9f000 pages=0x0000000000000001 attr=0x0000000000000008
map type=0x0000000000000007 base=0x000000007fba0000 pages=0x0000000000000019 attr=0x0000000000000008
map type=0x0000000000000004 base=0x000000007fbb9000 pages=0x0000000000000021 attr=0x0000000000000008
map type=0x0000000000000003 base=0x000000007fbda000 pages=0x0000000000000026 attr=0x0000000000000008
map type=0x0000000000000004 base=0x000000007fc00000 pages=0x00000000000003c7 attr=0x0000000000000008
map type=0x0000000000000007 base=0x000000007ffc7000 pages=0x0000000000000010 attr=0x0000000000000008
map type=0x0000000000000003 base=0x000000007ffd7000 pages=0x0000000000000020 attr=0x0000000000000008
map type=0x0000000000000004 base=0x000000007fff7000 pages=0x0000000000000009 attr=0x0000000000000008
map type=0x000000000000000b base=0x0000000001000000 pages=0x0000000000000010 attr=0x8000000000000001
map type=0x000000000000000b base=0x0000000020050000 pages=0x0000000000000001 attr=0x8000000000000001
probe base=0x0000000100010000 layout=virtio-console
 records=0x0000000000000000
interrupts: gic=v3 armed=1 dist=0x0000000010000000 redist=0x0000000010010000 active=0x0000000010010000 fallback=1 ppi=0x000000000000001e edge=0 freq=0x00000000016e3600
esp window: esp=0x000000000000002a disk=1
kernel terminal state
cvspike: probe dev=0x0000000000000020 common=0x0000000000000000 notify=0x0000000000000000 bar=0x0000000000000000 b0=0x0000000000000000 b2=0x0000000000000000 cp=0x0000000000000000 nc=0x0000000000000000
cvspike: walk console-bar va=0x0000000100010000 l3=0x0000000100010403 ok
cvspike: walk cv-bar va=0x0000000000000000 l2=0x0000000000000401 ok
cvspike: init failed (transport not armed)
entropy: pre-rearm st=00
entropy: seeded n=64
aslr: boot user stack=0x0000000073d00000
DipshitOS - AArch64 firmware-assisted kernel monitor
DipshitOS: terminal loop, meet the monitor.
motd: aarch64 el1 kernel live; scheduler, uaccess, fs, net, gfx, xhci armed.
Type 'help' before touching anything expensive.
[32mdipshit> [0mexec COUNTER.BIN &
exec: loaded COUNTER.BIN size=0x0000000000000394 entry=0x0000000000400000 stack=0x000000006dd00000 head=0xf40300aaf50301aa
[1] running: COUNTER.BIN
[32mdipshit> [0mjobs
[1] Running: COUNTER.BIN
syscall: write ok n=23
uaccess: efault ok n=8
counter: alive
[32mdipshit> [0mexec STATUS43.BIN &
exec: loaded STATUS43.BIN size=0x000000000000006e entry=0x0000000000400000 stack=0x000000007fff0000 head=0x200080d241020010
[2] running: STATUS43.BIN
[32mdipshit> [0mecho filler-1
filler-1
[32mdipshit> [0mecho filler-2
filler-2
[32mdipshit> [0mfg 1
counter: alive
status43: alive
counter: alive
fg: job 1 still running
[31mdipshit> [0mecho drain-a
drain-a
[32mdipshit> [0mecho drain-b
drain-b
[32mdipshit> [0mfg 2
counter: alive
status43: exiting
[2] Done: STATUS43.BIN (exit=43)
[31mdipshit> [0mecho drain-c
drain-c
[32mdipshit> [0mecho jobs-done
jobs-done
[32mdipshit> [0mtimer irq delivered ppi=0x1e irq_ticks=1
timer heartbeat ticks=10 irq=10 poll=0
tasks worker advances=64
tasks user-el0 exited status=7
tasks user-exec exited status=43
procs user-el0 exited status=7
procs STATUS43.BIN exited status=43
tasks user-el0 reaped
tasks user-exec reaped
tasks user-exec sleeping 6 ticks
userspace: el0=1 svc=2 roundtrips=1 arg=2 result=2 rejected=0
