=== vgate live-ssh-endpoint: M51 SSH5: SSH.BIN KEX+publickey+exec against the runner's pinned SSH-2 responder ===
spec: tools/gate/specs/live-ssh-endpoint.spec
revision: ec354d09efde9de9b3a55621c0403663b7ce2d2c branch=t3code/m51-interop dirty-files=4
elf2bin: ./.zig-cache/o/3ae9e1abbae0eed85abded71693257ca/user-dir -> /Users/tbuddy/.t3/worktrees/dipshitos/t3code-d2623134/.zig-cache/o/1593d6c1933c668c02deea86c2dd6465/DIR.BIN: entry_offset=0x18 image_size=248 (content 224 bytes from 1 PT_LOAD segment(s))
elf2bin: ./.zig-cache/o/956d9b9ff9997d1e2fc69ed540c99c1c/user-desktop -> /Users/tbuddy/.t3/worktrees/dipshitos/t3code-d2623134/.zig-cache/o/74165205b11625e521d3509006b150ad/DESKTOP.BIN: entry_offset=0x30 image_size=20528 text=20480 data=0 (bss tail 81584) from 3 PT_LOAD segment(s)
elf2bin: ./.zig-cache/o/ab63a48cbcc5ff3e28c8bad0f3b05384/user-winloop -> /Users/tbuddy/.t3/worktrees/dipshitos/t3code-d2623134/.zig-cache/o/e3c14be7d4ffe201158e5a8ce7085ba8/WINLOOP.BIN: entry_offset=0x18 image_size=417 (content 393 bytes from 1 PT_LOAD segment(s))
elf2bin: ./.zig-cache/o/1b8a3394452575b2b8b53a10dcb048e6/user-keytest -> /Users/tbuddy/.t3/worktrees/dipshitos/t3code-d2623134/.zig-cache/o/7c892d01d5d4ca99c32ba86d073cfa26/KEYTEST.BIN: entry_offset=0x18 image_size=645 (content 621 bytes from 1 PT_LOAD segment(s))
elf2bin: ./.zig-cache/o/25fbaebe7c86eef887ee3ab2fa0be3cb/user-smpst-win -> /Users/tbuddy/.t3/worktrees/dipshitos/t3code-d2623134/.zig-cache/o/a1328543b8a934ca842b4c50da534f2a/SMPWIN.BIN: entry_offset=0x30 image_size=4144 text=4096 data=0 (bss tail 4) from 3 PT_LOAD segment(s)
elf2bin: ./.zig-cache/o/6592353a864e3c8bf8586394d5b92d13/user-view -> /Users/tbuddy/.t3/worktrees/dipshitos/t3code-d2623134/.zig-cache/o/015f34f4e7588dc03d433ed6032856ff/VIEW.BIN: entry_offset=0x30 image_size=28904 text=28672 data=184 (bss tail 89880) from 3 PT_LOAD segment(s)
elf2bin: ./.zig-cache/o/649087f3394f67f23ba9718c5e4390b9/user-sexiburg -> /Users/tbuddy/.t3/worktrees/dipshitos/t3code-d2623134/.zig-cache/o/65d8708cd3f9b15bf95132c10f5b089d/SEXIBURG.BIN: entry_offset=0x30 image_size=45104 text=45056 data=0 (bss tail 109392) from 3 PT_LOAD segment(s)
elf2bin: ./.zig-cache/o/1feb71a121ccffca06af1517fe7eb354/user-winmove -> /Users/tbuddy/.t3/worktrees/dipshitos/t3code-d2623134/.zig-cache/o/bf9cc9b2a3bcf5c46f8063b142dd6131/WINMOVE.BIN: entry_offset=0x18 image_size=1340 (content 1316 bytes from 1 PT_LOAD segment(s))
elf2bin: ./.zig-cache/o/b01b69c885b864725380193a855885a8/user-tool -> /Users/tbuddy/.t3/worktrees/dipshitos/t3code-d2623134/.zig-cache/o/acba69ab032ee4041ad1bd6345e398db/TOOL.BIN: entry_offset=0x30 image_size=12336 text=12288 data=0 (bss tail 45608) from 3 PT_LOAD segment(s)
elf2bin: ./.zig-cache/o/0aef059ba2b627dd4868175effdadad9/user-sb6wm -> /Users/tbuddy/.t3/worktrees/dipshitos/t3code-d2623134/.zig-cache/o/a91acf49c15c4c11b72cf031cd142c63/SB6WM.BIN: entry_offset=0x18 image_size=2600 (content 2576 bytes from 2 PT_LOAD segment(s))
elf2bin: ./.zig-cache/o/10fea6e70480159f49ab843685daa74c/user-netstat -> /Users/tbuddy/.t3/worktrees/dipshitos/t3code-d2623134/.zig-cache/o/dd5b1831aaa4c8a5e0e33391ad8267bd/NETSTAT.BIN: entry_offset=0x30 image_size=16432 text=16384 data=0 (bss tail 81824) from 3 PT_LOAD segment(s)
elf2bin: ./.zig-cache/o/2da0c302a8312456f8675ca7afacff2c/user-wmrpc -> /Users/tbuddy/.t3/worktrees/dipshitos/t3code-d2623134/.zig-cache/o/a6e578f1189f08b26c2ad0bcb88784af/WMRPC.BIN: entry_offset=0x18 image_size=4366 (content 4342 bytes from 2 PT_LOAD segment(s))
elf2bin: ./.zig-cache/o/06e2f20be1115d39b4d45cf163c1d351/virelai-kernel -> /Users/tbuddy/.t3/worktrees/dipshitos/t3code-d2623134/.zig-cache/o/c4f9e4865a248d1441760af3ff1b3e95/KERNEL.BIN: entry_offset=0x28 image_size=12496664 (4 PT_LOAD segment(s), 117 absolute reloc(s))
elf2bin: ./.zig-cache/o/7ccc60be29ad19b386e772e4192429de/user-ttyed -> /Users/tbuddy/.t3/worktrees/dipshitos/t3code-d2623134/.zig-cache/o/5af152b2dd2beca4c89a327119750d89/TTYED.BIN: entry_offset=0x18 image_size=8477 (content 8453 bytes from 2 PT_LOAD segment(s))
elf2bin: ./.zig-cache/o/21791e33f4c67285bd90a3536f4135f7/user-notepad -> /Users/tbuddy/.t3/worktrees/dipshitos/t3code-d2623134/.zig-cache/o/ace8e8f2b8a08844c935f1664620c484/NOTEPAD.BIN: entry_offset=0x30 image_size=28768 text=28672 data=48 (bss tail 81584) from 3 PT_LOAD segment(s)
elf2bin: ./.zig-cache/o/2f1c257431168174bfcbf480287c458a/user-globals -> /Users/tbuddy/.t3/worktrees/dipshitos/t3code-d2623134/.zig-cache/o/3b02dd6d7f937f7cba042d38c217a3ad/GLOBALS.BIN: entry_offset=0x30 image_size=28728 text=28672 data=8 (bss tail 4104) from 3 PT_LOAD segment(s)
elf2bin: ./.zig-cache/o/ef5aaae12752b368b43f5c30fab51dc2/user-sb2-wm -> /Users/tbuddy/.t3/worktrees/dipshitos/t3code-d2623134/.zig-cache/o/35ed40c7afe0bebfd215816b3e17a825/SB2WM.BIN: entry_offset=0x18 image_size=1824 (content 1800 bytes from 2 PT_LOAD segment(s))
elf2bin: ./.zig-cache/o/0943b0160d77f2fd5808ecabf7722474/user-ping -> /Users/tbuddy/.t3/worktrees/dipshitos/t3code-d2623134/.zig-cache/o/1f1e9719338f61d183897c2eec967e56/PING.BIN: entry_offset=0x18 image_size=5670 (content 5646 bytes from 2 PT_LOAD segment(s))
elf2bin: ./.zig-cache/o/c021e9aad7e9261cd5a862daec702e28/user-chime -> /Users/tbuddy/.t3/worktrees/dipshitos/t3code-d2623134/.zig-cache/o/d2d2e3613d0d2bb5e688e73609ca4301/CHIME.BIN: entry_offset=0x18 image_size=8688 (content 8664 bytes from 2 PT_LOAD segment(s))
elf2bin: ./.zig-cache/o/2c44c2c01ecb2f73afa48c6c8c0caeac/user-tcp -> /Users/tbuddy/.t3/worktrees/dipshitos/t3code-d2623134/.zig-cache/o/0deb84b71cb03af579aa47cbf7ed19d9/TCP.BIN: entry_offset=0x18 image_size=267 (content 243 bytes from 1 PT_LOAD segment(s))
elf2bin: ./.zig-cache/o/260d0652b492ad6cfc53a0ac0c853a99/user-sb3-wm -> /Users/tbuddy/.t3/worktrees/dipshitos/t3code-d2623134/.zig-cache/o/1ea405c2d4d8c5604bb099c0569886b6/SB3WM.BIN: entry_offset=0x18 image_size=1960 (content 1936 bytes from 2 PT_LOAD segment(s))
elf2bin: ./.zig-cache/o/9d4a6cf9061b22d19c29eaaf710b1d2d/user-smpst-ev -> /Users/tbuddy/.t3/worktrees/dipshitos/t3code-d2623134/.zig-cache/o/23d1493eb9c4445e1d7cd910e0134869/SMPEV.BIN: entry_offset=0x30 image_size=4144 text=4096 data=0 (bss tail 4) from 3 PT_LOAD segment(s)
elf2bin: ./.zig-cache/o/4fe9be26c4035ce26c04d5966c1fab2e/user-sb6new -> /Users/tbuddy/.t3/worktrees/dipshitos/t3code-d2623134/.zig-cache/o/cb6063a132c5e68281e493adea93c465/SB6NEW.BIN: entry_offset=0x18 image_size=1273 (content 1249 bytes from 2 PT_LOAD segment(s))
elf2bin: ./.zig-cache/o/a9ed6544073e33eb985d07dab4d8bd21/user-tabhold -> /Users/tbuddy/.t3/worktrees/dipshitos/t3code-d2623134/.zig-cache/o/6533c0eb1f16d82abb1a7875311ab91f/TABHOLD.BIN: entry_offset=0x18 image_size=2440 (content 2416 bytes from 2 PT_LOAD segment(s))
elf2bin: ./.zig-cache/o/e3aa96498e92195d528b99c7d62814a9/user-peer -> /Users/tbuddy/.t3/worktrees/dipshitos/t3code-d2623134/.zig-cache/o/c53e89a302f73d857777f5bf22ae246d/PEER.BIN: entry_offset=0x18 image_size=623 (content 599 bytes from 1 PT_LOAD segment(s))
elf2bin: ./.zig-cache/o/139863830249709f49580408fedb85d1/user-counter -> /Users/tbuddy/.t3/worktrees/dipshitos/t3code-d2623134/.zig-cache/o/f2d149de15d2e809a88ee307719676c0/COUNTER.BIN: entry_offset=0x18 image_size=940 (content 916 bytes from 1 PT_LOAD segment(s))
elf2bin: ./.zig-cache/o/a276dd1cb73019661fc7f8b788e8aa6e/user-timertest -> /Users/tbuddy/.t3/worktrees/dipshitos/t3code-d2623134/.zig-cache/o/2d89d3697adcb9e8797ed75d311d4935/TIMER.BIN: entry_offset=0x18 image_size=1129 (content 1105 bytes from 2 PT_LOAD segment(s))
elf2bin: ./.zig-cache/o/278c8d9ad2164c40dbf0cb29f88e45b2/user-winclose -> /Users/tbuddy/.t3/worktrees/dipshitos/t3code-d2623134/.zig-cache/o/7e522e9437f714182e91c0bb27b89727/WINCLOSE.BIN: entry_offset=0x18 image_size=261 (content 237 bytes from 1 PT_LOAD segment(s))
elf2bin: ./.zig-cache/o/b8c13ba12bb8761683ef2cb47719becb/user-fetch -> /Users/tbuddy/.t3/worktrees/dipshitos/t3code-d2623134/.zig-cache/o/fcc0924b0f3f34f67943565d9e1648fb/FETCH.BIN: entry_offset=0x18 image_size=2979 (content 2955 bytes from 2 PT_LOAD segment(s))
elf2bin: ./.zig-cache/o/d9e00628c14ba7b877cce4bcd5a2b8cd/user-top -> /Users/tbuddy/.t3/worktrees/dipshitos/t3code-d2623134/.zig-cache/o/3d327ec8f3ecec6568d77ef581db08b0/TOP.BIN: entry_offset=0x30 image_size=28768 text=28672 data=48 (bss tail 81584) from 3 PT_LOAD segment(s)
elf2bin: ./.zig-cache/o/4b72e16219139d94c9c31f08f8b21a21/user-ssh -> /Users/tbuddy/.t3/worktrees/dipshitos/t3code-d2623134/.zig-cache/o/410065ac80b634d5d4e2a4be284e88ac/SSH.BIN: entry_offset=0x30 image_size=61488 text=61440 data=0 (bss tail 116160) from 3 PT_LOAD segment(s)
elf2bin: ./.zig-cache/o/5257966c0577f545e97429d27f8f8cf6/user-dns -> /Users/tbuddy/.t3/worktrees/dipshitos/t3code-d2623134/.zig-cache/o/68784f53ec9cad7c283193145e4fdd08/DNS.BIN: entry_offset=0x18 image_size=4711 (content 4687 bytes from 2 PT_LOAD segment(s))
elf2bin: ./.zig-cache/o/eec457c573e710a587d7552837223ac2/user-sb5wm -> /Users/tbuddy/.t3/worktrees/dipshitos/t3code-d2623134/.zig-cache/o/10a0fde91a39f413a6413df1dbcb46d3/SB5WM.BIN: entry_offset=0x18 image_size=2256 (content 2232 bytes from 2 PT_LOAD segment(s))
elf2bin: ./.zig-cache/o/c9c6ab46bb5675255e0abdcc53a39dc6/user-sysmon -> /Users/tbuddy/.t3/worktrees/dipshitos/t3code-d2623134/.zig-cache/o/8ca9acdca7479087ef5073e3cfe396e9/SYSMON.BIN: entry_offset=0x30 image_size=20576 text=20480 data=48 (bss tail 81584) from 3 PT_LOAD segment(s)
elf2bin: ./.zig-cache/o/4831fd42a526cb5b47637ccb19e2368f/user-status43 -> /Users/tbuddy/.t3/worktrees/dipshitos/t3code-d2623134/.zig-cache/o/74417f43ec139fffeee23bf65d52060e/STATUS43.BIN: entry_offset=0x18 image_size=134 (content 110 bytes from 1 PT_LOAD segment(s))
elf2bin: ./.zig-cache/o/e5a4148dcb014fa3b4e7ce94abfe02a1/user-smp1 -> /Users/tbuddy/.t3/worktrees/dipshitos/t3code-d2623134/.zig-cache/o/c8a5fdccbf5fcd3ca5d31e7019c5bd6e/SMP1.BIN: entry_offset=0x18 image_size=159 (content 135 bytes from 1 PT_LOAD segment(s))
elf2bin: ./.zig-cache/o/943f6b8e40bf71301586d9c9cd69abef/user-sb6old -> /Users/tbuddy/.t3/worktrees/dipshitos/t3code-d2623134/.zig-cache/o/b8c7a9d8bdbd0ab953b235c260fd968c/SB6OLD.BIN: entry_offset=0x18 image_size=476 (content 452 bytes from 2 PT_LOAD segment(s))
elf2bin: ./.zig-cache/o/cdcb660f46532552bcac8cd6fd67c92c/user-spin -> /Users/tbuddy/.t3/worktrees/dipshitos/t3code-d2623134/.zig-cache/o/92cce3ec9b06a85d1a8a8ecf97bdd8d1/SPIN.BIN: entry_offset=0x18 image_size=132 (content 108 bytes from 1 PT_LOAD segment(s))
elf2bin: ./.zig-cache/o/37a7b85f38aaab0c4443739921397a86/user-blkd -> /Users/tbuddy/.t3/worktrees/dipshitos/t3code-d2623134/.zig-cache/o/2984030273a92a4471e8a4aa415436fc/BLKD.BIN: entry_offset=0x18 image_size=247 (content 223 bytes from 1 PT_LOAD segment(s))
elf2bin: ./.zig-cache/o/16f6f0e20fb6c29e7c956f2b1e9dc0ba/user-m21demo -> /Users/tbuddy/.t3/worktrees/dipshitos/t3code-d2623134/.zig-cache/o/cc073847ce21bdd3c2ab5f00136eafe4/M21DEMO.BIN: entry_offset=0x18 image_size=593 (content 569 bytes from 1 PT_LOAD segment(s))
elf2bin: ./.zig-cache/o/ddcdf45ec31069085235cf72a20e7b1e/user-sshpacket -> /Users/tbuddy/.t3/worktrees/dipshitos/t3code-d2623134/.zig-cache/o/c4a6715e0c6f61865d3cf330986496cc/SSHPACKET.BIN: entry_offset=0x30 image_size=4144 text=4096 data=0 (bss tail 35000) from 3 PT_LOAD segment(s)
elf2bin: ./.zig-cache/o/4d74809a49ba34725026ea86bb861179/user-sb2-own -> /Users/tbuddy/.t3/worktrees/dipshitos/t3code-d2623134/.zig-cache/o/1958e6cbc03152e27a92cf2f2858c4e7/SB2OWN.BIN: entry_offset=0x18 image_size=979 (content 955 bytes from 2 PT_LOAD segment(s))
elf2bin: ./.zig-cache/o/f8423354f9b378549f5cac25ecac4e3e/user-savetext -> /Users/tbuddy/.t3/worktrees/dipshitos/t3code-d2623134/.zig-cache/o/4054ba0b3ba8a7605abbbc03381e02ec/SAVETEXT.BIN: entry_offset=0x18 image_size=225 (content 201 bytes from 1 PT_LOAD segment(s))
elf2bin: ./.zig-cache/o/080dc04ac8a70b8fa0d6192276c8a58b/user-resmon -> /Users/tbuddy/.t3/worktrees/dipshitos/t3code-d2623134/.zig-cache/o/fc1f868643428d880527fe78b504af94/RESMON.BIN: entry_offset=0x30 image_size=12336 text=12288 data=0 (bss tail 82800) from 3 PT_LOAD segment(s)
elf2bin: ./.zig-cache/o/49f6ddf7bcccc73ce8c2f04ba09aabaf/user-sh -> /Users/tbuddy/.t3/worktrees/dipshitos/t3code-d2623134/.zig-cache/o/1bb65eecbb5ba9cd660fcba240fba974/SH.BIN: entry_offset=0x30 image_size=98360 text=98304 data=8 (bss tail 85824) from 3 PT_LOAD segment(s)
elf2bin: ./.zig-cache/o/37c4cad255f81305d2243ba8053595a8/user-ps -> /Users/tbuddy/.t3/worktrees/dipshitos/t3code-d2623134/.zig-cache/o/8b2d5dc9fea5a95fb7277fa827943ddd/PS.BIN: entry_offset=0x30 image_size=12336 text=12288 data=0 (bss tail 82800) from 3 PT_LOAD segment(s)
elf2bin: ./.zig-cache/o/2665db7a038dec72d88ba5d422aa0ba6/user-ttyecho -> /Users/tbuddy/.t3/worktrees/dipshitos/t3code-d2623134/.zig-cache/o/1b7ccac38e82ee318d05ec90b49c7784/TTYECHO.BIN: entry_offset=0x18 image_size=1280 (content 1256 bytes from 2 PT_LOAD segment(s))
elf2bin: ./.zig-cache/o/82f6abf6b2fbf7bc901b3c5b17d84806/user-settings -> /Users/tbuddy/.t3/worktrees/dipshitos/t3code-d2623134/.zig-cache/o/0cfd45adec0bf4545de9527cd59e619f/SETTINGS.BIN: entry_offset=0x30 image_size=20576 text=20480 data=48 (bss tail 81584) from 3 PT_LOAD segment(s)
elf2bin: ./.zig-cache/o/4daf618c1da7dc73bde60b735ea52e7a/user-wnd -> /Users/tbuddy/.t3/worktrees/dipshitos/t3code-d2623134/.zig-cache/o/e4795773ee6bf9144025e0f39bcf8511/WND.BIN: entry_offset=0x30 image_size=54504 text=53248 data=1208 (bss tail 193864) from 3 PT_LOAD segment(s)
elf2bin: ./.zig-cache/o/161d488efcd2faef990c1a0f0a51fc47/user-type -> /Users/tbuddy/.t3/worktrees/dipshitos/t3code-d2623134/.zig-cache/o/7ef4ad07b225cf4c1ea0f8e11cdd4b3f/TYPE.BIN: entry_offset=0x18 image_size=232 (content 208 bytes from 1 PT_LOAD segment(s))
elf2bin: ./.zig-cache/o/f48dd5c983478ded3855e155609ae88e/user-sb5own -> /Users/tbuddy/.t3/worktrees/dipshitos/t3code-d2623134/.zig-cache/o/93ab01e331d02109a488c76a86beefb2/SB5OWN.BIN: entry_offset=0x18 image_size=1141 (content 1117 bytes from 2 PT_LOAD segment(s))
elf2bin: ./.zig-cache/o/a888bc22ff690dc87a08e271b68d6491/user-file-browser -> /Users/tbuddy/.t3/worktrees/dipshitos/t3code-d2623134/.zig-cache/o/2effe44294e42886578f62de6764615f/FILE.BIN: entry_offset=0x30 image_size=49248 text=49152 data=48 (bss tail 81584) from 3 PT_LOAD segment(s)
elf2bin: ./.zig-cache/o/091ee5aeb4bbf2bb5f6f0a48cede9a9f/user-zc -> /Users/tbuddy/.t3/worktrees/dipshitos/t3code-d2623134/.zig-cache/o/32de91d20a91e670ac174b0053fe7f3c/ZC.BIN: entry_offset=0x30 image_size=32816 text=32768 data=0 (bss tail 216184) from 3 PT_LOAD segment(s)
elf2bin: ./.zig-cache/o/56941ed03684f485c106d6e3cea212e2/user-win -> /Users/tbuddy/.t3/worktrees/dipshitos/t3code-d2623134/.zig-cache/o/f09b8ba5902ca6934fdd6776bc5b4d93/WIN.BIN: entry_offset=0x18 image_size=364 (content 340 bytes from 1 PT_LOAD segment(s))
elf2bin: ./.zig-cache/o/e29b8c56c710e9057d69ad0383d44ea2/user-netprof -> /Users/tbuddy/.t3/worktrees/dipshitos/t3code-d2623134/.zig-cache/o/e65308e32048a57427d5756b19f3845b/NETPROF.BIN: entry_offset=0x18 image_size=4345 (content 4321 bytes from 2 PT_LOAD segment(s))
elf2bin: ./.zig-cache/o/5fc40270609ad7c8e0779063e6050510/user-disas -> /Users/tbuddy/.t3/worktrees/dipshitos/t3code-d2623134/.zig-cache/o/a4a997c8100761b6c1619701f11eccd6/DISAS.BIN: entry_offset=0x18 image_size=6496 (content 6472 bytes from 2 PT_LOAD segment(s))
elf2bin: ./.zig-cache/o/bbba82ccf7275877839ccc7d1615a88e/user-term -> /Users/tbuddy/.t3/worktrees/dipshitos/t3code-d2623134/.zig-cache/o/f1ec219b45e48a4b804c0e5fa1ca79cf/TERM.BIN: entry_offset=0x30 image_size=94264 text=94208 data=8 (bss tail 78712) from 3 PT_LOAD segment(s)
elf2bin: ./.zig-cache/o/328980d9fc12bdb87ed35b7a3266a3c2/user-jingle -> /Users/tbuddy/.t3/worktrees/dipshitos/t3code-d2623134/.zig-cache/o/d4f86f11a7eadfc8e6b0b32c2582d8ce/JINGLE.BIN: entry_offset=0x18 image_size=8624 (content 8600 bytes from 2 PT_LOAD segment(s))
elf2bin: ./.zig-cache/o/0441bbbfa1579f65633cc18a927b5161/user-chat -> /Users/tbuddy/.t3/worktrees/dipshitos/t3code-d2623134/.zig-cache/o/57fdd8ed60c892f6ac16c4bfcfcd1cd4/CHAT.BIN: entry_offset=0x30 image_size=12336 text=12288 data=0 (bss tail 81584) from 3 PT_LOAD segment(s)
elf2bin: ./.zig-cache/o/767e398efe774baa607eb61a0c9bb194/user-wasm -> /Users/tbuddy/.t3/worktrees/dipshitos/t3code-d2623134/.zig-cache/o/d9d1f65f2e1b38cff52f2d327e553503/WASM.BIN: entry_offset=0x30 image_size=63456 text=32768 data=30640 (bss tail 152728) from 3 PT_LOAD segment(s)
elf2bin: ./.zig-cache/o/241e84eb7a8b1f53762de9c1bdecbd57/user-edit -> /Users/tbuddy/.t3/worktrees/dipshitos/t3code-d2623134/.zig-cache/o/fe80b862cbc1438582194d8de6a79ea2/EDIT.BIN: entry_offset=0x30 image_size=246160 text=49152 data=196960 (bss tail 115880) from 3 PT_LOAD segment(s)
elf2bin: ./.zig-cache/o/f9b9508167934f5f88d7ecb74da66bd9/user-calc -> /Users/tbuddy/.t3/worktrees/dipshitos/t3code-d2623134/.zig-cache/o/edfd8dc221684fff803a5673b1ccd4d1/CALC.BIN: entry_offset=0x30 image_size=82016 text=81920 data=48 (bss tail 81592) from 3 PT_LOAD segment(s)
elf2bin: ./.zig-cache/o/e4ae07e1c6f348f5fbb8e9853c1ae750/user-schedring -> /Users/tbuddy/.t3/worktrees/dipshitos/t3code-d2623134/.zig-cache/o/29af575ef4dd64d3bcddc406c046d9aa/SCHEDRING.BIN: entry_offset=0x18 image_size=213 (content 189 bytes from 1 PT_LOAD segment(s))
elf2bin: ./.zig-cache/o/cb69e37856f4210843577746e3f9d162/user-cryptod -> /Users/tbuddy/.t3/worktrees/dipshitos/t3code-d2623134/.zig-cache/o/987b689389ff4d437019161ce042af87/CRYPTOD.BIN: entry_offset=0x18 image_size=2464 (content 2440 bytes from 2 PT_LOAD segment(s))
elf2bin: ./.zig-cache/o/7640c43bd7fa29624ab472e2912af379/user-sb3-own -> /Users/tbuddy/.t3/worktrees/dipshitos/t3code-d2623134/.zig-cache/o/6be6032740326960ac0c64ee6eb207a2/SB3OWN.BIN: entry_offset=0x18 image_size=1127 (content 1103 bytes from 2 PT_LOAD segment(s))
elf2bin: ./.zig-cache/o/7be5df65d0e24d98dac3b4c686808a57/user-smpst-net -> /Users/tbuddy/.t3/worktrees/dipshitos/t3code-d2623134/.zig-cache/o/27922ac3da74912d883674d8112b40aa/SMPNET.BIN: entry_offset=0x30 image_size=4144 text=4096 data=0 (bss tail 4) from 3 PT_LOAD segment(s)
elf2bin: ./.zig-cache/o/4a5ec72a73f5b0f3fbc30bcd24916928/user-asm -> /Users/tbuddy/.t3/worktrees/dipshitos/t3code-d2623134/.zig-cache/o/8ade50ddd0b2afb3d76a2270dec33988/ASM.BIN: entry_offset=0x18 image_size=12690 (content 12666 bytes from 2 PT_LOAD segment(s))
elf2bin: ./.zig-cache/o/9ba8ae65f9c721975d3133929e593646/user-vmtest -> /Users/tbuddy/.t3/worktrees/dipshitos/t3code-d2623134/.zig-cache/o/0f74fb1de0adc4be03e5a4e2a063d56c/VMTEST.BIN: entry_offset=0x18 image_size=968 (content 944 bytes from 2 PT_LOAD segment(s))
elf2bin: ./.zig-cache/o/83f6c1568389d10fdf2c5ffeb85ba3a4/user-hardening-victim -> /Users/tbuddy/.t3/worktrees/dipshitos/t3code-d2623134/.zig-cache/o/f13e3419e97bd7d8245b2928de499206/VICTIM.BIN: entry_offset=0x30 image_size=4144 text=4096 data=0 (bss tail 1112) from 3 PT_LOAD segment(s)
elf2bin: ./.zig-cache/o/82d86567b07df72c9b9efe646108444a/user-udp -> /Users/tbuddy/.t3/worktrees/dipshitos/t3code-d2623134/.zig-cache/o/b9bbe707e65c12a9d904795cc2fde84e/UDP.BIN: entry_offset=0x18 image_size=605 (content 581 bytes from 1 PT_LOAD segment(s))
elf2bin: ./.zig-cache/o/228e7eab256d74c1184dc9f611daec48/user-hello -> /Users/tbuddy/.t3/worktrees/dipshitos/t3code-d2623134/.zig-cache/o/444560ee226a81427264eef89e958d0e/USER.BIN: entry_offset=0x18 image_size=397 (content 373 bytes from 1 PT_LOAD segment(s))
elf2bin: ./.zig-cache/o/523b457059eba5fc5fe92c0373e01eac/user-tabwm -> /Users/tbuddy/.t3/worktrees/dipshitos/t3code-d2623134/.zig-cache/o/885cbc46b66365f7d430fc460309d392/TABWM.BIN: entry_offset=0x30 image_size=45152 text=45056 data=48 (bss tail 96792) from 3 PT_LOAD segment(s)
elf2bin: ./.zig-cache/o/2639d63a93f3a9edb2dd5c4e0ec518fc/user-wndstub -> /Users/tbuddy/.t3/worktrees/dipshitos/t3code-d2623134/.zig-cache/o/2ed5dc7f1fb499e50e2b7aa2bde25fda/WNDSTUB.BIN: entry_offset=0x18 image_size=230 (content 206 bytes from 1 PT_LOAD segment(s))
elf2bin: ./.zig-cache/o/c1e234f28f2dc3045c956624e036ca4a/user-sb4dam -> /Users/tbuddy/.t3/worktrees/dipshitos/t3code-d2623134/.zig-cache/o/113954529e3a47840f78d9a0da7bb613/SB4DAM.BIN: entry_offset=0x18 image_size=434 (content 410 bytes from 2 PT_LOAD segment(s))
elf2bin: ./.zig-cache/o/f5adb52de7d2b8cc49391b4f00974c3b/user-guard -> /Users/tbuddy/.t3/worktrees/dipshitos/t3code-d2623134/.zig-cache/o/26144384a2595382198fd2e3813316ae/GUARD.BIN: entry_offset=0x18 image_size=88 (content 64 bytes from 1 PT_LOAD segment(s))
elf2bin: ./.zig-cache/o/121dfa3c03b4f67a707c0f396f77ddbd/user-sexitest -> /Users/tbuddy/.t3/worktrees/dipshitos/t3code-d2623134/.zig-cache/o/313d4c335f9071538d1b452e02a6af52/SEXITEST.BIN: entry_offset=0x18 image_size=3088 (content 3064 bytes from 2 PT_LOAD segment(s))
elf2bin: ./.zig-cache/o/5ad0225a1753faddf54ebd4d2bf56a85/user-download -> /Users/tbuddy/.t3/worktrees/dipshitos/t3code-d2623134/.zig-cache/o/e5044089b16b03f87d1de0bdc38de5b2/DOWNLOAD.BIN: entry_offset=0x18 image_size=3255 (content 3231 bytes from 2 PT_LOAD segment(s))
elf2bin: ./.zig-cache/o/48bc9fce3aeba9989d84b228b612c984/user-smpst-file -> /Users/tbuddy/.t3/worktrees/dipshitos/t3code-d2623134/.zig-cache/o/28148ec7030ce018c769436ae635e65d/SMPFILE.BIN: entry_offset=0x30 image_size=4144 text=4096 data=0 (bss tail 4) from 3 PT_LOAD segment(s)
elf2bin: ./.zig-cache/o/cb19ba7f904aeac5bc941b758cad68cd/user-httpd -> /Users/tbuddy/.t3/worktrees/dipshitos/t3code-d2623134/.zig-cache/o/ecdc17d7b987bb8d1047926a0e856757/HTTPD.BIN: entry_offset=0x18 image_size=15305 (content 15281 bytes from 2 PT_LOAD segment(s))
elf2bin: ./.zig-cache/o/96a32c3c235a857cd005a6c863ec34c4/user-traceroute -> /Users/tbuddy/.t3/worktrees/dipshitos/t3code-d2623134/.zig-cache/o/b3951dea342268c9198cf36565408f48/TRACEROUTE.BIN: entry_offset=0x18 image_size=2464 (content 2440 bytes from 2 PT_LOAD segment(s))
elf2bin: ./.zig-cache/o/cf5f507483ad07117c55b0e8e4c75071/user-harden -> /Users/tbuddy/.t3/worktrees/dipshitos/t3code-d2623134/.zig-cache/o/333f6da9a33e9524b1715ad7f22351d6/HARDEN.BIN: entry_offset=0x18 image_size=714 (content 690 bytes from 2 PT_LOAD segment(s))
elf2bin: ./.zig-cache/o/1a81b4250fa9bb565855799c96078259/user-devcons -> /Users/tbuddy/.t3/worktrees/dipshitos/t3code-d2623134/.zig-cache/o/dabcd73f76c124f63341bf2edd4203bd/DEVCONS.BIN: entry_offset=0x30 image_size=16492 text=16384 data=60 (bss tail 118508) from 3 PT_LOAD segment(s)
elf2bin: ./.zig-cache/o/06e2f20be1115d39b4d45cf163c1d351/virelai-kernel -> /Users/tbuddy/.t3/worktrees/dipshitos/t3code-d2623134/.zig-cache/o/c4f9e4865a248d1441760af3ff1b3e95/KERNEL.BIN: entry_offset=0x28 image_size=12496664 (4 PT_LOAD segment(s), 117 absolute reloc(s))
make-image: building FAT32+GPT boot image 'artifacts/disk.img' (0 MiB)...
mkfat32: wrote artifacts/disk.img.tmp (174592 EFI + 12496664 kernel bytes)
make-image: verifying image contents...
size: 35364864 bytes (69072 sectors)
LBA0: MBR present
GPT: valid signature, header crc32=0xde33e5c4
GPT: ESP partition at LBA 2048, 67024 sectors
FAT: boot sig ok, label='VIRELAIOS', 512-byte sectors, 1 sector/cluster, 32 reserved, 2 FATs x 516 sectors, root cluster 2
FAT: directory tree:
  EFI/
    BOOT/
      BOOTAA64.EFI  (174592 bytes)
  KERNEL.BIN  (12496664 bytes)
make-image: done.
Building for production...
[2 / 3] VMRunner-product
[3 / 3] VMRunner-product
Build complete! (0.58 sec)
host/vm-runner/.build/release/VMRunner: replacing existing signature
gate-run: share armed (empty) at /var/folders/p_/h710w89x7b16x249r_061lkw0000gn/T//virelai-live-ssh-endpoint.ErLIJv/share
mkhello-elf: wrote /var/folders/p_/h710w89x7b16x249r_061lkw0000gn/T//virelai-live-ssh-endpoint.ErLIJv/share/HELLO.ELF (142 bytes; entry=0x400000 filesz=58)
mkhello-elf: wrote /var/folders/p_/h710w89x7b16x249r_061lkw0000gn/T//virelai-live-ssh-endpoint.ErLIJv/share/CRASH.ELF (332 bytes; BRK inside 'crasher' at +4 -> tombstone note '(in crasher+0x4)')
Generated /var/folders/p_/h710w89x7b16x249r_061lkw0000gn/T//virelai-live-ssh-endpoint.ErLIJv/share/LIBUI.SO (1240 bytes)
Generated /var/folders/p_/h710w89x7b16x249r_061lkw0000gn/T//virelai-live-ssh-endpoint.ErLIJv/share/LIBFONT.SO (456 bytes)
Generated /var/folders/p_/h710w89x7b16x249r_061lkw0000gn/T//virelai-live-ssh-endpoint.ErLIJv/share/PLUGIN.SO (480 bytes)
Generated /var/folders/p_/h710w89x7b16x249r_061lkw0000gn/T//virelai-live-ssh-endpoint.ErLIJv/share/DYNAPP.ELF (8192 bytes)
Generated /var/folders/p_/h710w89x7b16x249r_061lkw0000gn/T//virelai-live-ssh-endpoint.ErLIJv/share/CALC.ELF (8192 bytes)
Generated /var/folders/p_/h710w89x7b16x249r_061lkw0000gn/T//virelai-live-ssh-endpoint.ErLIJv/share/NOTEPAD.ELF (8192 bytes)
Generated /var/folders/p_/h710w89x7b16x249r_061lkw0000gn/T//virelai-live-ssh-endpoint.ErLIJv/share/FILE.ELF (8192 bytes)
Generated /var/folders/p_/h710w89x7b16x249r_061lkw0000gn/T//virelai-live-ssh-endpoint.ErLIJv/share/DESKTOP.ELF (8192 bytes)
gate-run: share seeded at /var/folders/p_/h710w89x7b16x249r_061lkw0000gn/T//virelai-live-ssh-endpoint.ErLIJv/share (99 files, 23 APPS.TXT entries)
run dir: /var/folders/p_/h710w89x7b16x249r_061lkw0000gn/T//virelai-live-ssh-endpoint.ErLIJv

=== live-ssh-endpoint run 01 ===
01: runner-rc=0
  output-contains [NET-TCP-SSH: cipher self-check ok]=1
  output-contains [NET-TCP-SSH: ENABLED]=1
  output-contains [SSH-SRV: version received: SSH-2.0-VirelaiOS_1.0]=1
  output-contains [SSH-SRV: kexinit received (suite negotiated)]=1
  output-contains [SSH-SRV: newkeys received; cipher installed]=1
  output-contains [SSH-SRV: publickey accepted user=alice key=ssh-ed25519]=1
  output-contains [SSH-SRV: exec command=VIRELAI-GATE-EXEC]=1
  output-contains [NET-TCP-SSH: sent]=1
  serial-contains [ssh: target user=alice host=10.0.0.2 port=2222 mode=exec]=1
  serial-contains [ssh: connected]=1
  serial-contains [ssh: kex-ok]=1
  serial-contains [ssh: pin-ok]=1
  serial-contains [ssh: auth-ok method=publickey]=1
  serial-contains [ssh: channel-open remote=42]=1
  serial-contains [VIRELAI-SSH5-OK]=1
  serial-contains [ssh: exit-status=0]=1
  serial-contains [ssh: eof]=1
  serial-contains [ssh: bye rc=0]=1
  serial-contains [ssh-endpoint-done]=1
  serial-absent [[EXC] parking:] ok=1
  serial-absent [4ccd089b28ff96da9db6c346ec114e0f5b8a319f35aba624da8cf6ed4fb8a6fb] ok=1
ssh endpoint runner log ok
  python [01] PASS
01: PASS

=== result ===
vgate live-ssh-endpoint: PASS (1/1 runs)
