  disk: /Users/tbuddy/.t3/worktrees/dipshitos/t3code-758ded84/artifacts/disk.img (base, read-only) + throwaway ASIF overlay in /var/folders/p_/h710w89x7b16x249r_061lkw0000gn/T/virelai-overlay-60F1FB92-294B-43C0-A595-80A37155FAFD
  custom virtio: ENABLED — VID 0x1af4 DID 0x1082 (virtio deviceID 0x42), class 0x00/0x00, 6 queue(s) incl. push-echo, INPUT, SNAPSHOT, and the M34 FILE channel (queue 5) serving "/Users/tbuddy/.t3/worktrees/dipshitos/t3code-758ded84/artifacts/m51-interop/share" (--cvc-file)
CUSTOM-VIRTIO: device created (didCreateDevice)
VIRELAIOS VM runner
  host: arm64 (Apple silicon), macOS 27.0
  disk: --overlay-base
  memory: 256 MiB, cpus: 2
  mode: scripted input (non-interactive; claim 6684)
  serial log: /Users/tbuddy/.t3/worktrees/dipshitos/t3code-758ded84/artifacts/m51-interop/runs/relay-06/vm-serial.log  (guest output teed to log)
  script: /Users/tbuddy/.t3/worktrees/dipshitos/t3code-758ded84/artifacts/m51-interop/runs/relay-06/script-1.txt  (forwarded once after the configured serial marker appears)
  script2: /Users/tbuddy/.t3/worktrees/dipshitos/t3code-758ded84/artifacts/m51-interop/runs/relay-06/script-2.txt  (claim 4613: forwarded once after script2-after appears)
  script2-after: "ssh: bye rc=0"  (forward script2 once after this serial text appears)
  script-expect: "interop-relay-done"  (exit 0 iff observed in the serial log)
  script-expect-tail: 1.5s  (claim 4912: hold the VM after the match so post-marker kernel output reaches the serial log; 0 = stop immediately)
  net: ENABLED (milestone five card N1, claim 1373) — virtio-net device attached, guest TX frames captured byte-exactly to /Users/tbuddy/.t3/worktrees/dipshitos/t3code-758ded84/artifacts/m51-interop/runs/relay-06/cap.bin, fixed MAC 02:00:00:00:00:01
  via-virtio: ENABLED (claim 9588, issue #523 item 3) — keyboard injection rides the custom-virtio INPUT queue as HID-shaped 16-byte messages; NO NSEvent/CGEvent synthesis and no window/view required (attacks #179 synthesized-drop and #151 activation wall)
  net-arp-respond: ENABLED (milestone five card N3, claim 7293) — the host answers the guest's ARP requests for 10.0.0.2 (host MAC 02:00:00:00:00:02) via the capture thread (deterministic, request-driven)
  net-tcp-respond: ENABLED (milestone five card N10, claim 7026) + card N11 (claim 5357) — the host answers the guest's bounded TCP client on 10.0.0.2:2222 (host MAC 02:00:00:00:00:02, server ISN 0x12345678) via the capture thread (deterministic, request-driven)
script2: waiting for marker "ssh: bye rc=0" (script 32 bytes, settle 0.5s, deadline 180s)
script: waiting for marker "kernel terminal state" (script 115 bytes, settle 0.5s, deadline 180s)
CUSTOM-VIRTIO: device reset
VirelaiOS kernel has seized control.
memory-map descriptors=0x000000000000001b descriptor_size=0x0000000000000030 version=0x0000000000000001 key=0x000000000000029b
map type=0x0000000000000007 base=0x0000000070000000 pages=0x0000000000008000 attr=0x0000000000000008
map type=0x0000000000000004 base=0x0000000078000000 pages=0x0000000000000020 attr=0x0000000000000008
map type=0x0000000000000007 base=0x0000000078020000 pages=0x000000000000594d attr=0x0000000000000008
map type=0x0000000000000002 base=0x000000007d96d000 pages=0x0000000000000007 attr=0x0000000000000008
map type=0x0000000000000001 base=0x000000007d974000 pages=0x0000000000000c1a attr=0x0000000000000008
map type=0x0000000000000003 base=0x000000007e58e000 pages=0x0000000000000072 attr=0x0000000000000008
map type=0x0000000000000000 base=0x000000007e600000 pages=0x0000000000000040 attr=0x0000000000000008
map type=0x0000000000000006 base=0x000000007e640000 pages=0x0000000000000050 attr=0x8000000000000008
map type=0x0000000000000007 base=0x000000007e690000 pages=0x00000000000008ef attr=0x0000000000000008
map type=0x0000000000000004 base=0x000000007ef7f000 pages=0x0000000000000001 attr=0x0000000000000008
map type=0x0000000000000007 base=0x000000007ef80000 pages=0x000000000000002b attr=0x0000000000000008
map type=0x0000000000000004 base=0x000000007efab000 pages=0x00000000000008e5 attr=0x0000000000000008
map type=0x0000000000000003 base=0x000000007f890000 pages=0x0000000000000200 attr=0x0000000000000008
map type=0x0000000000000005 base=0x000000007fa90000 pages=0x0000000000000090 attr=0x8000000000000008
map type=0x0000000000000007 base=0x000000007fb20000 pages=0x0000000000000030 attr=0x0000000000000008
map type=0x0000000000000006 base=0x000000007fb50000 pages=0x0000000000000020 attr=0x8000000000000008
map type=0x0000000000000007 base=0x000000007fb70000 pages=0x000000000000002f attr=0x0000000000000008
map type=0x0000000000000009 base=0x000000007fb9f000 pages=0x0000000000000001 attr=0x0000000000000008
map type=0x0000000000000007 base=0x000000007fba0000 pages=0x0000000000000019 attr=0x0000000000000008
map type=0x0000000000000004 base=0x000000007fbb9000 pages=0x0000000000000021 attr=0x0000000000000008
map type=0x0000000000000003 base=0x000000007fbda000 pages=0x0000000000000026 attr=0x0000000000000008
map type=0x0000000000000004 base=0x000000007fc00000 pages=0x00000000000003c7 attr=0x0000000000000008
map type=0x0000000000000007 base=0x000000007ffc7000 pages=0x0000000000000010 attr=0x0000000000000008
map type=0x0000000000000003 base=0x000000007ffd7000 pages=0x0000000000000020 attr=0x0000000000000008
map type=0x0000000000000004 base=0x000000007fff7000 pages=0x0000000000000009 attr=0x0000000000000008
map type=0x000000000000000b base=0x0000000001000000 pages=0x0000000000000010 attr=0x8000000000000001
map type=0x000000000000000b base=0x0000000020050000 pages=0x0000000000000001 attr=0x8000000000000001
probe base=0x0000000100010000 layout=virtio-console
 records=0x0000000000000000
interrupts: gic=v3 armed=1 dist=0x0000000010000000 redist=0x0000000010010000 active=0x0000000010010000 fallback=1 ppi=0x000000000000001e edge=0 freq=0x00000000016e3600
host share: absent
kernel terminal state
cvspike: cap @0x0000000000000040 head=0x0000000001105009 t=0x0000000000000001 bar=0x0000000000000000 off=0x0000000000000000
cvspike: cap @0x0000000000000050 head=0x0000000003106009 t=0x0000000000000003 bar=0x0000000000000000 off=0x0000000000001000
cvspike: cap @0x0000000000000060 head=0x0000000002147409 t=0x0000000000000002 bar=0x0000000000000000 off=0x0000000000004000
cvspike: probe dev=0x0000000000000008 common=0x0000000100030000 notify=0x0000000100034000 bar=0x0000000100030000 b0=0x0000000000030004 b2=0x0000000050000000 cp=0x0000000000000040 nc=0x0000000000000003
cvspike: walk console-bar va=0x0000000100010000 l3=0x0000000100010403 ok
cvspike: walk cv-bar va=0x0000000100030000 l3=0x0000000100030403 ok
CUSTOM-VIRTIO: device reset
cvspike: init ok
CUSTOM-VIRTIO: guest set DRIVER_OK — negotiation complete, queues ready
cvspike: dev=0x0000000000000008 did=0x1082 common=0x0000000100030000 notify=0x0000000100034000 qoff=0x0000000000000000 qoff1=0x0000000000000001 ready=1
cvspike: feat=0x0000000530000000 acc=0x0000000100000000 nd=0 al=0 notify=16bit
cvspike: payload="VIRELAIOS-CV0x42" len=0x0000000000000010
CUSTOM-VIRTIO: guest notified queue 0 (size 32)
CUSTOM-VIRTIO: dequeued 16 byte(s) (read 16): hex=[56 49 52 45 4c 41 49 4f 53 2d 43 56 30 78 34 32] ascii="VIRELAIOS-CV0x42"
CUSTOM-VIRTIO: echoed 16 byte(s) into 16 byte(s) of write buffers
CUSTOM-VIRTIO: returned element to queue 0 — used ring advanced, device interrupt asserted
cvspike: q0 xchg=CUSTOM-VIRTIO: dequeued 16 byte(s) (read 16): hex=[56 49 52 45 4c 41 49 4f 53 2d 43 56 30 78 34 32] ascii="VIRELAIOS-CV0x42"
CUSTOM-VIRTIO: echoed 16 byte(s) into 16 byte(s) of write buffers
1 n=0x10 echo=ok
CUSTOM-VIRTIO: returned element to queue 0 — used ring advanced, device interrupt asserted
cvspike: q0 xchg=2 n=0x10 echo=ok
CUSTOM-VIRTIO: dequeued 16 byte(s) (read 16): hex=[56 49 52 45 4c 41 49 4f 53 2d 43 56 30 78 34 32] ascii="VIRELAIOS-CV0x42"
CUSTOM-VIRTIO: echoed 16 byte(s) into 16 byte(s) of write buffers
CUSTOM-VIRTIO: returned element to queue 0 — used ring advanced, device interrupt asserted
cvspike: q0 xchg=CUSTOM-VIRTIO: dequeued 16 byte(s) (read 16): hex=[56 49 52 45 4c 41 49 4f 53 2d 43 56 30 78 34 32] ascii="VIRELAIOS-CV0x42"
CUSTOM-VIRTIO: echoed 16 byte(s) into 16 byte(s) of write buffers
3 n=0x10 echo=CUSTOM-VIRTIO: returned element to queue 0 — used ring advanced, device interrupt asserted
ok
CUSTOM-VIRTIO: guest notified queue 0 (size 32)
CUSTOM-VIRTIO: guest notified queue 0 (size 32)
CUSTOM-VIRTIO: guest notified queue 0 (size 32)
cvspike: q0 xchg=4 n=0x10 echo=ok
CUSTOM-VIRTIO: guest notified queue 0 (size 32)
CUSTOM-VIRTIO: dequeued 16 byte(s) (read 16): hex=[56 49 52 45 4c 41 49 4f 53 2d 43 56 30 78 34 32] ascii="VIRELAIOS-CV0x42"
CUSTOM-VIRTIO: echoed 16 byte(s) into 16 byte(s) of write buffers
CUSTOM-VIRTIO: returned element to queue 0 — used ring advanced, device interrupt asserted
CUSTOM-VIRTIO: dequeued 16 byte(s) (read 16): hex=[56 49 52 45 4c 41 49 4f 53 2d 43 56 30 78 34 32] ascii="VIRELAIOS-CV0x42"
CUSTOM-VIRTIO: echoed 16 byte(s) into 16 byte(s) of write buffers
CUSTOM-VIRTIO: returned element to queue 0 — used ring advanced, device interrupt asserted
CUSTOM-VIRTIO: dequeued 16 byte(s) (read 16): hex=[56 49 52 45 4c 41 49 4f 53 2d 43 56 30 78 34 32] ascii="VIRELAIOS-CV0x42"
CUSTOM-VIRTIO: echoed 16 byte(s) into 16 byte(s) of write buffers
CUSTOM-VIRTIO: returned element to queue 0 — used ring advanced, device interrupt asserted
CUSTOM-VIRTIO: dequeued 16 byte(s) (read 16): hex=[56 49 52 45 4c 41 49 4f 53 2d 43 56 30 78 34 32] ascii="VIRELAIOS-CV0x42"
CUSTOM-VIRTIO: echoed 16 byte(s) into 16 byte(s) of write buffers
CUSTOM-VIRTIO: returned element to queue 0 — used ring advanced, device interrupt asserted
CUSTOM-VIRTIO: guest notified queue 0 (size 32)
CUSTOM-VIRTIO: guest notified queue 0 (size 32)
CUSTOM-VIRTIO: guest notified queue 0 (size 32)
cvspike: q0 heads=0x0000000000000000,0x0000000000000002,0x0000000000000004,0x0000000000000006 recycle=1
CUSTOM-VIRTIO: guest notified queue 0 (size 32)
CUSTOM-VIRTIO: dequeued 12340 byte(s) (read 12340): hex=[01 02 03 04 05 06 07 08 09 0a 0b 0c 0d 0e 0f 10..1a 1b 1c 1d 1e 1f 20 21 22 23 24 25 26 27 28 29 sum=0x0017a8c7] ascii="<binary>"
CUSTOM-VIRTIO: echoed 12340 byte(s) into 12340 byte(s) of write buffers
CUSTOM-VIRTIO: returned element to queue 0 — used ring advanced, device interrupt assertedcvspike: q0 big n=0x3034 echo=ok

cvspike: q0 ok=1
CUSTOM-VIRTIO: guest notified queue 1 (size 32)
CUSTOM-VIRTIO-LOG: cvlog-1
CUSTOM-VIRTIO: log ack written (5 byte(s) into 32 byte(s) of write buffers)
CUSTOM-VIRTIO: returned element to queue 1 — used ring advanced, device interrupt asserted
cvspike: q1 log="cvlog-1" ack="ACK:7" n=0x0000000000000005
CUSTOM-VIRTIO: guest notified queue 1 (size 32)
CUSTOM-VIRTIO-LOG: cvlog-2
CUSTOM-VIRTIO: log ack written (5 byte(s) into 32 byte(s) of write buffers)
CUSTOM-VIRTIO: returned element to queue 1 — used ring advanced, device interrupt asserted
cvspike: q1 log="cvlog-2" ack="ACK:7" n=0x0000000000000005
CUSTOM-VIRTIO: guest notified queue 1 (size 32)
CUSTOM-VIRTIO-LOG: cvlog-3
CUSTOM-VIRTIO: log ack written (5 byte(s) into 32 byte(s) of write buffers)
CUSTOM-VIRTIO: returned element to queue 1 — used ring advanced, device interrupt asserted
cvspike: q1 log="cvlog-3" ack="ACK:7" n=0x0000000000000005
cvspike: q1 ok=3
cvspike: q2 armed rx=1 handle=0xCUSTOM-VIRTIO: guest notified queue 2 (size 32)
CUSTOM-VIRTIO-PUSH: queue 2 notified with the rx buffer armed (idle — waiting for the guest's armed signal)
0000000000000000
CUSTOM-VIRTIO: guest notified queue 1 (size 32)
CUSTOM-VIRTIO-LOG: cvc-push-armed
CUSTOM-VIRTIO-PUSH: host enqueued req="CVC-PING-0x42" (13 byte(s)) into the pre-armed rx buffer
CUSTOM-VIRTIO: log ack written (6 byte(s) into 32 byte(s) of write buffers)
CUSTOM-VIRTIO: returned element to queue 1 — used ring advanced, device interrupt asserted
cvspike: q2 req="CVC-PING-0x42" n=0x000000000000000d req=ok handle=ok
CUSTOM-VIRTIO: guest notified queue 2 (size 32)
CUSTOM-VIRTIO-PUSH: reply verified rsp="CVC-PING-0x42" (byte-exact), wrote ack="OK:13"
cvspike: q2 rsp="CVC-PING-0x42" ack="OK:13" ok=1
cvspike: q2 ok=1
cvspike: q3 armed bufs=CUSTOM-VIRTIO: guest notified queue 3 (size 32)
CUSTOM-VIRTIO-INPUT: queue 3 notified (guest rx pool cycling)
0x0000000000000008
CUSTOM-VIRTIO: guest notified queue 1 (size 32)
CUSTOM-VIRTIO-LOG: cvconsole-ready
CUSTOM-VIRTIO: log ack written (6 byte(s) into 32 byte(s) of write buffers)
CUSTOM-VIRTIO: returned element to queue 1 — used ring advanced, device interrupt asserted
CUSTOM-VIRTIO: guest notified queue 5 (size 32)
VF-PROBE: wrote 32768/32768 bytes (write buffers 32768)
CUSTOM-VIRTIO: guest notified queue 5 (size 32)
VF-PROBE: wrote 32768/32768 bytes (write buffers 32768)
vf: probe 32k ok len=0x8000 cksum=0x0000 free=0020
CUSTOM-VIRTIO: guest notified queue 5 (size 32)
VF-FILE: STAT SECRETS.TXT → file size=91
VF-FILE: READ SECRETS.TXT off=0 → 91 byte(s)
CUSTOM-VIRTIO: guest notified queue 5 (size 32)
CUSTOM-VIRTIO: guest notified queue 5 (size 32)
CUSTOM-VIRTIO: guest notified queue 5 (size 32)
cvspike: irq=0x00000000000000c0 first=0x0000000000000045 spi=0x0000000000000045 armed=0x0000000000000020..0x00000000000000bf
entropy: pre-rearm st=00
entropy: seeded n=64
net: pre-rearm st=0f
net: rx-armed
aslr: boot user stack=0x00000000711a0000
VirelaiOS - AArch64 firmware-assisted kernel monitor
VirelaiOS: the elephant has left the building.
motd: aarch64 el1 kernel live; scheduler, uaccess, fs, net, gfx, xhci armed.
CUSTOM-VIRTIO: guest notified queue 5 (size 32)
Type 'help' before touching anything expensive.
CUSTOM-VIRTIO: guest notified queue 5 (size 32)
VF-FILE: STAT HISTORY.TXT → file size=345
VF-FILE: READ HISTORY.TXT off=0 → 345 byte(s)
CUSTOM-VIRTIO: guest notified queue 5 (size 32)
CUSTOM-VIRTIO: guest notified queue 5 (size 32)
CUSTOM-VIRTIO: guest notified queue 5 (size 32)
CUSTOM-VIRTIO: guest notified queue 5 (size 32)
[32mvirelai> [0m[AUDIT] task-ring+procs audit armed slots=11 procs=16
script: marker "kernel terminal state" seen at t=0.5s (serial log 5507 bytes) — settle 0.5s, then forward
script: forwarded 115 bytes to the serial attachment (write took 0.000s)
net ip 10.0.0.1
net ip: ip=10.0.0.1
CUSTOM-VIRTIO: guest notified queue 5 (size 32)
VF-FILE: STAT HISTORY.TXT → file size=345
CUSTOM-VIRTIO: guest notified queue 5 (size 32)
VF-FILE: READ HISTORY.TXT off=0 → 345 byte(s)
VF-FILE: OPEN HISTORY.TXT → h=0 append=false create=true
VF-FILE: TRUNCATE h=0 size=0 → status 0
CUSTOM-VIRTIO: guest notified queue 5 (size 32)
VF-FILE: WRITE h=0 → 361 byte(s), cursor advanced
VF-FILE: CLOSE h=0 → status 0
CUSTOM-VIRTIO: guest notified queue 5 (size 32)
CUSTOM-VIRTIO: guest notified queue 5 (size 32)
CUSTOM-VIRTIO: guest notified queue 5 (size 32)
[32mvirelai> [0mnet arp 10.0.0.2
net arp: request for 10.0.0.2NET-ARP: answered the guest's ARP request for 10.0.0.1 with host MAC 02:00:00:00:00:02
 sent (42 bytes)
CUSTOM-VIRTIO: guest notified queue 5 (size 32)
VF-FILE: STAT HISTORY.TXT → file size=361
VF-FILE: READ HISTORY.TXT off=0 → 361 byte(s)
VF-FILE: OPEN HISTORY.TXT → h=0 append=false create=true
VF-FILE: TRUNCATE h=0 size=0 → status 0
VF-FILE: WRITE h=0 → 378 byte(s), cursor advanced
VF-FILE: CLOSE h=0 → status 0
CUSTOM-VIRTIO: guest notified queue 5 (size 32)
CUSTOM-VIRTIO: guest notified queue 5 (size 32)
CUSTOM-VIRTIO: guest notified queue 5 (size 32)
[32mCUSTOM-VIRTIO: guest notified queue 5 (size 32)
virelai> [0mexCUSTOM-VIRTIO: guest notified queue 5 (size 32)
ec SSH.BIN tbuddy@10.0.0.2:2222 echo VIRELAI-INTEROP-OK
CUSTOM-VIRTIO: guest notified queue 5 (size 32)
VF-FILE: STAT SSH.BIN → file size=61488
VF-FILE: READ SSH.BIN off=0 → 32765 byte(s)
VF-FILE: READ SSH.BIN off=32765 → 28723 byte(s)
CUSTOM-VIRTIO: guest notified queue 5 (size 32)
CUSTOM-VIRTIO: guest notified queue 5 (size 32)
exec: loaded SSH.BIN size=0x000000000000f000 entry=0x0000000000400000 stack=0x0000000067ec0000 head=0xfd7bbaa9e2031eaa data=0x000000000001c6c0 datapages=29
CUSTOM-VIRTIO: guest notified queue 5 (size 32)
VF-FILE: STAT HISTORY.TXT → file size=378
VF-FILE: READ HISTORY.TXT off=0 → 378 byte(s)
VF-FILE: OPEN HISTORY.TXT → h=0 append=false create=true
VF-FILE: TRUNCATE h=0 size=0 → status 0
VF-FILE: WRITE h=0 → 436 byte(s), cursor advanced
VF-FILE: CLOSE h=0 → status 0
CUSTOM-VIRTIO: guest notified queue 5 (size 32)
CUSTOM-VIRTIO: guest notified queue 5 (size 32)
CUSTOM-VIRTIO: guest notified queue 5 (size 32)
CUSTOM-VIRTIO: guest notified queue 5 (size 32)
[32mCUSTOM-VIRTIO: guest notified queue 5 (size 32)
virelai> [0mecho ssh-relay-launched
ssh-relay-launched
CUSTOM-VIRTIO: guest notified queue 5 (size 32)
VF-FILE: STAT HISTORY.TXT → file size=436
VF-FILE: READ HISTORY.TXT off=0 → 436 byte(s)
VF-FILE: OPEN HISTORY.TXT → h=0 append=false create=true
VF-FILE: TRUNCATE h=0 size=0 → status 0
VF-FILE: WRITE h=0 → 460 byte(s), cursor advanced
VF-FILE: CLOSE h=0 → status 0
CUSTOM-VIRTIO: guest notified queue 5 (size 32)
CUSTOM-VIRTIO: guest notified queue 5 (size 32)
CUSTOM-VIRTIO: guest notified queue 5 (size 32)
CUSTOM-VIRTIO: guest notified queue 5 (size 32)
CUSTOM-VIRTIO: guest notified queue 5 (size 32)
[32mvirelai> [0m
syscall: write ok n=23
uaccess: efault ok n=8
ssh: target user=tbuddy host=10.0.0.2 port=2222 mode=exec
NET-TCP-RELAY: connection accepted (guest SYN seq 0xf054aa78); dialing upstream 127.0.0.1:2222
NET-TCP-RELAY: upstream 127.0.0.1:2222 connected (real server; bytes proxied, no crypto here)
NET-TCP: answered the guest's SYN (seq 0xf054aa78) with a SYN-ACK (seq 0x12345678, ack 0xf054aa79)
NET-TCP-RELAY: observed the guest's ACK (ack 0x12345679)
ssh: connected
NET-TCP-RELAY: upstream -> guest 22 bytes buffered
NET-TCP-RELAY: sent 22 bytes to the guest (seq 0x12345679)
NET-TCP-RELAY: upstream -> guest 992 bytes buffered
NET-TCP-RELAY: sent 192 bytes to the guest (seq 0x1234568f)
NET-TCP-RELAY: sent 192 bytes to the guest (seq 0x1234574f)
NET-TCP-RELAY: sent 192 bytes to the guest (seq 0x1234580f)
NET-TCP-RELAY: sent 192 bytes to the guest (seq 0x123458cf)
NET-TCP-RELAY: sent 192 bytes to the guest (seq 0x1234598f)
NET-TCP-RELAY: sent 32 bytes to the guest (seq 0x12345a4f)
NET-TCP-RELAY: observed the guest's ACK (ack 0x12345a6f)
NET-TCP-RELAY: upstream -> guest 208 bytes buffered
NET-TCP-RELAY: sent 192 bytes to the guest (seq 0x12345a6f)
NET-TCP-RELAY: sent 16 bytes to the guest (seq 0x12345b2f)
ssh: kex-ok
NET-TCP-RELAY: observed the guest's ACK (ack 0x12345b3f)
CUSTOM-VIRTIO: guest notified queue 5 (size 32)
VF-FILE: STAT SSH/KNOWN_HOSTS → file size=95
VF-FILE: READ SSH/KNOWN_HOSTS off=0 → 95 byte(s)
CUSTOM-VIRTIO: guest notified queue 5 (size 32)
NET-TCP-RELAY: upstream -> guest 44 bytes buffered
NET-TCP-RELAY: sent 44 bytes to the guest (seq 0x12345b3f)
script: serial input pipe drained (bytes left the host pipe — any stall is VZ delivery or guest RX)
timer irq delivered ppi=0x1e irq_ticks=1
smp: secondary runs=1 task=user-el0
smp: secondary runs=2 task=worker
smp: steal runs=1 task=user-el0 from=0
smp: steal runs=2 task=worker from=0
tasks worker advances=64
userspace: el0=1 svc=2 roundtrips=1 arg=2 result=2 rejected=0
smp: secondary runs=3 task=user-el0
smp: secondary runs=4 task=SSH.BIN
NET-TCP-RELAY: observed the guest's ACK (ack 0x12345b6b)
smp: steal runs=3 task=SSH.BIN from=0
smp: secondary runs=5 task=worker
NET-TCP-RELAY: upstream -> guest 44 bytes buffered
NET-TCP-RELAY: sent 44 bytes to the guest (seq 0x12345b6b)
tasks worker advances=3648
tasks worker advances=3712
tasks worker advances=3776
tasks worker advances=3840
tasks worker advances=3904
tasks worker advances=3968
tasks worker advances=4032
tasks worker advances=4096
tasks worker advances=4160
tasks worker advances=4224
tasks worker advances=4288
tasks worker advances=4352
tasks worker advances=4416
tasks worker advances=4480
tasks worker advances=4544
tasks worker advances=4608
tasks worker advances=4672
tasks worker advances=4736
tasks worker advances=4800
tasks worker advances=4864
tasks worker advances=4928
tasks worker advances=4992
tasks worker advances=5056
tasks worker advances=5120
tasks worker advances=5184
tasks worker advances=5248
tasks worker advances=5312
tasks worker advances=5376
tasks worker advances=5440
CUSTOM-VIRTIO: guest notified queue 5 (size 32)
NET-TCP-RELAY: observed the guest's ACK (ack 0x12345b97)
NET-TCP-RELAY: upstream -> guest 28 bytes buffered
NET-TCP-RELAY: sent 28 bytes to the guest (seq 0x12345b97)
NET-TCP-RELAY: upstream -> guest 328 bytes buffered
timer heartbeat ticks=5 irq=5 poll=0
smp: secondary runs=6 task=SSH.BIN
smp: secondary runs=7 task=worker
smp: steal runs=4 task=user-el0 from=1
smp: steal runs=5 task=SSH.BIN from=1
smp: steal runs=6 task=SSH.BIN from=0
tasks worker advances=5504
tasks user-el0 exited status=7
procs user-el0 exited status=7
tasks user-el0 reaped
tasks worker advances=7424
smp: secondary runs=8 task=SSH.BIN
ssh: pin-ok
ssh: auth-ok method=publickey
NET-TCP-RELAY: sent 192 bytes to the guest (seq 0x12345bb3)
smp: secondary runs=9 task=worker
NET-TCP-RELAY: upstream -> guest 44 bytes buffered
tasks worker advances=7488
tasks worker advances=7552
tasks worker advances=7616
tasks worker advances=7680
tasks worker advances=7744
tasks worker advances=7808
tasks worker advances=7872
tasks worker advances=7936
tasks worker advances=8000
tasks worker advances=8064
tasks worker advances=8128
tasks worker advances=8192
tasks worker advances=8256
tasks worker advances=8320
tasks worker advances=8384
tasks worker advances=8448
tasks worker advances=8512
tasks worker advances=8576
tasks worker advances=8640
tasks worker advances=8704
tasks worker advances=8768
tasks worker advances=8832
tasks worker advances=8896
tasks worker advances=8960
tasks worker advances=9024
tasks worker advances=9088
tasks worker advances=9152
tasks worker advances=9216
tasks worker advances=9280
tasks worker advances=9344
NET-TCP-RELAY: sent 180 bytes to the guest (seq 0x12345c73)
NET-TCP-RELAY: observed the guest's ACK (ack 0x12345d27)
ssh: channel-open remote=0
NET-TCP-RELAY: upstream -> guest 72 bytes buffered
NET-TCP-RELAY: sent 72 bytes to the guest (seq 0x12345d27)
NET-TCP-RELAY: upstream -> guest 60 bytes buffered
NET-TCP-RELAY: upstream -> guest 124 bytes buffered
smp: secondary runs=10 task=SSH.BIN
smp: secondary runs=11 task=worker
smp: steal runs=7 task=SSH.BIN from=1
smp: steal runs=8 task=SSH.BIN from=0
tasks worker advances=9408
smp: secondary runs=12 task=SSH.BIN
smp: secondary runs=13 task=worker
NET-TCP-RELAY: sent 184 bytes to the guest (seq 0x12345d6f)
tasks worker advances=11328
tasks worker advances=11392
tasks worker advances=11456
tasks worker advances=11520
tasks worker advances=11584
tasks worker advances=11648
tasks worker advances=11712
tasks worker advances=11776
tasks worker advances=11840
tasks worker advances=11904
tasks worker advances=11968
tasks worker advances=12032
tasks worker advances=12096
tasks worker advances=12160
tasks worker advances=12224
tasks worker advances=12288
tasks worker advances=12352
tasks worker advances=12416
tasks worker advances=12480
tasks worker advances=12544
tasks worker advances=12608
tasks worker advances=12672
tasks worker advances=12736
tasks worker advances=12800
tasks worker advances=12864
tasks worker advances=12928
tasks worker advances=12992
tasks worker advances=13056
tasks worker advances=13120
VIRELAI-INTEROP-OK
NET-TCP-RELAY: observed the guest's ACK (ack 0x12345e27)
ssh: eof
ssh: exit-status=0
ssh: bye rc=0
script2: marker "ssh: bye rc=0" seen at t=8.6s (serial log 9692 bytes) — settle 0.5s, then forward
script2: forwarded 32 bytes to the serial attachment (write took 0.000s)
net arp
net arp: entries=1
net arp: 10.0.0.2 -> 02:00:00:00:00:02
net arp: req=1,repl=0,learn=1,drop=0,fail=0
CUSTOM-VIRTIO: guest notified queue 5 (size 32)
VF-FILE: STAT HISTORY.TXT → file size=460
VF-FILE: READ HISTORY.TXT off=0 → 460 byte(s)
CUSTOM-VIRTIO: guest notified queue 5 (size 32)
VF-FILE: OPEN HISTORY.TXT → h=0 append=false create=true
VF-FILE: TRUNCATE h=0 size=0 → status 0
VF-FILE: WRITE h=0 → 468 byte(s), cursor advanced
VF-FILE: CLOSE h=0 → status 0
CUSTOM-VIRTIO: guest notified queue 5 (size 32)
CUSTOM-VIRTIO: guest notified queue 5 (size 32)
CUSTOM-VIRTIO: guest notified queue 5 (size 32)
CUSTOM-VIRTIO: guest notified queue 5 (size 32)
[32mvirelai> [0mecho interop-relay-done
interop-relay-done
CUSTOM-VIRTIO: guest notified queue 5 (size 32)
VF-FILE: STAT HISTORY.TXT → file size=468
VF-FILE: READ HISTORY.TXT off=0 → 468 byte(s)
VF-FILE: OPEN HISTORY.TXT → h=0 append=false create=true
VF-FILE: TRUNCATE h=0 size=0 → status 0
VF-FILE: WRITE h=0 → 492 byte(s), cursor advanced
VF-FILE: CLOSE h=0 → status 0
CUSTOM-VIRTIO: guest notified queue 5 (size 32)
CUSTOM-VIRTIO: guest notified queue 5 (size 32)
CUSTOM-VIRTIO: guest notified queue 5 (size 32)[32m
CUSTOM-VIRTIO: guest notified queue 5 (size 32)
CUSTOM-VIRTIO: guest notified queue 5 (size 32)
virelai> [0msmp: steal runs=9 task=SSH.BIN from=1
tasks worker advances=13184
tasks user-exec exited status=0
procs SSH.BIN exited status=0
tasks user-exec reaped
tasks worker advances=15168
tasks worker advances=15232
tasks worker advances=15296
tasks worker advances=15360
script-expect: transcript 'interop-relay-done' observed — holding the VM for the 1.5s tail window so post-marker kernel output (reap lines) reaches the serial log
tasks worker advances=15424
tasks worker advances=15488
tasks worker advances=15552
tasks worker advances=15616
tasks worker advances=15680
tasks worker advances=15744
tasks worker advances=15808
tasks worker advances=15872
tasks worker advances=15936
tasks worker advances=16000
tasks worker advances=16064
tasks worker advances=16128
tasks worker advances=16192
tasks worker advances=16256
tasks worker advances=16320
tasks worker advances=16384
tasks worker advances=16448
tasks worker advances=16512
tasks worker advances=16576
tasks worker advances=16640
tasks worker advances=16704
tasks worker advances=16768
tasks worker advances=16832
tasks worker advances=16896
tasks worker advances=16960
tasks worker advances=17024
SUCCESS: expected transcript 'interop-relay-done' observed in the serial log (claim-4912 tail window 1.5s elapsed; post-marker output captured).
CUSTOM-VIRTIO: device stopped
script2: serial input pipe drained (bytes left the host pipe — any stall is VZ delivery or guest RX)
