VirelaiOS kernel has seized control.
memory-map descriptors=0x000000000000001b descriptor_size=0x0000000000000030 version=0x0000000000000001 key=0x000000000000029b
map type=0x0000000000000007 base=0x0000000070000000 pages=0x0000000000008000 attr=0x0000000000000008
map type=0x0000000000000004 base=0x0000000078000000 pages=0x0000000000000020 attr=0x0000000000000008
map type=0x0000000000000007 base=0x0000000078020000 pages=0x000000000000594d attr=0x0000000000000008
map type=0x0000000000000002 base=0x000000007d96d000 pages=0x0000000000000007 attr=0x0000000000000008
map type=0x0000000000000001 base=0x000000007d974000 pages=0x0000000000000c1a attr=0x0000000000000008
map type=0x0000000000000003 base=0x000000007e58e000 pages=0x0000000000000072 attr=0x0000000000000008
map type=0x0000000000000000 base=0x000000007e600000 pages=0x0000000000000040 attr=0x0000000000000008
map type=0x0000000000000006 base=0x000000007e640000 pages=0x0000000000000050 attr=0x8000000000000008
map type=0x0000000000000007 base=0x000000007e690000 pages=0x00000000000008ef attr=0x0000000000000008
map type=0x0000000000000004 base=0x000000007ef7f000 pages=0x0000000000000001 attr=0x0000000000000008
map type=0x0000000000000007 base=0x000000007ef80000 pages=0x000000000000002b attr=0x0000000000000008
map type=0x0000000000000004 base=0x000000007efab000 pages=0x00000000000008e5 attr=0x0000000000000008
map type=0x0000000000000003 base=0x000000007f890000 pages=0x0000000000000200 attr=0x0000000000000008
map type=0x0000000000000005 base=0x000000007fa90000 pages=0x0000000000000090 attr=0x8000000000000008
map type=0x0000000000000007 base=0x000000007fb20000 pages=0x0000000000000030 attr=0x0000000000000008
map type=0x0000000000000006 base=0x000000007fb50000 pages=0x0000000000000020 attr=0x8000000000000008
map type=0x0000000000000007 base=0x000000007fb70000 pages=0x000000000000002f attr=0x0000000000000008
map type=0x0000000000000009 base=0x000000007fb9f000 pages=0x0000000000000001 attr=0x0000000000000008
map type=0x0000000000000007 base=0x000000007fba0000 pages=0x0000000000000019 attr=0x0000000000000008
map type=0x0000000000000004 base=0x000000007fbb9000 pages=0x0000000000000021 attr=0x0000000000000008
map type=0x0000000000000003 base=0x000000007fbda000 pages=0x0000000000000026 attr=0x0000000000000008
map type=0x0000000000000004 base=0x000000007fc00000 pages=0x00000000000003c7 attr=0x0000000000000008
map type=0x0000000000000007 base=0x000000007ffc7000 pages=0x0000000000000010 attr=0x0000000000000008
map type=0x0000000000000003 base=0x000000007ffd7000 pages=0x0000000000000020 attr=0x0000000000000008
map type=0x0000000000000004 base=0x000000007fff7000 pages=0x0000000000000009 attr=0x0000000000000008
map type=0x000000000000000b base=0x0000000001000000 pages=0x0000000000000010 attr=0x8000000000000001
map type=0x000000000000000b base=0x0000000020050000 pages=0x0000000000000001 attr=0x8000000000000001
probe base=0x0000000100010000 layout=virtio-console
 records=0x0000000000000000
interrupts: gic=v3 armed=1 dist=0x0000000010000000 redist=0x0000000010010000 active=0x0000000010010000 fallback=1 ppi=0x000000000000001e edge=0 freq=0x00000000016e3600
host share: absent
kernel terminal state
cvspike: cap @0x0000000000000040 head=0x0000000001105009 t=0x0000000000000001 bar=0x0000000000000000 off=0x0000000000000000
cvspike: cap @0x0000000000000050 head=0x0000000003106009 t=0x0000000000000003 bar=0x0000000000000000 off=0x0000000000001000
cvspike: cap @0x0000000000000060 head=0x0000000002147409 t=0x0000000000000002 bar=0x0000000000000000 off=0x0000000000004000
cvspike: probe dev=0x0000000000000008 common=0x0000000100030000 notify=0x0000000100034000 bar=0x0000000100030000 b0=0x0000000000030004 b2=0x0000000050000000 cp=0x0000000000000040 nc=0x0000000000000003
cvspike: walk console-bar va=0x0000000100010000 l3=0x0000000100010403 ok
cvspike: walk cv-bar va=0x0000000100030000 l3=0x0000000100030403 ok
cvspike: init ok
cvspike: dev=0x0000000000000008 did=0x1082 common=0x0000000100030000 notify=0x0000000100034000 qoff=0x0000000000000000 qoff1=0x0000000000000001 ready=1
cvspike: feat=0x0000000530000000 acc=0x0000000100000000 nd=0 al=0 notify=16bit
cvspike: payload="VIRELAIOS-CV0x42" len=0x0000000000000010
cvspike: q0 xchg=1 n=0x10 echo=ok
cvspike: q0 xchg=2 n=0x10 echo=ok
cvspike: q0 xchg=3 n=0x10 echo=ok
cvspike: q0 xchg=4 n=0x10 echo=ok
cvspike: q0 heads=0x0000000000000000,0x0000000000000002,0x0000000000000004,0x0000000000000006 recycle=1
cvspike: q0 big n=0x3034 echo=ok
cvspike: q0 ok=1
cvspike: q1 log="cvlog-1" ack="ACK:7" n=0x0000000000000005
cvspike: q1 log="cvlog-2" ack="ACK:7" n=0x0000000000000005
cvspike: q1 log="cvlog-3" ack="ACK:7" n=0x0000000000000005
cvspike: q1 ok=3
cvspike: q2 armed rx=1 handle=0x0000000000000000
cvspike: q2 req="CVC-PING-0x42" n=0x000000000000000d req=ok handle=ok
cvspike: q2 rsp="CVC-PING-0x42" ack="OK:13" ok=1
cvspike: q2 ok=1
cvspike: q3 armed bufs=0x0000000000000008
vf: probe 32k ok len=0x8000 cksum=0x0000 free=0020
cvspike: irq=0x00000000000000c0 first=0x0000000000000045 spi=0x0000000000000045 armed=0x0000000000000020..0x00000000000000bf
entropy: pre-rearm st=00
entropy: seeded n=64
net: pre-rearm st=0f
net: rx-armed
aslr: boot user stack=0x00000000711a0000
VirelaiOS - AArch64 firmware-assisted kernel monitor
VirelaiOS: the elephant has left the building.
motd: aarch64 el1 kernel live; scheduler, uaccess, fs, net, gfx, xhci armed.
Type 'help' before touching anything expensive.
[32mvirelai> [0m[AUDIT] task-ring+procs audit armed slots=11 procs=16
net ip 10.0.0.1
net ip: ip=10.0.0.1
[32mvirelai> [0mnet arp 10.0.0.2
net arp: request for 10.0.0.2 sent (42 bytes)
[32mvirelai> [0mexec SSH.BIN tbuddy@10.0.0.2:2222 echo VIRELAI-INTEROP-OK
exec: loaded SSH.BIN size=0x000000000000f000 entry=0x0000000000400000 stack=0x0000000067ec0000 head=0xfd7bbaa9e2031eaa data=0x000000000001c6c0 datapages=29
[32mvirelai> [0mecho ssh-relay-launched
ssh-relay-launched
[32mvirelai> [0m
syscall: write ok n=23
uaccess: efault ok n=8
ssh: target user=tbuddy host=10.0.0.2 port=2222 mode=exec
ssh: connected
ssh: kex-ok
timer irq delivered ppi=0x1e irq_ticks=1
smp: secondary runs=1 task=user-el0
smp: secondary runs=2 task=worker
smp: steal runs=1 task=user-el0 from=0
smp: steal runs=2 task=worker from=0
tasks worker advances=64
userspace: el0=1 svc=2 roundtrips=1 arg=2 result=2 rejected=0
smp: secondary runs=3 task=user-el0
smp: secondary runs=4 task=SSH.BIN
smp: steal runs=3 task=SSH.BIN from=0
smp: secondary runs=5 task=worker
tasks worker advances=3648
tasks worker advances=3712
tasks worker advances=3776
tasks worker advances=3840
tasks worker advances=3904
tasks worker advances=3968
tasks worker advances=4032
tasks worker advances=4096
tasks worker advances=4160
tasks worker advances=4224
tasks worker advances=4288
tasks worker advances=4352
tasks worker advances=4416
tasks worker advances=4480
tasks worker advances=4544
tasks worker advances=4608
tasks worker advances=4672
tasks worker advances=4736
tasks worker advances=4800
tasks worker advances=4864
tasks worker advances=4928
tasks worker advances=4992
tasks worker advances=5056
tasks worker advances=5120
tasks worker advances=5184
tasks worker advances=5248
tasks worker advances=5312
tasks worker advances=5376
tasks worker advances=5440
timer heartbeat ticks=5 irq=5 poll=0
smp: secondary runs=6 task=SSH.BIN
smp: secondary runs=7 task=worker
smp: steal runs=4 task=user-el0 from=1
smp: steal runs=5 task=SSH.BIN from=1
smp: steal runs=6 task=SSH.BIN from=0
tasks worker advances=5504
tasks user-el0 exited status=7
procs user-el0 exited status=7
tasks user-el0 reaped
tasks worker advances=7424
smp: secondary runs=8 task=SSH.BIN
ssh: pin-ok
ssh: auth-ok method=publickey
smp: secondary runs=9 task=worker
tasks worker advances=7488
tasks worker advances=7552
tasks worker advances=7616
tasks worker advances=7680
tasks worker advances=7744
tasks worker advances=7808
tasks worker advances=7872
tasks worker advances=7936
tasks worker advances=8000
tasks worker advances=8064
tasks worker advances=8128
tasks worker advances=8192
tasks worker advances=8256
tasks worker advances=8320
tasks worker advances=8384
tasks worker advances=8448
tasks worker advances=8512
tasks worker advances=8576
tasks worker advances=8640
tasks worker advances=8704
tasks worker advances=8768
tasks worker advances=8832
tasks worker advances=8896
tasks worker advances=8960
tasks worker advances=9024
tasks worker advances=9088
tasks worker advances=9152
tasks worker advances=9216
tasks worker advances=9280
tasks worker advances=9344
ssh: channel-open remote=0
smp: secondary runs=10 task=SSH.BIN
smp: secondary runs=11 task=worker
smp: steal runs=7 task=SSH.BIN from=1
smp: steal runs=8 task=SSH.BIN from=0
tasks worker advances=9408
smp: secondary runs=12 task=SSH.BIN
smp: secondary runs=13 task=worker
tasks worker advances=11328
tasks worker advances=11392
tasks worker advances=11456
tasks worker advances=11520
tasks worker advances=11584
tasks worker advances=11648
tasks worker advances=11712
tasks worker advances=11776
tasks worker advances=11840
tasks worker advances=11904
tasks worker advances=11968
tasks worker advances=12032
tasks worker advances=12096
tasks worker advances=12160
tasks worker advances=12224
tasks worker advances=12288
tasks worker advances=12352
tasks worker advances=12416
tasks worker advances=12480
tasks worker advances=12544
tasks worker advances=12608
tasks worker advances=12672
tasks worker advances=12736
tasks worker advances=12800
tasks worker advances=12864
tasks worker advances=12928
tasks worker advances=12992
tasks worker advances=13056
tasks worker advances=13120
VIRELAI-INTEROP-OK
ssh: eof
ssh: exit-status=0
ssh: bye rc=0
net arp
net arp: entries=1
net arp: 10.0.0.2 -> 02:00:00:00:00:02
net arp: req=1,repl=0,learn=1,drop=0,fail=0
[32mvirelai> [0mecho interop-relay-done
interop-relay-done
[32mvirelai> [0msmp: steal runs=9 task=SSH.BIN from=1
tasks worker advances=13184
tasks user-exec exited status=0
procs SSH.BIN exited status=0
tasks user-exec reaped
tasks worker advances=15168
tasks worker advances=15232
tasks worker advances=15296
tasks worker advances=15360
tasks worker advances=15424
tasks worker advances=15488
tasks worker advances=15552
tasks worker advances=15616
tasks worker advances=15680
tasks worker advances=15744
tasks worker advances=15808
tasks worker advances=15872
tasks worker advances=15936
tasks worker advances=16000
tasks worker advances=16064
tasks worker advances=16128
tasks worker advances=16192
tasks worker advances=16256
tasks worker advances=16320
tasks worker advances=16384
tasks worker advances=16448
tasks worker advances=16512
tasks worker advances=16576
tasks worker advances=16640
tasks worker advances=16704
tasks worker advances=16768
tasks worker advances=16832
tasks worker advances=16896
tasks worker advances=16960
tasks worker advances=17024
